<html>
<body>
<pre>
<h1>µVision Build Log</h1>
<h2>Tool Versions:</h2>
IDE-Version: µVision V5.28.0.0
Copyright (C) 2019 ARM Ltd and ARM Germany GmbH. All rights reserved.
License Information: D P, J, LIC=----
 
Tool Versions:
Toolchain:       MDK-Lite  Version: 5.28.0.0
Toolchain Path:  C:\Keil_v5\ARM\ARMCC\Bin
C Compiler:      Armcc.exe V5.06 update 6 (build 750)
Assembler:       Armasm.exe V5.06 update 6 (build 750)
Linker/Locator:  ArmLink.exe V5.06 update 6 (build 750)
Library Manager: ArmAr.exe V5.06 update 6 (build 750)
Hex Converter:   FromElf.exe V5.06 update 6 (build 750)
CPU DLL:         SARMCM3.DLL V5.28.0.0
Dialog DLL:      DCM.DLL V1.17.3.0
Target DLL:      STLink\ST-LINKIII-KEIL_SWO.dll V3.0.6.0
Dialog DLL:      TCM.DLL V1.36.2.0
 
<h2>Project:</h2>
F:\Mega drive\ponkin-prjs\STM\LVDB_controller\LVDB_controller.uvprojx
Project File Date:  12/19/2019

<h2>Output:</h2>
*** Using Compiler 'V5.06 update 6 (build 750)', folder: 'C:\Keil_v5\ARM\ARMCC\Bin'
Rebuild target 'Source'
compiling main.c...
.\User\inc\Modbus.h(42): warning:  #815-D: type qualifier on return type is meaningless
    volatile unsigned char is_reg (unsigned int reg_addr);
.\User\inc\Modbus.h(62): warning:  #815-D: type qualifier on return type is meaningless
    volatile unsigned int get_wr_reg_addr(void);
.\User\inc\Modbus.h(64): warning:  #815-D: type qualifier on return type is meaningless
  	volatile unsigned int get_wr_reg_val(void);
.\User\inc\Modbus.h(66): warning:  #815-D: type qualifier on return type is meaningless
    volatile unsigned char get_modbus_id(void);
.\User\inc\LVDB_ADC.h(207): warning:  #1-D: last line of file ends without a newline
  #endif	/* LVDB_ADC_H */
User\main.c(68): warning:  #223-D: function "LVDBxChxMeasV" declared implicitly
  	 LVDBxChxMeasV(LVDB_1, &LVDBxCHxV);
User\main.c: 6 warnings, 0 errors
compiling modbus.c...
.\User\inc\Modbus.h(42): warning:  #815-D: type qualifier on return type is meaningless
    volatile unsigned char is_reg (unsigned int reg_addr);
.\User\inc\Modbus.h(62): warning:  #815-D: type qualifier on return type is meaningless
    volatile unsigned int get_wr_reg_addr(void);
.\User\inc\Modbus.h(64): warning:  #815-D: type qualifier on return type is meaningless
  	volatile unsigned int get_wr_reg_val(void);
.\User\inc\Modbus.h(66): warning:  #815-D: type qualifier on return type is meaningless
    volatile unsigned char get_modbus_id(void);
User\src\modbus.c(229): warning:  #815-D: type qualifier on return type is meaningless
    volatile unsigned char is_reg (unsigned int reg_addr)
User\src\modbus.c(271): warning:  #111-D: statement is unreachable
  					break;
User\src\modbus.c(280): warning:  #111-D: statement is unreachable
  					break;
User\src\modbus.c(288): warning:  #111-D: statement is unreachable
  					break;
User\src\modbus.c(301): warning:  #940-D: missing return statement at end of non-void function "modbus_get_poll" 
    }
User\src\modbus.c(349): warning:  #815-D: type qualifier on return type is meaningless
    volatile unsigned int get_wr_reg_addr(void)
User\src\modbus.c(356): warning:  #815-D: type qualifier on return type is meaningless
  	volatile unsigned int get_wr_reg_val(void)
User\src\modbus.c(361): warning:  #815-D: type qualifier on return type is meaningless
    volatile unsigned char get_modbus_id(void)
User\src\modbus.c(374): warning:  #1-D: last line of file ends without a newline
  /*=========================================================================== */
User\src\modbus.c(15): warning:  #177-D: variable "answer"  was declared but never referenced
  static unsigned char answer = 0;
User\src\modbus.c: 14 warnings, 0 errors
compiling SPI.c...
User\src\SPI.c(69): warning:  #1-D: last line of file ends without a newline
  }
User\src\SPI.c: 1 warning, 0 errors
compiling Config.c...
User\src\Config.c(112): warning:  #177-D: variable "gpioBConf"  was declared but never referenced
    GPIO_InitTypeDef gpioBConf;														
User\src\Config.c: 1 warning, 0 errors
compiling UART.c...
User\src\UART.c(119): warning:  #1-D: last line of file ends without a newline
  }
User\src\UART.c: 1 warning, 0 errors
compiling misc.c...
compiling LVDB_ADC.c...
.\User\inc\LVDB_ADC.h(207): warning:  #1-D: last line of file ends without a newline
  #endif	/* LVDB_ADC_H */
User\src\LVDB_ADC.c(148): warning:  #1035-D: single-precision operand implicitly converted to double-precision
  	return (unsigned int)(((float)ADCxRdCHx(SPIx, ADCx, ch) * ADC_lsb) * 1000.0);
User\src\LVDB_ADC.c: 2 warnings, 0 errors
compiling stm32f4xx_gpio.c...
compiling stm32f4xx_spi.c...
compiling stm32f4xx_rcc.c...
assembling startup_stm32f407xx.s...
compiling system_stm32f4xx.c...
compiling stm32f4xx_usart.c...
compiling stm32f4xx_tim.c...
linking...
Program Size: Code=7712 RO-data=424 RW-data=64 ZI-data=3288  
FromELF: creating hex file...
".\Objects\LVDB_controlled.axf" - 0 Error(s), 25 Warning(s).

<h2>Software Packages used:</h2>

Package Vendor: ARM
                http://www.keil.com/pack/ARM.CMSIS.5.5.1.pack
                ARM.CMSIS.5.5.1
                CMSIS (Cortex Microcontroller Software Interface Standard)
   * Component: CORE Version: 5.2.0

Package Vendor: Keil
                http://www.keil.com/pack/Keil.STM32F4xx_DFP.2.14.0.pack
                Keil.STM32F4xx_DFP.2.14.0
                STMicroelectronics STM32F4 Series Device Support, Drivers and Examples
   * Component: Startup Version: 2.6.3

<h2>Collection of Component include folders:</h2>
  .\RTE\_Source
  C:\Users\home desktop PC\AppData\Local\Arm\Packs\ARM\CMSIS\5.5.1\CMSIS\Core\Include
  C:\Users\home desktop PC\AppData\Local\Arm\Packs\Keil\STM32F4xx_DFP\2.14.0\Drivers\CMSIS\Device\ST\STM32F4xx\Include

<h2>Collection of Component Files used:</h2>

   * Component: ARM::CMSIS:CORE:5.2.0

   * Component: Keil::Device:Startup:2.6.3
      Source file:   MDK\Device\Source\ARM\STM32F40xxx_41xxx_OPT.s
      Include file:  Drivers\CMSIS\Device\ST\STM32F4xx\Include\stm32f4xx.h
      Source file:   Drivers\CMSIS\Device\ST\STM32F4xx\Source\Templates\arm\startup_stm32f407xx.s
      Source file:   MDK\Device\Source\ARM\STM32F4xx_OTP.s
      Source file:   Drivers\CMSIS\Device\ST\STM32F4xx\Source\Templates\system_stm32f4xx.c
Build Time Elapsed:  00:00:02
</pre>
</body>
</html>
