<html>
<body>
<pre>
<h1>µVision Build Log</h1>
<h2>Tool Versions:</h2>
IDE-Version: µVision V5.31.0.0
Copyright (C) 2020 ARM Ltd and ARM Germany GmbH. All rights reserved.
License Information: Leonid Vladimirov, Milandr, LIC=----
 
Tool Versions:
Toolchain:       MDK-Lite  Version: 5.31.0.0
Toolchain Path:  C:\Keil\ARM\ARMCC\Bin
C Compiler:      Armcc.exe V5.06 update 6 (build 750)
Assembler:       Armasm.exe V5.06 update 6 (build 750)
Linker/Locator:  ArmLink.exe V5.06 update 6 (build 750)
Library Manager: ArmAr.exe V5.06 update 6 (build 750)
Hex Converter:   FromElf.exe V5.06 update 6 (build 750)
CPU DLL:         SARMCM3.DLL V5.31.0.0
Dialog DLL:      DCM.DLL V1.17.3.0
Target DLL:      STLink\ST-LINKIII-KEIL_SWO.dll V3.0.7.0
Dialog DLL:      TCM.DLL V1.46.0.0
 
<h2>Project:</h2>
C:\[Course] BMP\Demo_Projects\Demo_Project_10-3\_Project\Project.uvprojx
Project File Date:  07/08/2020

<h2>Output:</h2>
*** Using Compiler 'V5.06 update 6 (build 750)', folder: 'C:\Keil\ARM\ARMCC\Bin'
Rebuild target '1986VE92'
compiling led.c...
compiling main.c...
compiling rtos.c...
assembling startup_1986VE9x.s...
compiling freertos_evr.c...
compiling clk.c...
compiling btn.c...
compiling list.c...
compiling heap_4.c...
compiling port.c...
compiling queue.c...
compiling tasks.c...
compiling timers.c...
linking...
Program Size: Code=12580 RO-data=224 RW-data=156 ZI-data=5948  
FromELF: creating hex file...
".\Objects\1986VE92.axf" - 0 Error(s), 0 Warning(s).

<h2>Software Packages used:</h2>

Package Vendor: ARM
                http://www.keil.com/pack/ARM.CMSIS-FreeRTOS.10.3.1.pack
                ARM.CMSIS-FreeRTOS.10.3.1
                Bundle of FreeRTOS for Cortex-M and Cortex-A
   * Component: Config Variant: FreeRTOS Version: 10.3.1
   * Component: Core Variant: Cortex-M Version: 10.3.1
   * Component: Heap Variant: Heap_4 Version: 10.3.1
   * Component: Timers Version: 10.3.1

Package Vendor: Keil
                http://www.keil.com/pack/Keil.Milandr_1986VE9x.1.0.pack
                Keil.Milandr_1986VE9x.1.0
                Milandr 1986VE9x Device Series Support
   * Component: Startup Version: 1.0

<h2>Collection of Component include folders:</h2>
  .\RTE\RTOS
  .\RTE\_1986VE92
  C:\Keil\ARM\PACK\.Custom\ARM\CMSIS-FreeRTOS\10.3.1\CMSIS\RTOS2\FreeRTOS\Include
  C:\Keil\ARM\PACK\.Custom\ARM\CMSIS-FreeRTOS\10.3.1\Source\include
  C:\Keil\ARM\PACK\.Custom\ARM\CMSIS-FreeRTOS\10.3.1\Source\portable\RVDS\ARM_CM3
  C:\Keil\ARM\PACK\.Custom\Keil\Milandr_1986VE9x\1.0\Core
  C:\Keil\ARM\PACK\.Custom\Keil\Milandr_1986VE9x\1.0\Header

<h2>Collection of Component Files used:</h2>

   * Component: ARM.FreeRTOS::RTOS:Config:FreeRTOS:10.3.1
      Include file:  Config\ARMCM\FreeRTOSConfig.h

   * Component: ARM.FreeRTOS::RTOS:Core:Cortex-M:10.3.1
      Include file:  Source\include\queue.h
      Include file:  Source\include\FreeRTOS.h
      Source file:   Source\portable\RVDS\ARM_CM3\port.c
      Include file:  Source\include\task.h
      Source file:   Source\queue.c
      Include file:  Source\include\semphr.h
      Source file:   Source\list.c
      Source file:   Source\tasks.c
      Source file:   CMSIS\RTOS2\FreeRTOS\Source\freertos_evr.c

   * Component: ARM.FreeRTOS::RTOS:Heap:Heap_4:10.3.1
      Source file:   Source\portable\MemMang\heap_4.c

   * Component: ARM.FreeRTOS::RTOS:Timers:10.3.1
      Include file:  Source\include\timers.h
      Source file:   Source\timers.c

   * Component: Keil::Device:Startup:1.0
      Include file:  Core\core_cm3.h
      Source file:   Startup\startup_1986VE9x.s
Build Time Elapsed:  00:00:02
</pre>
</body>
</html>
