EN fx_conv NULL D:/work/Projects/FPGA_prj/test/50MHz_to_40MHz/freq_conv/ipcore_dir/fx_conv.vhd sub00/vhpl00 1385226205
AR fx_conv behavioral D:/work/Projects/FPGA_prj/test/50MHz_to_40MHz/freq_conv/ipcore_dir/fx_conv.vhd sub00/vhpl01 1385226206
AR freq_conv_main beh D:/work/Projects/FPGA_prj/test/50MHz_to_40MHz/freq_conv/Freq_conv_MAIN.vhd sub00/vhpl03 1385226208
EN freq_conv_main NULL D:/work/Projects/FPGA_prj/test/50MHz_to_40MHz/freq_conv/Freq_conv_MAIN.vhd sub00/vhpl02 1385226207
