Component: ARM Compiler 5.06 update 6 (build 750) Tool: armlink [4d35ed]

==============================================================================

Section Cross References

    main.o(i.main) refers to milkites_delay.o(i.delay_init) for delay_init
    main.o(i.main) refers to milkites_adc.o(i.MCU_ADC_init) for MCU_ADC_init
    main.o(i.main) refers to milkites_i2c.o(i.I2C_Init) for I2C_Init
    main.o(i.main) refers to tlv493d.o(i.TLV493D_init) for TLV493D_init
    main.o(i.main) refers to pwm_step_motor.o(i.PORTB_Init) for PORTB_Init
    main.o(i.main) refers to milkites_display.o(i.LCD_init) for LCD_init
    main.o(i.main) refers to milkites_display.o(i.LCD_clear) for LCD_clear
    main.o(i.main) refers to main.o(i.Timer3_init) for Timer3_init
    main.o(i.main) refers to main.o(i.Timer3_start) for Timer3_start
    main.o(i.main) refers to pwm_step_motor.o(i.STEP_DISABLE) for STEP_DISABLE
    main.o(i.main) refers to pwm_step_motor.o(i.STEPPER_SPEED) for STEPPER_SPEED
    main.o(i.main) refers to pwm_step_motor.o(i.DIR_RIGHT) for DIR_RIGHT
    main.o(i.main) refers to tlv493d.o(i.TLV493D_reset) for TLV493D_reset
    main.o(i.main) refers to tlv493d.o(i.read_all_TLV493D) for read_all_TLV493D
    main.o(i.main) refers to milkites_adc.o(i.MCU_ADC_set_ch) for MCU_ADC_set_ch
    main.o(i.main) refers to milkites_adc.o(i.MCU_ADC_read) for MCU_ADC_read
    main.o(i.main) refers to milkites_display.o(i.LCD_set_cursor) for LCD_set_cursor
    main.o(i.main) refers to milkites_display.o(i.LCD_print_text) for LCD_print_text
    main.o(i.main) refers to milkites_display.o(i.LCD_print_num) for LCD_print_num
    main.o(i.main) refers to fflt_clz.o(x$fpl$ffltu) for __aeabi_ui2f
    main.o(i.main) refers to f2d.o(x$fpl$f2d) for __aeabi_f2d
    main.o(i.main) refers to dmul.o(x$fpl$dmul) for __aeabi_dmul
    main.o(i.main) refers to ddiv.o(x$fpl$ddiv) for __aeabi_ddiv
    main.o(i.main) refers to dfix.o(x$fpl$dfix) for __aeabi_d2iz
    main.o(i.main) refers to daddsub_clz.o(x$fpl$dsub) for __aeabi_dsub
    milkites_delay.o(i.delay_ms) refers to milkites_delay.o(i.SysTickTimer_set) for SysTickTimer_set
    milkites_display.o(i.LCD_clear) refers to milkites_display.o(i.LCD_page_set) for LCD_page_set
    milkites_display.o(i.LCD_clear) refers to milkites_display.o(i.LCD_column_set) for LCD_column_set
    milkites_display.o(i.LCD_clear) refers to milkites_display.o(i.LCD_wr_byte) for LCD_wr_byte
    milkites_display.o(i.LCD_column_set) refers to milkites_spi.o(i.SPI1_Wr_Data) for SPI1_Wr_Data
    milkites_display.o(i.LCD_init) refers to milkites_spi.o(i.MDR32_SSP1_init) for MDR32_SSP1_init
    milkites_display.o(i.LCD_init) refers to milkites_delay.o(i.delay_ms) for delay_ms
    milkites_display.o(i.LCD_init) refers to milkites_spi.o(i.SPI1_Wr_Data) for SPI1_Wr_Data
    milkites_display.o(i.LCD_init) refers to milkites_display.o(.data) for INIT_LCD_TABLE
    milkites_display.o(i.LCD_inverse) refers to milkites_spi.o(i.SPI1_Wr_Data) for SPI1_Wr_Data
    milkites_display.o(i.LCD_page_set) refers to milkites_spi.o(i.SPI1_Wr_Data) for SPI1_Wr_Data
    milkites_display.o(i.LCD_print_num) refers to milkites_display.o(i.LCD_wr_char) for LCD_wr_char
    milkites_display.o(i.LCD_print_num) refers to milkites_display.o(i.LCD_wr_byte) for LCD_wr_byte
    milkites_display.o(i.LCD_print_text) refers to milkites_display.o(i.LCD_wr_char) for LCD_wr_char
    milkites_display.o(i.LCD_print_text) refers to milkites_display.o(i.LCD_wr_byte) for LCD_wr_byte
    milkites_display.o(i.LCD_print_uni_logo) refers to rt_memcpy_w.o(.text) for __aeabi_memcpy4
    milkites_display.o(i.LCD_print_uni_logo) refers to milkites_display.o(i.LCD_page_set) for LCD_page_set
    milkites_display.o(i.LCD_print_uni_logo) refers to milkites_display.o(i.LCD_column_set) for LCD_column_set
    milkites_display.o(i.LCD_print_uni_logo) refers to milkites_display.o(i.LCD_wr_byte) for LCD_wr_byte
    milkites_display.o(i.LCD_print_uni_logo) refers to milkites_display.o(.constdata) for .constdata
    milkites_display.o(i.LCD_set_cursor) refers to milkites_display.o(i.LCD_page_set) for LCD_page_set
    milkites_display.o(i.LCD_set_cursor) refers to milkites_display.o(i.LCD_column_set) for LCD_column_set
    milkites_display.o(i.LCD_wr_byte) refers to milkites_spi.o(i.SPI1_Wr_Data) for SPI1_Wr_Data
    milkites_display.o(i.LCD_wr_char) refers to milkites_display.o(i.LCD_wr_byte) for LCD_wr_byte
    milkites_display.o(i.LCD_wr_char) refers to milkites_display.o(.constdata) for LCD_5x7_font
    milkites_display.o(i.LCD_wr_cmd) refers to milkites_spi.o(i.SPI1_Wr_Data) for SPI1_Wr_Data
    milkites_display.o(i.Milkites_welcome) refers to milkites_display.o(i.LCD_clear) for LCD_clear
    milkites_display.o(i.Milkites_welcome) refers to milkites_display.o(i.LCD_print_uni_logo) for LCD_print_uni_logo
    milkites_display.o(i.Milkites_welcome) refers to milkites_delay.o(i.delay_ms) for delay_ms
    milkites_display.o(i.Milkites_welcome) refers to milkites_display.o(i.LCD_set_cursor) for LCD_set_cursor
    milkites_display.o(i.Milkites_welcome) refers to milkites_display.o(i.LCD_print_text) for LCD_print_text
    milkites_adc.o(i.MCU_ADC_read) refers to milkites_adc.o(i.MCU_ADC_start_conv) for MCU_ADC_start_conv
    milkites_adc.o(i.MCU_ADC_set_ch) refers to milkites_adc.o(i.MCU_ADC_init) for MCU_ADC_init
    tlv493d.o(i.TLV493D_calc_field) refers to dflt_clz.o(x$fpl$dflt) for __aeabi_i2d
    tlv493d.o(i.TLV493D_calc_field) refers to dmul.o(x$fpl$dmul) for __aeabi_dmul
    tlv493d.o(i.TLV493D_calc_field) refers to d2f.o(x$fpl$d2f) for __aeabi_d2f
    tlv493d.o(i.TLV493D_calc_field) refers to fmul.o(x$fpl$fmul) for __aeabi_fmul
    tlv493d.o(i.TLV493D_init) refers to milkites_i2c.o(i.I2C_Start) for I2C_Start
    tlv493d.o(i.TLV493D_init) refers to milkites_i2c.o(i.I2C_Send_Addr) for I2C_Send_Addr
    tlv493d.o(i.TLV493D_init) refers to milkites_i2c.o(i.I2C_GetData) for I2C_GetData
    tlv493d.o(i.TLV493D_init) refers to milkites_i2c.o(i.I2C_NACK) for I2C_NACK
    tlv493d.o(i.TLV493D_init) refers to milkites_i2c.o(i.I2C_Stop) for I2C_Stop
    tlv493d.o(i.TLV493D_init) refers to milkites_i2c.o(i.I2C_Send_Byte) for I2C_Send_Byte
    tlv493d.o(i.TLV493D_reset) refers to milkites_i2c.o(i.I2C_Start) for I2C_Start
    tlv493d.o(i.TLV493D_reset) refers to milkites_i2c.o(i.I2C_Send_Byte) for I2C_Send_Byte
    tlv493d.o(i.TLV493D_reset) refers to milkites_i2c.o(i.I2C_Stop) for I2C_Stop
    tlv493d.o(i.read_all_TLV493D) refers to milkites_i2c.o(i.I2C_Start) for I2C_Start
    tlv493d.o(i.read_all_TLV493D) refers to milkites_i2c.o(i.I2C_Send_Addr) for I2C_Send_Addr
    tlv493d.o(i.read_all_TLV493D) refers to milkites_i2c.o(i.I2C_GetData) for I2C_GetData
    tlv493d.o(i.read_all_TLV493D) refers to milkites_i2c.o(i.I2C_NACK) for I2C_NACK
    tlv493d.o(i.read_all_TLV493D) refers to milkites_i2c.o(i.I2C_Stop) for I2C_Stop
    tlv493d.o(i.read_all_TLV493D) refers to tlv493d.o(i.TLV493D_calc_field) for TLV493D_calc_field
    tlv493d.o(i.read_all_TLV493D) refers to fmul.o(x$fpl$fmul) for __aeabi_fmul
    tlv493d.o(i.read_all_TLV493D) refers to ffix.o(x$fpl$ffix) for __aeabi_f2iz
    tlv493d.o(i.read_all_TLV493D) refers to fflt_clz.o(x$fpl$fflt) for __aeabi_i2f
    tlv493d.o(i.read_all_TLV493D) refers to fleqf.o(x$fpl$fleqf) for __aeabi_cfcmple
    tlv493d.o(i.read_all_TLV493D) refers to milkites_display.o(i.LCD_set_cursor) for LCD_set_cursor
    tlv493d.o(i.read_all_TLV493D) refers to milkites_display.o(i.LCD_column_set) for LCD_column_set
    tlv493d.o(i.read_all_TLV493D) refers to milkites_display.o(i.LCD_print_num) for LCD_print_num
    tlv493d.o(i.read_all_TLV493D) refers to milkites_display.o(i.LCD_print_text) for LCD_print_text
    tlv493d.o(i.read_all_TLV493D) refers to milkites_display.o(i.LCD_wr_char) for LCD_wr_char
    pwm_step_motor.o(i.PORTB_Init) refers to mdr32f9qx_port.o(i.PORT_StructInit) for PORT_StructInit
    pwm_step_motor.o(i.PORTB_Init) refers to mdr32f9qx_port.o(i.PORT_Init) for PORT_Init
    startup_mdr32f9qx.o(STACK) refers (Special) to heapauxi.o(.text) for __use_two_region_memory
    startup_mdr32f9qx.o(HEAP) refers (Special) to heapauxi.o(.text) for __use_two_region_memory
    startup_mdr32f9qx.o(RESET) refers (Special) to heapauxi.o(.text) for __use_two_region_memory
    startup_mdr32f9qx.o(RESET) refers to startup_mdr32f9qx.o(STACK) for __initial_sp
    startup_mdr32f9qx.o(RESET) refers to startup_mdr32f9qx.o(.text) for Reset_Handler
    startup_mdr32f9qx.o(.text) refers (Special) to heapauxi.o(.text) for __use_two_region_memory
    startup_mdr32f9qx.o(.text) refers to system_mdr32f9qx.o(i.SystemInit) for SystemInit
    startup_mdr32f9qx.o(.text) refers to __main.o(!!!main) for __main
    startup_mdr32f9qx.o(.text) refers to startup_mdr32f9qx.o(HEAP) for Heap_Mem
    startup_mdr32f9qx.o(.text) refers to startup_mdr32f9qx.o(STACK) for Stack_Mem
    system_mdr32f9qx.o(i.SystemCoreClockUpdate) refers to system_mdr32f9qx.o(.data) for SystemCoreClock
    system_mdr32f9qx.o(i.SystemInit) refers to system_mdr32f9qx.o(i.SystemCoreClockUpdate) for SystemCoreClockUpdate
    __main.o(!!!main) refers to __rtentry.o(.ARM.Collect$$rtentry$$00000000) for __rt_entry
    d2f.o(x$fpl$d2f) refers (Special) to usenofp.o(x$fpl$usenofp) for __I$use$fp
    d2f.o(x$fpl$d2f) refers to fretinf.o(x$fpl$fretinf) for __fpl_fretinf
    d2f.o(x$fpl$d2f) refers to dnaninf.o(x$fpl$dnaninf) for __fpl_dnaninf
    daddsub_clz.o(x$fpl$dadd) refers (Special) to usenofp.o(x$fpl$usenofp) for __I$use$fp
    daddsub_clz.o(x$fpl$dadd) refers to daddsub_clz.o(x$fpl$dsub) for _dsub1
    daddsub_clz.o(x$fpl$dadd) refers to dretinf.o(x$fpl$dretinf) for __fpl_dretinf
    daddsub_clz.o(x$fpl$dadd) refers to dnaninf.o(x$fpl$dnaninf) for __fpl_dnaninf
    daddsub_clz.o(x$fpl$drsb) refers (Special) to usenofp.o(x$fpl$usenofp) for __I$use$fp
    daddsub_clz.o(x$fpl$drsb) refers to daddsub_clz.o(x$fpl$dadd) for _dadd1
    daddsub_clz.o(x$fpl$drsb) refers to daddsub_clz.o(x$fpl$dsub) for _dsub1
    daddsub_clz.o(x$fpl$dsub) refers (Special) to usenofp.o(x$fpl$usenofp) for __I$use$fp
    daddsub_clz.o(x$fpl$dsub) refers to daddsub_clz.o(x$fpl$dadd) for _dadd1
    daddsub_clz.o(x$fpl$dsub) refers to dnaninf.o(x$fpl$dnaninf) for __fpl_dnaninf
    ddiv.o(x$fpl$drdiv) refers (Special) to usenofp.o(x$fpl$usenofp) for __I$use$fp
    ddiv.o(x$fpl$drdiv) refers to ddiv.o(x$fpl$ddiv) for ddiv_entry
    ddiv.o(x$fpl$ddiv) refers (Special) to usenofp.o(x$fpl$usenofp) for __I$use$fp
    ddiv.o(x$fpl$ddiv) refers to dretinf.o(x$fpl$dretinf) for __fpl_dretinf
    ddiv.o(x$fpl$ddiv) refers to dnaninf.o(x$fpl$dnaninf) for __fpl_dnaninf
    dfix.o(x$fpl$dfix) refers (Special) to usenofp.o(x$fpl$usenofp) for __I$use$fp
    dfix.o(x$fpl$dfix) refers to dnaninf.o(x$fpl$dnaninf) for __fpl_dnaninf
    dfix.o(x$fpl$dfixr) refers (Special) to usenofp.o(x$fpl$usenofp) for __I$use$fp
    dfix.o(x$fpl$dfixr) refers to dnaninf.o(x$fpl$dnaninf) for __fpl_dnaninf
    dflt_clz.o(x$fpl$dfltu) refers (Special) to usenofp.o(x$fpl$usenofp) for __I$use$fp
    dflt_clz.o(x$fpl$dflt) refers (Special) to usenofp.o(x$fpl$usenofp) for __I$use$fp
    dflt_clz.o(x$fpl$dfltn) refers (Special) to usenofp.o(x$fpl$usenofp) for __I$use$fp
    dmul.o(x$fpl$dmul) refers (Special) to usenofp.o(x$fpl$usenofp) for __I$use$fp
    dmul.o(x$fpl$dmul) refers to dretinf.o(x$fpl$dretinf) for __fpl_dretinf
    dmul.o(x$fpl$dmul) refers to dnaninf.o(x$fpl$dnaninf) for __fpl_dnaninf
    f2d.o(x$fpl$f2d) refers (Special) to usenofp.o(x$fpl$usenofp) for __I$use$fp
    f2d.o(x$fpl$f2d) refers to fnaninf.o(x$fpl$fnaninf) for __fpl_fnaninf
    f2d.o(x$fpl$f2d) refers to dretinf.o(x$fpl$dretinf) for __fpl_dretinf
    ffix.o(x$fpl$ffix) refers (Special) to usenofp.o(x$fpl$usenofp) for __I$use$fp
    ffix.o(x$fpl$ffix) refers to fnaninf.o(x$fpl$fnaninf) for __fpl_fnaninf
    ffix.o(x$fpl$ffixr) refers (Special) to usenofp.o(x$fpl$usenofp) for __I$use$fp
    ffix.o(x$fpl$ffixr) refers to fnaninf.o(x$fpl$fnaninf) for __fpl_fnaninf
    fflt_clz.o(x$fpl$ffltu) refers (Special) to usenofp.o(x$fpl$usenofp) for __I$use$fp
    fflt_clz.o(x$fpl$fflt) refers (Special) to usenofp.o(x$fpl$usenofp) for __I$use$fp
    fflt_clz.o(x$fpl$ffltn) refers (Special) to usenofp.o(x$fpl$usenofp) for __I$use$fp
    fleqf.o(x$fpl$fleqf) refers (Special) to usenofp.o(x$fpl$usenofp) for __I$use$fp
    fleqf.o(x$fpl$fleqf) refers to fnaninf.o(x$fpl$fnaninf) for __fpl_fnaninf
    fleqf.o(x$fpl$fleqf) refers to fcmpi.o(x$fpl$fcmpinf) for __fpl_fcmp_Inf
    fmul.o(x$fpl$fmul) refers (Special) to usenofp.o(x$fpl$usenofp) for __I$use$fp
    fmul.o(x$fpl$fmul) refers to fretinf.o(x$fpl$fretinf) for __fpl_fretinf
    fmul.o(x$fpl$fmul) refers to fnaninf.o(x$fpl$fnaninf) for __fpl_fnaninf
    __rtentry.o(.ARM.Collect$$rtentry$$00000000) refers (Special) to __rtentry2.o(.ARM.Collect$$rtentry$$0000000A) for __rt_entry_li
    __rtentry.o(.ARM.Collect$$rtentry$$00000000) refers (Special) to __rtentry2.o(.ARM.Collect$$rtentry$$0000000D) for __rt_entry_main
    __rtentry.o(.ARM.Collect$$rtentry$$00000000) refers (Special) to __rtentry2.o(.ARM.Collect$$rtentry$$0000000C) for __rt_entry_postli_1
    __rtentry.o(.ARM.Collect$$rtentry$$00000000) refers (Special) to __rtentry2.o(.ARM.Collect$$rtentry$$00000009) for __rt_entry_postsh_1
    __rtentry.o(.ARM.Collect$$rtentry$$00000000) refers (Special) to __rtentry2.o(.ARM.Collect$$rtentry$$00000002) for __rt_entry_presh_1
    __rtentry.o(.ARM.Collect$$rtentry$$00000000) refers (Special) to __rtentry4.o(.ARM.Collect$$rtentry$$00000004) for __rt_entry_sh
    dnaninf.o(x$fpl$dnaninf) refers (Special) to usenofp.o(x$fpl$usenofp) for __I$use$fp
    dretinf.o(x$fpl$dretinf) refers (Special) to usenofp.o(x$fpl$usenofp) for __I$use$fp
    fcmpi.o(x$fpl$fcmpinf) refers (Special) to usenofp.o(x$fpl$usenofp) for __I$use$fp
    fnaninf.o(x$fpl$fnaninf) refers (Special) to usenofp.o(x$fpl$usenofp) for __I$use$fp
    fretinf.o(x$fpl$fretinf) refers (Special) to usenofp.o(x$fpl$usenofp) for __I$use$fp
    __rtentry2.o(.ARM.Collect$$rtentry$$00000008) refers to boardinit2.o(.text) for _platform_post_stackheap_init
    __rtentry2.o(.ARM.Collect$$rtentry$$0000000A) refers to libinit.o(.ARM.Collect$$libinit$$00000000) for __rt_lib_init
    __rtentry2.o(.ARM.Collect$$rtentry$$0000000B) refers to boardinit3.o(.text) for _platform_post_lib_init
    __rtentry2.o(.ARM.Collect$$rtentry$$0000000D) refers to main.o(i.main) for main
    __rtentry2.o(.ARM.Collect$$rtentry$$0000000D) refers to exit.o(.text) for exit
    __rtentry2.o(.ARM.exidx) refers to __rtentry2.o(.ARM.Collect$$rtentry$$00000001) for .ARM.Collect$$rtentry$$00000001
    __rtentry2.o(.ARM.exidx) refers to __rtentry2.o(.ARM.Collect$$rtentry$$00000008) for .ARM.Collect$$rtentry$$00000008
    __rtentry2.o(.ARM.exidx) refers to __rtentry2.o(.ARM.Collect$$rtentry$$0000000A) for .ARM.Collect$$rtentry$$0000000A
    __rtentry2.o(.ARM.exidx) refers to __rtentry2.o(.ARM.Collect$$rtentry$$0000000B) for .ARM.Collect$$rtentry$$0000000B
    __rtentry2.o(.ARM.exidx) refers to __rtentry2.o(.ARM.Collect$$rtentry$$0000000D) for .ARM.Collect$$rtentry$$0000000D
    __rtentry4.o(.ARM.Collect$$rtentry$$00000004) refers to sys_stackheap_outer.o(.text) for __user_setup_stackheap
    __rtentry4.o(.ARM.exidx) refers to __rtentry4.o(.ARM.Collect$$rtentry$$00000004) for .ARM.Collect$$rtentry$$00000004
    sys_stackheap_outer.o(.text) refers to libspace.o(.text) for __user_perproc_libspace
    sys_stackheap_outer.o(.text) refers to startup_mdr32f9qx.o(.text) for __user_initial_stackheap
    exit.o(.text) refers to rtexit.o(.ARM.Collect$$rtexit$$00000000) for __rt_exit
    libinit.o(.ARM.Collect$$libinit$$00000000) refers (Special) to libinit2.o(.ARM.Collect$$libinit$$0000002E) for __rt_lib_init_alloca_1
    libinit.o(.ARM.Collect$$libinit$$00000000) refers (Special) to libinit2.o(.ARM.Collect$$libinit$$0000002C) for __rt_lib_init_argv_1
    libinit.o(.ARM.Collect$$libinit$$00000000) refers (Special) to libinit2.o(.ARM.Collect$$libinit$$0000001B) for __rt_lib_init_atexit_1
    libinit.o(.ARM.Collect$$libinit$$00000000) refers (Special) to libinit2.o(.ARM.Collect$$libinit$$00000021) for __rt_lib_init_clock_1
    libinit.o(.ARM.Collect$$libinit$$00000000) refers (Special) to libinit2.o(.ARM.Collect$$libinit$$00000032) for __rt_lib_init_cpp_1
    libinit.o(.ARM.Collect$$libinit$$00000000) refers (Special) to libinit2.o(.ARM.Collect$$libinit$$00000030) for __rt_lib_init_exceptions_1
    libinit.o(.ARM.Collect$$libinit$$00000000) refers (Special) to libinit2.o(.ARM.Collect$$libinit$$00000002) for __rt_lib_init_fp_1
    libinit.o(.ARM.Collect$$libinit$$00000000) refers (Special) to libinit2.o(.ARM.Collect$$libinit$$0000001F) for __rt_lib_init_fp_trap_1
    libinit.o(.ARM.Collect$$libinit$$00000000) refers (Special) to libinit2.o(.ARM.Collect$$libinit$$00000023) for __rt_lib_init_getenv_1
    libinit.o(.ARM.Collect$$libinit$$00000000) refers (Special) to libinit2.o(.ARM.Collect$$libinit$$0000000A) for __rt_lib_init_heap_1
    libinit.o(.ARM.Collect$$libinit$$00000000) refers (Special) to libinit2.o(.ARM.Collect$$libinit$$00000011) for __rt_lib_init_lc_collate_1
    libinit.o(.ARM.Collect$$libinit$$00000000) refers (Special) to libinit2.o(.ARM.Collect$$libinit$$00000013) for __rt_lib_init_lc_ctype_1
    libinit.o(.ARM.Collect$$libinit$$00000000) refers (Special) to libinit2.o(.ARM.Collect$$libinit$$00000015) for __rt_lib_init_lc_monetary_1
    libinit.o(.ARM.Collect$$libinit$$00000000) refers (Special) to libinit2.o(.ARM.Collect$$libinit$$00000017) for __rt_lib_init_lc_numeric_1
    libinit.o(.ARM.Collect$$libinit$$00000000) refers (Special) to libinit2.o(.ARM.Collect$$libinit$$00000019) for __rt_lib_init_lc_time_1
    libinit.o(.ARM.Collect$$libinit$$00000000) refers (Special) to libinit2.o(.ARM.Collect$$libinit$$00000004) for __rt_lib_init_preinit_1
    libinit.o(.ARM.Collect$$libinit$$00000000) refers (Special) to libinit2.o(.ARM.Collect$$libinit$$0000000E) for __rt_lib_init_rand_1
    libinit.o(.ARM.Collect$$libinit$$00000000) refers (Special) to libinit2.o(.ARM.Collect$$libinit$$00000033) for __rt_lib_init_return
    libinit.o(.ARM.Collect$$libinit$$00000000) refers (Special) to libinit2.o(.ARM.Collect$$libinit$$0000001D) for __rt_lib_init_signal_1
    libinit.o(.ARM.Collect$$libinit$$00000000) refers (Special) to libinit2.o(.ARM.Collect$$libinit$$00000025) for __rt_lib_init_stdio_1
    libinit.o(.ARM.Collect$$libinit$$00000000) refers (Special) to libinit2.o(.ARM.Collect$$libinit$$0000000C) for __rt_lib_init_user_alloc_1
    libspace.o(.text) refers to libspace.o(.bss) for __libspace_start
    rtexit.o(.ARM.Collect$$rtexit$$00000000) refers (Special) to rtexit2.o(.ARM.Collect$$rtexit$$00000004) for __rt_exit_exit
    rtexit.o(.ARM.Collect$$rtexit$$00000000) refers (Special) to rtexit2.o(.ARM.Collect$$rtexit$$00000003) for __rt_exit_ls
    rtexit.o(.ARM.Collect$$rtexit$$00000000) refers (Special) to rtexit2.o(.ARM.Collect$$rtexit$$00000002) for __rt_exit_prels_1
    rtexit.o(.ARM.exidx) refers (Special) to rtexit2.o(.ARM.Collect$$rtexit$$00000004) for __rt_exit_exit
    rtexit.o(.ARM.exidx) refers (Special) to rtexit2.o(.ARM.Collect$$rtexit$$00000003) for __rt_exit_ls
    rtexit.o(.ARM.exidx) refers (Special) to rtexit2.o(.ARM.Collect$$rtexit$$00000002) for __rt_exit_prels_1
    rtexit.o(.ARM.exidx) refers to rtexit.o(.ARM.Collect$$rtexit$$00000000) for .ARM.Collect$$rtexit$$00000000
    libinit2.o(.ARM.Collect$$libinit$$00000010) refers to libinit2.o(.ARM.Collect$$libinit$$0000000F) for .ARM.Collect$$libinit$$0000000F
    libinit2.o(.ARM.Collect$$libinit$$00000012) refers to libinit2.o(.ARM.Collect$$libinit$$0000000F) for .ARM.Collect$$libinit$$0000000F
    libinit2.o(.ARM.Collect$$libinit$$00000014) refers to libinit2.o(.ARM.Collect$$libinit$$0000000F) for .ARM.Collect$$libinit$$0000000F
    libinit2.o(.ARM.Collect$$libinit$$00000016) refers to libinit2.o(.ARM.Collect$$libinit$$0000000F) for .ARM.Collect$$libinit$$0000000F
    libinit2.o(.ARM.Collect$$libinit$$00000018) refers to libinit2.o(.ARM.Collect$$libinit$$0000000F) for .ARM.Collect$$libinit$$0000000F
    libinit2.o(.ARM.Collect$$libinit$$00000026) refers to argv_veneer.o(.emb_text) for __ARM_argv_veneer
    libinit2.o(.ARM.Collect$$libinit$$00000027) refers to argv_veneer.o(.emb_text) for __ARM_argv_veneer
    rtexit2.o(.ARM.Collect$$rtexit$$00000003) refers to libshutdown.o(.ARM.Collect$$libshutdown$$00000000) for __rt_lib_shutdown
    rtexit2.o(.ARM.Collect$$rtexit$$00000004) refers to sys_exit.o(.text) for _sys_exit
    rtexit2.o(.ARM.exidx) refers to rtexit2.o(.ARM.Collect$$rtexit$$00000001) for .ARM.Collect$$rtexit$$00000001
    rtexit2.o(.ARM.exidx) refers to rtexit2.o(.ARM.Collect$$rtexit$$00000003) for .ARM.Collect$$rtexit$$00000003
    rtexit2.o(.ARM.exidx) refers to rtexit2.o(.ARM.Collect$$rtexit$$00000004) for .ARM.Collect$$rtexit$$00000004
    argv_veneer.o(.emb_text) refers to no_argv.o(.text) for __ARM_get_argv
    sys_exit.o(.text) refers (Special) to use_no_semi.o(.text) for __I$use$semihosting
    sys_exit.o(.text) refers (Special) to indicate_semi.o(.text) for __semihosting_library_function
    _get_argv_nomalloc.o(.text) refers (Special) to hrguard.o(.text) for __heap_region$guard
    _get_argv_nomalloc.o(.text) refers to defsig_rtmem_outer.o(.text) for __rt_SIGRTMEM
    _get_argv_nomalloc.o(.text) refers to sys_command.o(.text) for _sys_command_string
    libshutdown.o(.ARM.Collect$$libshutdown$$00000000) refers (Special) to libshutdown2.o(.ARM.Collect$$libshutdown$$00000002) for __rt_lib_shutdown_cpp_1
    libshutdown.o(.ARM.Collect$$libshutdown$$00000000) refers (Special) to libshutdown2.o(.ARM.Collect$$libshutdown$$00000007) for __rt_lib_shutdown_fp_trap_1
    libshutdown.o(.ARM.Collect$$libshutdown$$00000000) refers (Special) to libshutdown2.o(.ARM.Collect$$libshutdown$$0000000F) for __rt_lib_shutdown_heap_1
    libshutdown.o(.ARM.Collect$$libshutdown$$00000000) refers (Special) to libshutdown2.o(.ARM.Collect$$libshutdown$$00000010) for __rt_lib_shutdown_return
    libshutdown.o(.ARM.Collect$$libshutdown$$00000000) refers (Special) to libshutdown2.o(.ARM.Collect$$libshutdown$$0000000A) for __rt_lib_shutdown_signal_1
    libshutdown.o(.ARM.Collect$$libshutdown$$00000000) refers (Special) to libshutdown2.o(.ARM.Collect$$libshutdown$$00000004) for __rt_lib_shutdown_stdio_1
    libshutdown.o(.ARM.Collect$$libshutdown$$00000000) refers (Special) to libshutdown2.o(.ARM.Collect$$libshutdown$$0000000C) for __rt_lib_shutdown_user_alloc_1
    sys_command.o(.text) refers (Special) to use_no_semi.o(.text) for __I$use$semihosting
    sys_command.o(.text) refers (Special) to indicate_semi.o(.text) for __semihosting_library_function
    defsig_rtmem_outer.o(.text) refers to defsig_rtmem_inner.o(.text) for __rt_SIGRTMEM_inner
    defsig_rtmem_outer.o(.text) refers to defsig_exit.o(.text) for __sig_exit
    defsig_rtmem_formal.o(.text) refers to rt_raise.o(.text) for __rt_raise
    rt_raise.o(.text) refers to __raise.o(.text) for __raise
    rt_raise.o(.text) refers to sys_exit.o(.text) for _sys_exit
    defsig_exit.o(.text) refers to sys_exit.o(.text) for _sys_exit
    defsig_rtmem_inner.o(.text) refers to defsig_general.o(.text) for __default_signal_display
    __raise.o(.text) refers to defsig.o(CL$$defsig) for __default_signal_handler
    defsig_general.o(.text) refers to sys_wrch.o(.text) for _ttywrch
    sys_wrch.o(.text) refers (Special) to use_no_semi.o(.text) for __I$use$semihosting
    sys_wrch.o(.text) refers (Special) to indicate_semi.o(.text) for __semihosting_library_function
    defsig.o(CL$$defsig) refers to defsig_rtmem_inner.o(.text) for __rt_SIGRTMEM_inner
    defsig_abrt_inner.o(.text) refers to defsig_general.o(.text) for __default_signal_display
    defsig_fpe_inner.o(.text) refers to defsig_general.o(.text) for __default_signal_display
    defsig_rtred_inner.o(.text) refers to defsig_general.o(.text) for __default_signal_display
    defsig_stak_inner.o(.text) refers to defsig_general.o(.text) for __default_signal_display
    defsig_pvfn_inner.o(.text) refers to defsig_general.o(.text) for __default_signal_display
    defsig_cppl_inner.o(.text) refers to defsig_general.o(.text) for __default_signal_display
    defsig_segv_inner.o(.text) refers to defsig_general.o(.text) for __default_signal_display
    defsig_other.o(.text) refers to defsig_general.o(.text) for __default_signal_display


==============================================================================

Removing Unused input sections from the image.

    Removing main.o(.rev16_text), (4 bytes).
    Removing main.o(.revsh_text), (4 bytes).
    Removing main.o(i.OSC_init), (64 bytes).
    Removing main.o(.constdata), (705 bytes).
    Removing main.o(.data), (25 bytes).
    Removing milkites_delay.o(.rev16_text), (4 bytes).
    Removing milkites_delay.o(.revsh_text), (4 bytes).
    Removing milkites_delay.o(.data), (4 bytes).
    Removing milkites_display.o(.rev16_text), (4 bytes).
    Removing milkites_display.o(.revsh_text), (4 bytes).
    Removing milkites_display.o(i.LCD_inverse), (48 bytes).
    Removing milkites_display.o(i.LCD_inverse_OFF), (20 bytes).
    Removing milkites_display.o(i.LCD_print_uni_logo), (76 bytes).
    Removing milkites_display.o(i.LCD_wr_cmd), (40 bytes).
    Removing milkites_display.o(i.Milkites_welcome), (188 bytes).
    Removing milkites_i2c.o(.rev16_text), (4 bytes).
    Removing milkites_i2c.o(.revsh_text), (4 bytes).
    Removing milkites_spi.o(.rev16_text), (4 bytes).
    Removing milkites_spi.o(.revsh_text), (4 bytes).
    Removing milkites_spi.o(i.SPI1_Rd_Data), (36 bytes).
    Removing milkites_adc.o(.rev16_text), (4 bytes).
    Removing milkites_adc.o(.revsh_text), (4 bytes).
    Removing milkites_adc.o(i.MCU_ADC_stop_conv), (28 bytes).
    Removing tlv493d.o(.rev16_text), (4 bytes).
    Removing tlv493d.o(.revsh_text), (4 bytes).
    Removing tlv493d.o(.constdata), (705 bytes).
    Removing tlv493d.o(.data), (21 bytes).
    Removing pwm_step_motor.o(.rev16_text), (4 bytes).
    Removing pwm_step_motor.o(.revsh_text), (4 bytes).
    Removing pwm_step_motor.o(i.DIR_LEFT), (12 bytes).
    Removing pwm_step_motor.o(i.RGB), (56 bytes).
    Removing pwm_step_motor.o(i.STEP_ENABLE), (12 bytes).
    Removing system_mdr32f9qx.o(.rev16_text), (4 bytes).
    Removing system_mdr32f9qx.o(.revsh_text), (4 bytes).
    Removing mdr32f9qx_port.o(.rev16_text), (4 bytes).
    Removing mdr32f9qx_port.o(.revsh_text), (4 bytes).
    Removing mdr32f9qx_port.o(i.PORT_DeInit), (20 bytes).
    Removing mdr32f9qx_port.o(i.PORT_ReadInputData), (6 bytes).
    Removing mdr32f9qx_port.o(i.PORT_ReadInputDataBit), (16 bytes).
    Removing mdr32f9qx_port.o(i.PORT_ResetBits), (28 bytes).
    Removing mdr32f9qx_port.o(i.PORT_SetBits), (28 bytes).
    Removing mdr32f9qx_port.o(i.PORT_Write), (24 bytes).
    Removing mdr32f9qx_port.o(i.PORT_WriteBit), (44 bytes).

43 unused section(s) (total 2286 bytes) removed from the image.

==============================================================================

Image Symbol Table

    Local Symbols

    Symbol Name                              Value     Ov Type        Size  Object(Section)

    ../clib/angel/boardlib.s                 0x00000000   Number         0  boardinit1.o ABSOLUTE
    ../clib/angel/boardlib.s                 0x00000000   Number         0  boardshut.o ABSOLUTE
    ../clib/angel/boardlib.s                 0x00000000   Number         0  boardinit2.o ABSOLUTE
    ../clib/angel/boardlib.s                 0x00000000   Number         0  boardinit3.o ABSOLUTE
    ../clib/angel/handlers.s                 0x00000000   Number         0  __scatter_zi.o ABSOLUTE
    ../clib/angel/handlers.s                 0x00000000   Number         0  __scatter_copy.o ABSOLUTE
    ../clib/angel/kernel.s                   0x00000000   Number         0  rtexit2.o ABSOLUTE
    ../clib/angel/kernel.s                   0x00000000   Number         0  rtexit.o ABSOLUTE
    ../clib/angel/kernel.s                   0x00000000   Number         0  __rtentry4.o ABSOLUTE
    ../clib/angel/kernel.s                   0x00000000   Number         0  __rtentry2.o ABSOLUTE
    ../clib/angel/kernel.s                   0x00000000   Number         0  __rtentry.o ABSOLUTE
    ../clib/angel/rt.s                       0x00000000   Number         0  rt_raise.o ABSOLUTE
    ../clib/angel/scatter.s                  0x00000000   Number         0  __scatter.o ABSOLUTE
    ../clib/angel/startup.s                  0x00000000   Number         0  __main.o ABSOLUTE
    ../clib/angel/sys.s                      0x00000000   Number         0  indicate_semi.o ABSOLUTE
    ../clib/angel/sys.s                      0x00000000   Number         0  use_no_semi.o ABSOLUTE
    ../clib/angel/sys.s                      0x00000000   Number         0  libspace.o ABSOLUTE
    ../clib/angel/sys.s                      0x00000000   Number         0  sys_stackheap_outer.o ABSOLUTE
    ../clib/angel/sysapp.c                   0x00000000   Number         0  sys_exit.o ABSOLUTE
    ../clib/angel/sysapp.c                   0x00000000   Number         0  sys_wrch.o ABSOLUTE
    ../clib/angel/sysapp.c                   0x00000000   Number         0  sys_command.o ABSOLUTE
    ../clib/armsys.c                         0x00000000   Number         0  argv_veneer.o ABSOLUTE
    ../clib/armsys.c                         0x00000000   Number         0  _get_argv_nomalloc.o ABSOLUTE
    ../clib/armsys.c                         0x00000000   Number         0  argv_veneer.o ABSOLUTE
    ../clib/armsys.c                         0x00000000   Number         0  no_argv.o ABSOLUTE
    ../clib/heapalloc.c                      0x00000000   Number         0  hrguard.o ABSOLUTE
    ../clib/heapaux.c                        0x00000000   Number         0  heapauxi.o ABSOLUTE
    ../clib/libinit.s                        0x00000000   Number         0  libshutdown2.o ABSOLUTE
    ../clib/libinit.s                        0x00000000   Number         0  libinit.o ABSOLUTE
    ../clib/libinit.s                        0x00000000   Number         0  libshutdown.o ABSOLUTE
    ../clib/libinit.s                        0x00000000   Number         0  libinit2.o ABSOLUTE
    ../clib/memcpset.s                       0x00000000   Number         0  rt_memcpy_w.o ABSOLUTE
    ../clib/signal.c                         0x00000000   Number         0  defsig_rtmem_inner.o ABSOLUTE
    ../clib/signal.c                         0x00000000   Number         0  defsig_exit.o ABSOLUTE
    ../clib/signal.c                         0x00000000   Number         0  defsig_rtmem_formal.o ABSOLUTE
    ../clib/signal.c                         0x00000000   Number         0  defsig_rtmem_outer.o ABSOLUTE
    ../clib/signal.c                         0x00000000   Number         0  defsig_pvfn_inner.o ABSOLUTE
    ../clib/signal.c                         0x00000000   Number         0  defsig_rtred_inner.o ABSOLUTE
    ../clib/signal.c                         0x00000000   Number         0  defsig_other.o ABSOLUTE
    ../clib/signal.c                         0x00000000   Number         0  defsig_segv_inner.o ABSOLUTE
    ../clib/signal.c                         0x00000000   Number         0  defsig_cppl_inner.o ABSOLUTE
    ../clib/signal.c                         0x00000000   Number         0  defsig_stak_inner.o ABSOLUTE
    ../clib/signal.c                         0x00000000   Number         0  defsig_fpe_inner.o ABSOLUTE
    ../clib/signal.c                         0x00000000   Number         0  defsig_abrt_inner.o ABSOLUTE
    ../clib/signal.c                         0x00000000   Number         0  defsig_general.o ABSOLUTE
    ../clib/signal.c                         0x00000000   Number         0  __raise.o ABSOLUTE
    ../clib/signal.s                         0x00000000   Number         0  defsig.o ABSOLUTE
    ../clib/stdlib.c                         0x00000000   Number         0  exit.o ABSOLUTE
    ../fplib/d2f.s                           0x00000000   Number         0  d2f.o ABSOLUTE
    ../fplib/daddsub.s                       0x00000000   Number         0  daddsub_clz.o ABSOLUTE
    ../fplib/ddiv.s                          0x00000000   Number         0  ddiv.o ABSOLUTE
    ../fplib/dfix.s                          0x00000000   Number         0  dfix.o ABSOLUTE
    ../fplib/dflt.s                          0x00000000   Number         0  dflt_clz.o ABSOLUTE
    ../fplib/dmul.s                          0x00000000   Number         0  dmul.o ABSOLUTE
    ../fplib/dnaninf.s                       0x00000000   Number         0  dnaninf.o ABSOLUTE
    ../fplib/dretinf.s                       0x00000000   Number         0  dretinf.o ABSOLUTE
    ../fplib/f2d.s                           0x00000000   Number         0  f2d.o ABSOLUTE
    ../fplib/fcmpi.s                         0x00000000   Number         0  fcmpi.o ABSOLUTE
    ../fplib/ffix.s                          0x00000000   Number         0  ffix.o ABSOLUTE
    ../fplib/fflt.s                          0x00000000   Number         0  fflt_clz.o ABSOLUTE
    ../fplib/fleqf.s                         0x00000000   Number         0  fleqf.o ABSOLUTE
    ../fplib/fmul.s                          0x00000000   Number         0  fmul.o ABSOLUTE
    ../fplib/fnaninf.s                       0x00000000   Number         0  fnaninf.o ABSOLUTE
    ../fplib/fpinit.s                        0x00000000   Number         0  fpinit.o ABSOLUTE
    ../fplib/fretinf.s                       0x00000000   Number         0  fretinf.o ABSOLUTE
    ../fplib/usenofp.s                       0x00000000   Number         0  usenofp.o ABSOLUTE
    C:\Keil_v5\ARM\PACK\Keil\MDR1986BExx\1.51\Libraries\MDR32F9Qx_StdPeriph_Driver\src\MDR32F9Qx_port.c 0x00000000   Number         0  mdr32f9qx_port.o ABSOLUTE
    C:\\Keil_v5\\ARM\\PACK\\Keil\\MDR1986BExx\\1.51\\Libraries\\MDR32F9Qx_StdPeriph_Driver\\src\\MDR32F9Qx_port.c 0x00000000   Number         0  mdr32f9qx_port.o ABSOLUTE
    RTE\Device\MDR1986BE91\startup_MDR32F9Qx.s 0x00000000   Number         0  startup_mdr32f9qx.o ABSOLUTE
    RTE\Device\MDR1986BE91\system_MDR32F9Qx.c 0x00000000   Number         0  system_mdr32f9qx.o ABSOLUTE
    RTE\\Device\\MDR1986BE91\\system_MDR32F9Qx.c 0x00000000   Number         0  system_mdr32f9qx.o ABSOLUTE
    dc.s                                     0x00000000   Number         0  dc.o ABSOLUTE
    main.c                                   0x00000000   Number         0  main.o ABSOLUTE
    main.c                                   0x00000000   Number         0  main.o ABSOLUTE
    src\\c\\milkites_adc.c                   0x00000000   Number         0  milkites_adc.o ABSOLUTE
    src\\c\\milkites_delay.c                 0x00000000   Number         0  milkites_delay.o ABSOLUTE
    src\\c\\milkites_display.c               0x00000000   Number         0  milkites_display.o ABSOLUTE
    src\\c\\milkites_i2c.c                   0x00000000   Number         0  milkites_i2c.o ABSOLUTE
    src\\c\\milkites_spi.c                   0x00000000   Number         0  milkites_spi.o ABSOLUTE
    src\\c\\pwm_step_motor.c                 0x00000000   Number         0  pwm_step_motor.o ABSOLUTE
    src\\c\\tlv493d.c                        0x00000000   Number         0  tlv493d.o ABSOLUTE
    src\c\milkites_adc.c                     0x00000000   Number         0  milkites_adc.o ABSOLUTE
    src\c\milkites_delay.c                   0x00000000   Number         0  milkites_delay.o ABSOLUTE
    src\c\milkites_display.c                 0x00000000   Number         0  milkites_display.o ABSOLUTE
    src\c\milkites_i2c.c                     0x00000000   Number         0  milkites_i2c.o ABSOLUTE
    src\c\milkites_spi.c                     0x00000000   Number         0  milkites_spi.o ABSOLUTE
    src\c\pwm_step_motor.c                   0x00000000   Number         0  pwm_step_motor.o ABSOLUTE
    src\c\tlv493d.c                          0x00000000   Number         0  tlv493d.o ABSOLUTE
    RESET                                    0x08000000   Section      192  startup_mdr32f9qx.o(RESET)
    !!!main                                  0x080000c0   Section        8  __main.o(!!!main)
    !!!scatter                               0x080000c8   Section       52  __scatter.o(!!!scatter)
    !!handler_copy                           0x080000fc   Section       26  __scatter_copy.o(!!handler_copy)
    !!handler_zi                             0x08000118   Section       28  __scatter_zi.o(!!handler_zi)
    .ARM.Collect$$libinit$$00000000          0x08000134   Section        2  libinit.o(.ARM.Collect$$libinit$$00000000)
    .ARM.Collect$$libinit$$00000002          0x08000136   Section        0  libinit2.o(.ARM.Collect$$libinit$$00000002)
    .ARM.Collect$$libinit$$00000004          0x08000136   Section        0  libinit2.o(.ARM.Collect$$libinit$$00000004)
    .ARM.Collect$$libinit$$0000000A          0x08000136   Section        0  libinit2.o(.ARM.Collect$$libinit$$0000000A)
    .ARM.Collect$$libinit$$0000000C          0x08000136   Section        0  libinit2.o(.ARM.Collect$$libinit$$0000000C)
    .ARM.Collect$$libinit$$0000000E          0x08000136   Section        0  libinit2.o(.ARM.Collect$$libinit$$0000000E)
    .ARM.Collect$$libinit$$00000011          0x08000136   Section        0  libinit2.o(.ARM.Collect$$libinit$$00000011)
    .ARM.Collect$$libinit$$00000013          0x08000136   Section        0  libinit2.o(.ARM.Collect$$libinit$$00000013)
    .ARM.Collect$$libinit$$00000015          0x08000136   Section        0  libinit2.o(.ARM.Collect$$libinit$$00000015)
    .ARM.Collect$$libinit$$00000017          0x08000136   Section        0  libinit2.o(.ARM.Collect$$libinit$$00000017)
    .ARM.Collect$$libinit$$00000019          0x08000136   Section        0  libinit2.o(.ARM.Collect$$libinit$$00000019)
    .ARM.Collect$$libinit$$0000001B          0x08000136   Section        0  libinit2.o(.ARM.Collect$$libinit$$0000001B)
    .ARM.Collect$$libinit$$0000001D          0x08000136   Section        0  libinit2.o(.ARM.Collect$$libinit$$0000001D)
    .ARM.Collect$$libinit$$0000001F          0x08000136   Section        0  libinit2.o(.ARM.Collect$$libinit$$0000001F)
    .ARM.Collect$$libinit$$00000021          0x08000136   Section        0  libinit2.o(.ARM.Collect$$libinit$$00000021)
    .ARM.Collect$$libinit$$00000023          0x08000136   Section        0  libinit2.o(.ARM.Collect$$libinit$$00000023)
    .ARM.Collect$$libinit$$00000025          0x08000136   Section        0  libinit2.o(.ARM.Collect$$libinit$$00000025)
    .ARM.Collect$$libinit$$0000002C          0x08000136   Section        0  libinit2.o(.ARM.Collect$$libinit$$0000002C)
    .ARM.Collect$$libinit$$0000002E          0x08000136   Section        0  libinit2.o(.ARM.Collect$$libinit$$0000002E)
    .ARM.Collect$$libinit$$00000030          0x08000136   Section        0  libinit2.o(.ARM.Collect$$libinit$$00000030)
    .ARM.Collect$$libinit$$00000032          0x08000136   Section        0  libinit2.o(.ARM.Collect$$libinit$$00000032)
    .ARM.Collect$$libinit$$00000033          0x08000136   Section        2  libinit2.o(.ARM.Collect$$libinit$$00000033)
    .ARM.Collect$$libshutdown$$00000000      0x08000138   Section        2  libshutdown.o(.ARM.Collect$$libshutdown$$00000000)
    .ARM.Collect$$libshutdown$$00000002      0x0800013a   Section        0  libshutdown2.o(.ARM.Collect$$libshutdown$$00000002)
    .ARM.Collect$$libshutdown$$00000004      0x0800013a   Section        0  libshutdown2.o(.ARM.Collect$$libshutdown$$00000004)
    .ARM.Collect$$libshutdown$$00000007      0x0800013a   Section        0  libshutdown2.o(.ARM.Collect$$libshutdown$$00000007)
    .ARM.Collect$$libshutdown$$0000000A      0x0800013a   Section        0  libshutdown2.o(.ARM.Collect$$libshutdown$$0000000A)
    .ARM.Collect$$libshutdown$$0000000C      0x0800013a   Section        0  libshutdown2.o(.ARM.Collect$$libshutdown$$0000000C)
    .ARM.Collect$$libshutdown$$0000000F      0x0800013a   Section        0  libshutdown2.o(.ARM.Collect$$libshutdown$$0000000F)
    .ARM.Collect$$libshutdown$$00000010      0x0800013a   Section        2  libshutdown2.o(.ARM.Collect$$libshutdown$$00000010)
    .ARM.Collect$$rtentry$$00000000          0x0800013c   Section        0  __rtentry.o(.ARM.Collect$$rtentry$$00000000)
    .ARM.Collect$$rtentry$$00000002          0x0800013c   Section        0  __rtentry2.o(.ARM.Collect$$rtentry$$00000002)
    .ARM.Collect$$rtentry$$00000004          0x0800013c   Section        6  __rtentry4.o(.ARM.Collect$$rtentry$$00000004)
    .ARM.Collect$$rtentry$$00000009          0x08000142   Section        0  __rtentry2.o(.ARM.Collect$$rtentry$$00000009)
    .ARM.Collect$$rtentry$$0000000A          0x08000142   Section        4  __rtentry2.o(.ARM.Collect$$rtentry$$0000000A)
    .ARM.Collect$$rtentry$$0000000C          0x08000146   Section        0  __rtentry2.o(.ARM.Collect$$rtentry$$0000000C)
    .ARM.Collect$$rtentry$$0000000D          0x08000146   Section        8  __rtentry2.o(.ARM.Collect$$rtentry$$0000000D)
    .ARM.Collect$$rtexit$$00000000           0x0800014e   Section        2  rtexit.o(.ARM.Collect$$rtexit$$00000000)
    .ARM.Collect$$rtexit$$00000002           0x08000150   Section        0  rtexit2.o(.ARM.Collect$$rtexit$$00000002)
    .ARM.Collect$$rtexit$$00000003           0x08000150   Section        4  rtexit2.o(.ARM.Collect$$rtexit$$00000003)
    .ARM.Collect$$rtexit$$00000004           0x08000154   Section        6  rtexit2.o(.ARM.Collect$$rtexit$$00000004)
    .text                                    0x0800015c   Section       64  startup_mdr32f9qx.o(.text)
    .text                                    0x0800019c   Section        0  heapauxi.o(.text)
    .text                                    0x080001a2   Section       74  sys_stackheap_outer.o(.text)
    .text                                    0x080001ec   Section        0  exit.o(.text)
    .text                                    0x08000200   Section        8  libspace.o(.text)
    .text                                    0x08000208   Section        0  sys_exit.o(.text)
    .text                                    0x08000214   Section        2  use_no_semi.o(.text)
    .text                                    0x08000216   Section        0  indicate_semi.o(.text)
    i.DIR_RIGHT                              0x08000218   Section        0  pwm_step_motor.o(i.DIR_RIGHT)
    i.I2C_GetData                            0x08000224   Section        0  milkites_i2c.o(i.I2C_GetData)
    i.I2C_Init                               0x08000248   Section        0  milkites_i2c.o(i.I2C_Init)
    i.I2C_NACK                               0x0800029c   Section        0  milkites_i2c.o(i.I2C_NACK)
    i.I2C_Send_Addr                          0x080002a8   Section        0  milkites_i2c.o(i.I2C_Send_Addr)
    i.I2C_Send_Byte                          0x080002c8   Section        0  milkites_i2c.o(i.I2C_Send_Byte)
    i.I2C_Start                              0x080002e8   Section        0  milkites_i2c.o(i.I2C_Start)
    i.I2C_Stop                               0x080002f4   Section        0  milkites_i2c.o(i.I2C_Stop)
    i.LCD_clear                              0x08000300   Section        0  milkites_display.o(i.LCD_clear)
    i.LCD_column_set                         0x08000330   Section        0  milkites_display.o(i.LCD_column_set)
    i.LCD_init                               0x0800035c   Section        0  milkites_display.o(i.LCD_init)
    i.LCD_page_set                           0x080003c4   Section        0  milkites_display.o(i.LCD_page_set)
    i.LCD_print_num                          0x080003e4   Section        0  milkites_display.o(i.LCD_print_num)
    i.LCD_print_text                         0x08000446   Section        0  milkites_display.o(i.LCD_print_text)
    i.LCD_set_cursor                         0x08000462   Section        0  milkites_display.o(i.LCD_set_cursor)
    i.LCD_wr_byte                            0x08000474   Section        0  milkites_display.o(i.LCD_wr_byte)
    i.LCD_wr_char                            0x0800049c   Section        0  milkites_display.o(i.LCD_wr_char)
    i.MCU_ADC_init                           0x08000ad4   Section        0  milkites_adc.o(i.MCU_ADC_init)
    i.MCU_ADC_read                           0x08000ae4   Section        0  milkites_adc.o(i.MCU_ADC_read)
    i.MCU_ADC_set_ch                         0x08000b18   Section        0  milkites_adc.o(i.MCU_ADC_set_ch)
    i.MCU_ADC_start_conv                     0x08000b34   Section        0  milkites_adc.o(i.MCU_ADC_start_conv)
    i.MDR32_SSP1_init                        0x08000b50   Section        0  milkites_spi.o(i.MDR32_SSP1_init)
    i.PORTB_Init                             0x08000b70   Section        0  pwm_step_motor.o(i.PORTB_Init)
    i.PORT_Init                              0x08000ba0   Section        0  mdr32f9qx_port.o(i.PORT_Init)
    i.PORT_StructInit                        0x08000d68   Section        0  mdr32f9qx_port.o(i.PORT_StructInit)
    i.SPI1_Wr_Data                           0x08000d84   Section        0  milkites_spi.o(i.SPI1_Wr_Data)
    i.STEPPER_SPEED                          0x08000da0   Section        0  pwm_step_motor.o(i.STEPPER_SPEED)
    i.STEP_DISABLE                           0x08000e1c   Section        0  pwm_step_motor.o(i.STEP_DISABLE)
    i.SysTickTimer_set                       0x08000e28   Section        0  milkites_delay.o(i.SysTickTimer_set)
    i.SystemCoreClockUpdate                  0x08000e4c   Section        0  system_mdr32f9qx.o(i.SystemCoreClockUpdate)
    i.SystemInit                             0x08000edc   Section        0  system_mdr32f9qx.o(i.SystemInit)
    i.TLV493D_calc_field                     0x08000f1c   Section        0  tlv493d.o(i.TLV493D_calc_field)
    i.TLV493D_init                           0x08000f6c   Section        0  tlv493d.o(i.TLV493D_init)
    i.TLV493D_reset                          0x08001002   Section        0  tlv493d.o(i.TLV493D_reset)
    i.Timer3_init                            0x08001014   Section        0  main.o(i.Timer3_init)
    i.Timer3_start                           0x08001058   Section        0  main.o(i.Timer3_start)
    i.delay_init                             0x08001064   Section        0  milkites_delay.o(i.delay_init)
    i.delay_ms                               0x08001076   Section        0  milkites_delay.o(i.delay_ms)
    i.main                                   0x080010a0   Section        0  main.o(i.main)
    i.read_all_TLV493D                       0x080012d8   Section        0  tlv493d.o(i.read_all_TLV493D)
    x$fpl$d2f                                0x0800152c   Section       98  d2f.o(x$fpl$d2f)
    x$fpl$dadd                               0x08001590   Section      336  daddsub_clz.o(x$fpl$dadd)
    _dadd1                                   0x080015a1   Thumb Code     0  daddsub_clz.o(x$fpl$dadd)
    x$fpl$ddiv                               0x080016e0   Section      688  ddiv.o(x$fpl$ddiv)
    ddiv_entry                               0x080016e7   Thumb Code     0  ddiv.o(x$fpl$ddiv)
    x$fpl$dfix                               0x08001990   Section       94  dfix.o(x$fpl$dfix)
    x$fpl$dflt                               0x080019ee   Section       46  dflt_clz.o(x$fpl$dflt)
    x$fpl$dmul                               0x08001a1c   Section      340  dmul.o(x$fpl$dmul)
    x$fpl$dnaninf                            0x08001b70   Section      156  dnaninf.o(x$fpl$dnaninf)
    x$fpl$dretinf                            0x08001c0c   Section       12  dretinf.o(x$fpl$dretinf)
    x$fpl$dsub                               0x08001c18   Section      468  daddsub_clz.o(x$fpl$dsub)
    _dsub1                                   0x08001c29   Thumb Code     0  daddsub_clz.o(x$fpl$dsub)
    x$fpl$f2d                                0x08001dec   Section       86  f2d.o(x$fpl$f2d)
    x$fpl$fcmpinf                            0x08001e42   Section       24  fcmpi.o(x$fpl$fcmpinf)
    x$fpl$ffix                               0x08001e5c   Section       54  ffix.o(x$fpl$ffix)
    x$fpl$fflt                               0x08001e94   Section       48  fflt_clz.o(x$fpl$fflt)
    x$fpl$ffltu                              0x08001ec4   Section       38  fflt_clz.o(x$fpl$ffltu)
    x$fpl$fleqf                              0x08001eec   Section      104  fleqf.o(x$fpl$fleqf)
    x$fpl$fmul                               0x08001f54   Section      258  fmul.o(x$fpl$fmul)
    x$fpl$fnaninf                            0x08002056   Section      140  fnaninf.o(x$fpl$fnaninf)
    x$fpl$fretinf                            0x080020e2   Section       10  fretinf.o(x$fpl$fretinf)
    .constdata                               0x080020ec   Section     1732  milkites_display.o(.constdata)
    x$fpl$usenofp                            0x080020ec   Section        0  usenofp.o(x$fpl$usenofp)
    LCD_5x7_font                             0x080020ec   Data         705  milkites_display.o(.constdata)
    .data                                    0x20000000   Section       28  milkites_display.o(.data)
    INIT_LCD_TABLE                           0x20000000   Data          21  milkites_display.o(.data)
    TimingDelay                              0x20000018   Data           4  milkites_display.o(.data)
    .data                                    0x2000001c   Section        4  system_mdr32f9qx.o(.data)
    .bss                                     0x20000020   Section       96  libspace.o(.bss)
    HEAP                                     0x20000080   Section      512  startup_mdr32f9qx.o(HEAP)
    Heap_Mem                                 0x20000080   Data         512  startup_mdr32f9qx.o(HEAP)
    STACK                                    0x20000280   Section     1024  startup_mdr32f9qx.o(STACK)
    Stack_Mem                                0x20000280   Data        1024  startup_mdr32f9qx.o(STACK)
    __initial_sp                             0x20000680   Data           0  startup_mdr32f9qx.o(STACK)

    Global Symbols

    Symbol Name                              Value     Ov Type        Size  Object(Section)

    BuildAttributes$$THM_ISAv4$P$D$K$B$S$PE$A:L22UL41UL21$X:L11$S22US41US21$IEEE1$IW$USESV6$~STKCKD$USESV7$~SHL$OSPACE$ROPI$EBA8$UX$STANDARDLIB$REQ8$PRES8$EABIv2 0x00000000   Number         0  anon$$obj.o ABSOLUTE
    __ARM_use_no_argv                        0x00000000   Number         0  main.o ABSOLUTE
    __ARM_exceptions_init                     - Undefined Weak Reference
    __alloca_initialize                       - Undefined Weak Reference
    __arm_preinit_                            - Undefined Weak Reference
    __cpp_initialize__aeabi_                  - Undefined Weak Reference
    __cxa_finalize                            - Undefined Weak Reference
    __rt_locale                               - Undefined Weak Reference
    __sigvec_lookup                           - Undefined Weak Reference
    _atexit_init                              - Undefined Weak Reference
    _call_atexit_fns                          - Undefined Weak Reference
    _clock_init                               - Undefined Weak Reference
    _fp_trap_init                             - Undefined Weak Reference
    _fp_trap_shutdown                         - Undefined Weak Reference
    _get_lc_collate                           - Undefined Weak Reference
    _get_lc_ctype                             - Undefined Weak Reference
    _get_lc_monetary                          - Undefined Weak Reference
    _get_lc_numeric                           - Undefined Weak Reference
    _get_lc_time                              - Undefined Weak Reference
    _getenv_init                              - Undefined Weak Reference
    _handle_redirection                       - Undefined Weak Reference
    _init_alloc                               - Undefined Weak Reference
    _init_user_alloc                          - Undefined Weak Reference
    _initio                                   - Undefined Weak Reference
    _rand_init                                - Undefined Weak Reference
    _signal_finish                            - Undefined Weak Reference
    _signal_init                              - Undefined Weak Reference
    _terminate_alloc                          - Undefined Weak Reference
    _terminate_user_alloc                     - Undefined Weak Reference
    _terminateio                              - Undefined Weak Reference
    __Vectors_Size                           0x000000c0   Number         0  startup_mdr32f9qx.o ABSOLUTE
    __Vectors                                0x08000000   Data           4  startup_mdr32f9qx.o(RESET)
    __Vectors_End                            0x080000c0   Data           0  startup_mdr32f9qx.o(RESET)
    __main                                   0x080000c1   Thumb Code     8  __main.o(!!!main)
    __scatterload                            0x080000c9   Thumb Code     0  __scatter.o(!!!scatter)
    __scatterload_rt2                        0x080000c9   Thumb Code    44  __scatter.o(!!!scatter)
    __scatterload_rt2_thumb_only             0x080000c9   Thumb Code     0  __scatter.o(!!!scatter)
    __scatterload_null                       0x080000d7   Thumb Code     0  __scatter.o(!!!scatter)
    __scatterload_copy                       0x080000fd   Thumb Code    26  __scatter_copy.o(!!handler_copy)
    __scatterload_zeroinit                   0x08000119   Thumb Code    28  __scatter_zi.o(!!handler_zi)
    __rt_lib_init                            0x08000135   Thumb Code     0  libinit.o(.ARM.Collect$$libinit$$00000000)
    __rt_lib_init_alloca_1                   0x08000137   Thumb Code     0  libinit2.o(.ARM.Collect$$libinit$$0000002E)
    __rt_lib_init_argv_1                     0x08000137   Thumb Code     0  libinit2.o(.ARM.Collect$$libinit$$0000002C)
    __rt_lib_init_atexit_1                   0x08000137   Thumb Code     0  libinit2.o(.ARM.Collect$$libinit$$0000001B)
    __rt_lib_init_clock_1                    0x08000137   Thumb Code     0  libinit2.o(.ARM.Collect$$libinit$$00000021)
    __rt_lib_init_cpp_1                      0x08000137   Thumb Code     0  libinit2.o(.ARM.Collect$$libinit$$00000032)
    __rt_lib_init_exceptions_1               0x08000137   Thumb Code     0  libinit2.o(.ARM.Collect$$libinit$$00000030)
    __rt_lib_init_fp_1                       0x08000137   Thumb Code     0  libinit2.o(.ARM.Collect$$libinit$$00000002)
    __rt_lib_init_fp_trap_1                  0x08000137   Thumb Code     0  libinit2.o(.ARM.Collect$$libinit$$0000001F)
    __rt_lib_init_getenv_1                   0x08000137   Thumb Code     0  libinit2.o(.ARM.Collect$$libinit$$00000023)
    __rt_lib_init_heap_1                     0x08000137   Thumb Code     0  libinit2.o(.ARM.Collect$$libinit$$0000000A)
    __rt_lib_init_lc_collate_1               0x08000137   Thumb Code     0  libinit2.o(.ARM.Collect$$libinit$$00000011)
    __rt_lib_init_lc_ctype_1                 0x08000137   Thumb Code     0  libinit2.o(.ARM.Collect$$libinit$$00000013)
    __rt_lib_init_lc_monetary_1              0x08000137   Thumb Code     0  libinit2.o(.ARM.Collect$$libinit$$00000015)
    __rt_lib_init_lc_numeric_1               0x08000137   Thumb Code     0  libinit2.o(.ARM.Collect$$libinit$$00000017)
    __rt_lib_init_lc_time_1                  0x08000137   Thumb Code     0  libinit2.o(.ARM.Collect$$libinit$$00000019)
    __rt_lib_init_preinit_1                  0x08000137   Thumb Code     0  libinit2.o(.ARM.Collect$$libinit$$00000004)
    __rt_lib_init_rand_1                     0x08000137   Thumb Code     0  libinit2.o(.ARM.Collect$$libinit$$0000000E)
    __rt_lib_init_return                     0x08000137   Thumb Code     0  libinit2.o(.ARM.Collect$$libinit$$00000033)
    __rt_lib_init_signal_1                   0x08000137   Thumb Code     0  libinit2.o(.ARM.Collect$$libinit$$0000001D)
    __rt_lib_init_stdio_1                    0x08000137   Thumb Code     0  libinit2.o(.ARM.Collect$$libinit$$00000025)
    __rt_lib_init_user_alloc_1               0x08000137   Thumb Code     0  libinit2.o(.ARM.Collect$$libinit$$0000000C)
    __rt_lib_shutdown                        0x08000139   Thumb Code     0  libshutdown.o(.ARM.Collect$$libshutdown$$00000000)
    __rt_lib_shutdown_cpp_1                  0x0800013b   Thumb Code     0  libshutdown2.o(.ARM.Collect$$libshutdown$$00000002)
    __rt_lib_shutdown_fp_trap_1              0x0800013b   Thumb Code     0  libshutdown2.o(.ARM.Collect$$libshutdown$$00000007)
    __rt_lib_shutdown_heap_1                 0x0800013b   Thumb Code     0  libshutdown2.o(.ARM.Collect$$libshutdown$$0000000F)
    __rt_lib_shutdown_return                 0x0800013b   Thumb Code     0  libshutdown2.o(.ARM.Collect$$libshutdown$$00000010)
    __rt_lib_shutdown_signal_1               0x0800013b   Thumb Code     0  libshutdown2.o(.ARM.Collect$$libshutdown$$0000000A)
    __rt_lib_shutdown_stdio_1                0x0800013b   Thumb Code     0  libshutdown2.o(.ARM.Collect$$libshutdown$$00000004)
    __rt_lib_shutdown_user_alloc_1           0x0800013b   Thumb Code     0  libshutdown2.o(.ARM.Collect$$libshutdown$$0000000C)
    __rt_entry                               0x0800013d   Thumb Code     0  __rtentry.o(.ARM.Collect$$rtentry$$00000000)
    __rt_entry_presh_1                       0x0800013d   Thumb Code     0  __rtentry2.o(.ARM.Collect$$rtentry$$00000002)
    __rt_entry_sh                            0x0800013d   Thumb Code     0  __rtentry4.o(.ARM.Collect$$rtentry$$00000004)
    __rt_entry_li                            0x08000143   Thumb Code     0  __rtentry2.o(.ARM.Collect$$rtentry$$0000000A)
    __rt_entry_postsh_1                      0x08000143   Thumb Code     0  __rtentry2.o(.ARM.Collect$$rtentry$$00000009)
    __rt_entry_main                          0x08000147   Thumb Code     0  __rtentry2.o(.ARM.Collect$$rtentry$$0000000D)
    __rt_entry_postli_1                      0x08000147   Thumb Code     0  __rtentry2.o(.ARM.Collect$$rtentry$$0000000C)
    __rt_exit                                0x0800014f   Thumb Code     0  rtexit.o(.ARM.Collect$$rtexit$$00000000)
    __rt_exit_ls                             0x08000151   Thumb Code     0  rtexit2.o(.ARM.Collect$$rtexit$$00000003)
    __rt_exit_prels_1                        0x08000151   Thumb Code     0  rtexit2.o(.ARM.Collect$$rtexit$$00000002)
    __rt_exit_exit                           0x08000155   Thumb Code     0  rtexit2.o(.ARM.Collect$$rtexit$$00000004)
    Reset_Handler                            0x0800015d   Thumb Code     8  startup_mdr32f9qx.o(.text)
    NMI_Handler                              0x08000165   Thumb Code     2  startup_mdr32f9qx.o(.text)
    HardFault_Handler                        0x08000167   Thumb Code     2  startup_mdr32f9qx.o(.text)
    MemManage_Handler                        0x08000169   Thumb Code     2  startup_mdr32f9qx.o(.text)
    BusFault_Handler                         0x0800016b   Thumb Code     2  startup_mdr32f9qx.o(.text)
    UsageFault_Handler                       0x0800016d   Thumb Code     2  startup_mdr32f9qx.o(.text)
    SVC_Handler                              0x0800016f   Thumb Code     2  startup_mdr32f9qx.o(.text)
    DebugMon_Handler                         0x08000171   Thumb Code     2  startup_mdr32f9qx.o(.text)
    PendSV_Handler                           0x08000173   Thumb Code     2  startup_mdr32f9qx.o(.text)
    SysTick_Handler                          0x08000175   Thumb Code     2  startup_mdr32f9qx.o(.text)
    ADC_IRQHandler                           0x08000177   Thumb Code     0  startup_mdr32f9qx.o(.text)
    BACKUP_IRQHandler                        0x08000177   Thumb Code     0  startup_mdr32f9qx.o(.text)
    CAN1_IRQHandler                          0x08000177   Thumb Code     0  startup_mdr32f9qx.o(.text)
    CAN2_IRQHandler                          0x08000177   Thumb Code     0  startup_mdr32f9qx.o(.text)
    COMPARATOR_IRQHandler                    0x08000177   Thumb Code     0  startup_mdr32f9qx.o(.text)
    DMA_IRQHandler                           0x08000177   Thumb Code     0  startup_mdr32f9qx.o(.text)
    EXT_INT1_IRQHandler                      0x08000177   Thumb Code     0  startup_mdr32f9qx.o(.text)
    EXT_INT2_IRQHandler                      0x08000177   Thumb Code     0  startup_mdr32f9qx.o(.text)
    EXT_INT3_IRQHandler                      0x08000177   Thumb Code     0  startup_mdr32f9qx.o(.text)
    EXT_INT4_IRQHandler                      0x08000177   Thumb Code     0  startup_mdr32f9qx.o(.text)
    I2C_IRQHandler                           0x08000177   Thumb Code     0  startup_mdr32f9qx.o(.text)
    POWER_IRQHandler                         0x08000177   Thumb Code     0  startup_mdr32f9qx.o(.text)
    SSP1_IRQHandler                          0x08000177   Thumb Code     0  startup_mdr32f9qx.o(.text)
    SSP2_IRQHandler                          0x08000177   Thumb Code     0  startup_mdr32f9qx.o(.text)
    Timer1_IRQHandler                        0x08000177   Thumb Code     0  startup_mdr32f9qx.o(.text)
    Timer2_IRQHandler                        0x08000177   Thumb Code     0  startup_mdr32f9qx.o(.text)
    Timer3_IRQHandler                        0x08000177   Thumb Code     0  startup_mdr32f9qx.o(.text)
    UART1_IRQHandler                         0x08000177   Thumb Code     0  startup_mdr32f9qx.o(.text)
    UART2_IRQHandler                         0x08000177   Thumb Code     0  startup_mdr32f9qx.o(.text)
    USB_IRQHandler                           0x08000177   Thumb Code     0  startup_mdr32f9qx.o(.text)
    WWDG_IRQHandler                          0x08000177   Thumb Code     0  startup_mdr32f9qx.o(.text)
    __user_initial_stackheap                 0x08000179   Thumb Code     0  startup_mdr32f9qx.o(.text)
    __use_two_region_memory                  0x0800019d   Thumb Code     2  heapauxi.o(.text)
    __rt_heap_escrow$2region                 0x0800019f   Thumb Code     2  heapauxi.o(.text)
    __rt_heap_expand$2region                 0x080001a1   Thumb Code     2  heapauxi.o(.text)
    __user_setup_stackheap                   0x080001a3   Thumb Code    74  sys_stackheap_outer.o(.text)
    exit                                     0x080001ed   Thumb Code    18  exit.o(.text)
    __user_libspace                          0x08000201   Thumb Code     8  libspace.o(.text)
    __user_perproc_libspace                  0x08000201   Thumb Code     0  libspace.o(.text)
    __user_perthread_libspace                0x08000201   Thumb Code     0  libspace.o(.text)
    _sys_exit                                0x08000209   Thumb Code     8  sys_exit.o(.text)
    __I$use$semihosting                      0x08000215   Thumb Code     0  use_no_semi.o(.text)
    __use_no_semihosting_swi                 0x08000215   Thumb Code     2  use_no_semi.o(.text)
    __semihosting_library_function           0x08000217   Thumb Code     0  indicate_semi.o(.text)
    DIR_RIGHT                                0x08000219   Thumb Code     8  pwm_step_motor.o(i.DIR_RIGHT)
    I2C_GetData                              0x08000225   Thumb Code    32  milkites_i2c.o(i.I2C_GetData)
    I2C_Init                                 0x08000249   Thumb Code    72  milkites_i2c.o(i.I2C_Init)
    I2C_NACK                                 0x0800029d   Thumb Code     8  milkites_i2c.o(i.I2C_NACK)
    I2C_Send_Addr                            0x080002a9   Thumb Code    26  milkites_i2c.o(i.I2C_Send_Addr)
    I2C_Send_Byte                            0x080002c9   Thumb Code    26  milkites_i2c.o(i.I2C_Send_Byte)
    I2C_Start                                0x080002e9   Thumb Code     8  milkites_i2c.o(i.I2C_Start)
    I2C_Stop                                 0x080002f5   Thumb Code     8  milkites_i2c.o(i.I2C_Stop)
    LCD_clear                                0x08000301   Thumb Code    46  milkites_display.o(i.LCD_clear)
    LCD_column_set                           0x08000331   Thumb Code    40  milkites_display.o(i.LCD_column_set)
    LCD_init                                 0x0800035d   Thumb Code    92  milkites_display.o(i.LCD_init)
    LCD_page_set                             0x080003c5   Thumb Code    26  milkites_display.o(i.LCD_page_set)
    LCD_print_num                            0x080003e5   Thumb Code    98  milkites_display.o(i.LCD_print_num)
    LCD_print_text                           0x08000447   Thumb Code    28  milkites_display.o(i.LCD_print_text)
    LCD_set_cursor                           0x08000463   Thumb Code    18  milkites_display.o(i.LCD_set_cursor)
    LCD_wr_byte                              0x08000475   Thumb Code    36  milkites_display.o(i.LCD_wr_byte)
    LCD_wr_char                              0x0800049d   Thumb Code  1586  milkites_display.o(i.LCD_wr_char)
    MCU_ADC_init                             0x08000ad5   Thumb Code    10  milkites_adc.o(i.MCU_ADC_init)
    MCU_ADC_read                             0x08000ae5   Thumb Code    46  milkites_adc.o(i.MCU_ADC_read)
    MCU_ADC_set_ch                           0x08000b19   Thumb Code    24  milkites_adc.o(i.MCU_ADC_set_ch)
    MCU_ADC_start_conv                       0x08000b35   Thumb Code    24  milkites_adc.o(i.MCU_ADC_start_conv)
    MDR32_SSP1_init                          0x08000b51   Thumb Code    20  milkites_spi.o(i.MDR32_SSP1_init)
    PORTB_Init                               0x08000b71   Thumb Code    42  pwm_step_motor.o(i.PORTB_Init)
    PORT_Init                                0x08000ba1   Thumb Code   450  mdr32f9qx_port.o(i.PORT_Init)
    PORT_StructInit                          0x08000d69   Thumb Code    28  mdr32f9qx_port.o(i.PORT_StructInit)
    SPI1_Wr_Data                             0x08000d85   Thumb Code    18  milkites_spi.o(i.SPI1_Wr_Data)
    STEPPER_SPEED                            0x08000da1   Thumb Code   112  pwm_step_motor.o(i.STEPPER_SPEED)
    STEP_DISABLE                             0x08000e1d   Thumb Code     8  pwm_step_motor.o(i.STEP_DISABLE)
    SysTickTimer_set                         0x08000e29   Thumb Code    36  milkites_delay.o(i.SysTickTimer_set)
    SystemCoreClockUpdate                    0x08000e4d   Thumb Code   130  system_mdr32f9qx.o(i.SystemCoreClockUpdate)
    SystemInit                               0x08000edd   Thumb Code    54  system_mdr32f9qx.o(i.SystemInit)
    TLV493D_calc_field                       0x08000f1d   Thumb Code    68  tlv493d.o(i.TLV493D_calc_field)
    TLV493D_init                             0x08000f6d   Thumb Code   150  tlv493d.o(i.TLV493D_init)
    TLV493D_reset                            0x08001003   Thumb Code    18  tlv493d.o(i.TLV493D_reset)
    Timer3_init                              0x08001015   Thumb Code    58  main.o(i.Timer3_init)
    Timer3_start                             0x08001059   Thumb Code     8  main.o(i.Timer3_start)
    delay_init                               0x08001065   Thumb Code    18  milkites_delay.o(i.delay_init)
    delay_ms                                 0x08001077   Thumb Code    40  milkites_delay.o(i.delay_ms)
    main                                     0x080010a1   Thumb Code   450  main.o(i.main)
    read_all_TLV493D                         0x080012d9   Thumb Code   584  tlv493d.o(i.read_all_TLV493D)
    __aeabi_d2f                              0x0800152d   Thumb Code     0  d2f.o(x$fpl$d2f)
    _d2f                                     0x0800152d   Thumb Code    98  d2f.o(x$fpl$d2f)
    __aeabi_dadd                             0x08001591   Thumb Code     0  daddsub_clz.o(x$fpl$dadd)
    _dadd                                    0x08001591   Thumb Code   332  daddsub_clz.o(x$fpl$dadd)
    __aeabi_ddiv                             0x080016e1   Thumb Code     0  ddiv.o(x$fpl$ddiv)
    _ddiv                                    0x080016e1   Thumb Code   552  ddiv.o(x$fpl$ddiv)
    __aeabi_d2iz                             0x08001991   Thumb Code     0  dfix.o(x$fpl$dfix)
    _dfix                                    0x08001991   Thumb Code    94  dfix.o(x$fpl$dfix)
    __aeabi_i2d                              0x080019ef   Thumb Code     0  dflt_clz.o(x$fpl$dflt)
    _dflt                                    0x080019ef   Thumb Code    46  dflt_clz.o(x$fpl$dflt)
    __aeabi_dmul                             0x08001a1d   Thumb Code     0  dmul.o(x$fpl$dmul)
    _dmul                                    0x08001a1d   Thumb Code   332  dmul.o(x$fpl$dmul)
    __fpl_dnaninf                            0x08001b71   Thumb Code   156  dnaninf.o(x$fpl$dnaninf)
    __fpl_dretinf                            0x08001c0d   Thumb Code    12  dretinf.o(x$fpl$dretinf)
    __aeabi_dsub                             0x08001c19   Thumb Code     0  daddsub_clz.o(x$fpl$dsub)
    _dsub                                    0x08001c19   Thumb Code   464  daddsub_clz.o(x$fpl$dsub)
    __aeabi_f2d                              0x08001ded   Thumb Code     0  f2d.o(x$fpl$f2d)
    _f2d                                     0x08001ded   Thumb Code    86  f2d.o(x$fpl$f2d)
    __fpl_fcmp_Inf                           0x08001e43   Thumb Code    24  fcmpi.o(x$fpl$fcmpinf)
    __aeabi_f2iz                             0x08001e5d   Thumb Code     0  ffix.o(x$fpl$ffix)
    _ffix                                    0x08001e5d   Thumb Code    54  ffix.o(x$fpl$ffix)
    __aeabi_i2f                              0x08001e95   Thumb Code     0  fflt_clz.o(x$fpl$fflt)
    _fflt                                    0x08001e95   Thumb Code    48  fflt_clz.o(x$fpl$fflt)
    __aeabi_ui2f                             0x08001ec5   Thumb Code     0  fflt_clz.o(x$fpl$ffltu)
    _ffltu                                   0x08001ec5   Thumb Code    38  fflt_clz.o(x$fpl$ffltu)
    __aeabi_cfcmple                          0x08001eed   Thumb Code     0  fleqf.o(x$fpl$fleqf)
    _fcmple                                  0x08001eed   Thumb Code   104  fleqf.o(x$fpl$fleqf)
    __fpl_fcmple_InfNaN                      0x08001f3f   Thumb Code     0  fleqf.o(x$fpl$fleqf)
    __aeabi_fmul                             0x08001f55   Thumb Code     0  fmul.o(x$fpl$fmul)
    _fmul                                    0x08001f55   Thumb Code   258  fmul.o(x$fpl$fmul)
    __fpl_fnaninf                            0x08002057   Thumb Code   140  fnaninf.o(x$fpl$fnaninf)
    __fpl_fretinf                            0x080020e3   Thumb Code    10  fretinf.o(x$fpl$fretinf)
    __I$use$fp                               0x080020ec   Number         0  usenofp.o(x$fpl$usenofp)
    Region$$Table$$Base                      0x080027b0   Number         0  anon$$obj.o(Region$$Table)
    Region$$Table$$Limit                     0x080027d0   Number         0  anon$$obj.o(Region$$Table)
    SystemCoreClock                          0x2000001c   Data           4  system_mdr32f9qx.o(.data)
    __libspace_start                         0x20000020   Data          96  libspace.o(.bss)
    __temporary_stack_top$libspace           0x20000080   Data           0  libspace.o(.bss)



==============================================================================

Memory Map of the image

  Image Entry point : 0x0800015d

  Load Region LR_1 (Base: 0x08000000, Size: 0x000027f0, Max: 0xffffffff, ABSOLUTE)

    Execution Region ER_RO (Exec base: 0x08000000, Load base: 0x08000000, Size: 0x000027d0, Max: 0xffffffff, ABSOLUTE)

    Exec Addr    Load Addr    Size         Type   Attr      Idx    E Section Name        Object

    0x08000000   0x08000000   0x000000c0   Data   RO          467    RESET               startup_mdr32f9qx.o
    0x080000c0   0x080000c0   0x00000008   Code   RO          581  * !!!main             c_w.l(__main.o)
    0x080000c8   0x080000c8   0x00000034   Code   RO          789    !!!scatter          c_w.l(__scatter.o)
    0x080000fc   0x080000fc   0x0000001a   Code   RO          791    !!handler_copy      c_w.l(__scatter_copy.o)
    0x08000116   0x08000116   0x00000002   PAD
    0x08000118   0x08000118   0x0000001c   Code   RO          793    !!handler_zi        c_w.l(__scatter_zi.o)
    0x08000134   0x08000134   0x00000002   Code   RO          659    .ARM.Collect$$libinit$$00000000  c_w.l(libinit.o)
    0x08000136   0x08000136   0x00000000   Code   RO          666    .ARM.Collect$$libinit$$00000002  c_w.l(libinit2.o)
    0x08000136   0x08000136   0x00000000   Code   RO          668    .ARM.Collect$$libinit$$00000004  c_w.l(libinit2.o)
    0x08000136   0x08000136   0x00000000   Code   RO          671    .ARM.Collect$$libinit$$0000000A  c_w.l(libinit2.o)
    0x08000136   0x08000136   0x00000000   Code   RO          673    .ARM.Collect$$libinit$$0000000C  c_w.l(libinit2.o)
    0x08000136   0x08000136   0x00000000   Code   RO          675    .ARM.Collect$$libinit$$0000000E  c_w.l(libinit2.o)
    0x08000136   0x08000136   0x00000000   Code   RO          678    .ARM.Collect$$libinit$$00000011  c_w.l(libinit2.o)
    0x08000136   0x08000136   0x00000000   Code   RO          680    .ARM.Collect$$libinit$$00000013  c_w.l(libinit2.o)
    0x08000136   0x08000136   0x00000000   Code   RO          682    .ARM.Collect$$libinit$$00000015  c_w.l(libinit2.o)
    0x08000136   0x08000136   0x00000000   Code   RO          684    .ARM.Collect$$libinit$$00000017  c_w.l(libinit2.o)
    0x08000136   0x08000136   0x00000000   Code   RO          686    .ARM.Collect$$libinit$$00000019  c_w.l(libinit2.o)
    0x08000136   0x08000136   0x00000000   Code   RO          688    .ARM.Collect$$libinit$$0000001B  c_w.l(libinit2.o)
    0x08000136   0x08000136   0x00000000   Code   RO          690    .ARM.Collect$$libinit$$0000001D  c_w.l(libinit2.o)
    0x08000136   0x08000136   0x00000000   Code   RO          692    .ARM.Collect$$libinit$$0000001F  c_w.l(libinit2.o)
    0x08000136   0x08000136   0x00000000   Code   RO          694    .ARM.Collect$$libinit$$00000021  c_w.l(libinit2.o)
    0x08000136   0x08000136   0x00000000   Code   RO          696    .ARM.Collect$$libinit$$00000023  c_w.l(libinit2.o)
    0x08000136   0x08000136   0x00000000   Code   RO          698    .ARM.Collect$$libinit$$00000025  c_w.l(libinit2.o)
    0x08000136   0x08000136   0x00000000   Code   RO          702    .ARM.Collect$$libinit$$0000002C  c_w.l(libinit2.o)
    0x08000136   0x08000136   0x00000000   Code   RO          704    .ARM.Collect$$libinit$$0000002E  c_w.l(libinit2.o)
    0x08000136   0x08000136   0x00000000   Code   RO          706    .ARM.Collect$$libinit$$00000030  c_w.l(libinit2.o)
    0x08000136   0x08000136   0x00000000   Code   RO          708    .ARM.Collect$$libinit$$00000032  c_w.l(libinit2.o)
    0x08000136   0x08000136   0x00000002   Code   RO          709    .ARM.Collect$$libinit$$00000033  c_w.l(libinit2.o)
    0x08000138   0x08000138   0x00000002   Code   RO          729    .ARM.Collect$$libshutdown$$00000000  c_w.l(libshutdown.o)
    0x0800013a   0x0800013a   0x00000000   Code   RO          742    .ARM.Collect$$libshutdown$$00000002  c_w.l(libshutdown2.o)
    0x0800013a   0x0800013a   0x00000000   Code   RO          744    .ARM.Collect$$libshutdown$$00000004  c_w.l(libshutdown2.o)
    0x0800013a   0x0800013a   0x00000000   Code   RO          747    .ARM.Collect$$libshutdown$$00000007  c_w.l(libshutdown2.o)
    0x0800013a   0x0800013a   0x00000000   Code   RO          750    .ARM.Collect$$libshutdown$$0000000A  c_w.l(libshutdown2.o)
    0x0800013a   0x0800013a   0x00000000   Code   RO          752    .ARM.Collect$$libshutdown$$0000000C  c_w.l(libshutdown2.o)
    0x0800013a   0x0800013a   0x00000000   Code   RO          755    .ARM.Collect$$libshutdown$$0000000F  c_w.l(libshutdown2.o)
    0x0800013a   0x0800013a   0x00000002   Code   RO          756    .ARM.Collect$$libshutdown$$00000010  c_w.l(libshutdown2.o)
    0x0800013c   0x0800013c   0x00000000   Code   RO          623    .ARM.Collect$$rtentry$$00000000  c_w.l(__rtentry.o)
    0x0800013c   0x0800013c   0x00000000   Code   RO          636    .ARM.Collect$$rtentry$$00000002  c_w.l(__rtentry2.o)
    0x0800013c   0x0800013c   0x00000006   Code   RO          648    .ARM.Collect$$rtentry$$00000004  c_w.l(__rtentry4.o)
    0x08000142   0x08000142   0x00000000   Code   RO          638    .ARM.Collect$$rtentry$$00000009  c_w.l(__rtentry2.o)
    0x08000142   0x08000142   0x00000004   Code   RO          639    .ARM.Collect$$rtentry$$0000000A  c_w.l(__rtentry2.o)
    0x08000146   0x08000146   0x00000000   Code   RO          641    .ARM.Collect$$rtentry$$0000000C  c_w.l(__rtentry2.o)
    0x08000146   0x08000146   0x00000008   Code   RO          642    .ARM.Collect$$rtentry$$0000000D  c_w.l(__rtentry2.o)
    0x0800014e   0x0800014e   0x00000002   Code   RO          663    .ARM.Collect$$rtexit$$00000000  c_w.l(rtexit.o)
    0x08000150   0x08000150   0x00000000   Code   RO          711    .ARM.Collect$$rtexit$$00000002  c_w.l(rtexit2.o)
    0x08000150   0x08000150   0x00000004   Code   RO          712    .ARM.Collect$$rtexit$$00000003  c_w.l(rtexit2.o)
    0x08000154   0x08000154   0x00000006   Code   RO          713    .ARM.Collect$$rtexit$$00000004  c_w.l(rtexit2.o)
    0x0800015a   0x0800015a   0x00000002   PAD
    0x0800015c   0x0800015c   0x00000040   Code   RO          468  * .text               startup_mdr32f9qx.o
    0x0800019c   0x0800019c   0x00000006   Code   RO          579    .text               c_w.l(heapauxi.o)
    0x080001a2   0x080001a2   0x0000004a   Code   RO          650    .text               c_w.l(sys_stackheap_outer.o)
    0x080001ec   0x080001ec   0x00000012   Code   RO          652    .text               c_w.l(exit.o)
    0x080001fe   0x080001fe   0x00000002   PAD
    0x08000200   0x08000200   0x00000008   Code   RO          660    .text               c_w.l(libspace.o)
    0x08000208   0x08000208   0x0000000c   Code   RO          721    .text               c_w.l(sys_exit.o)
    0x08000214   0x08000214   0x00000002   Code   RO          732    .text               c_w.l(use_no_semi.o)
    0x08000216   0x08000216   0x00000000   Code   RO          734    .text               c_w.l(indicate_semi.o)
    0x08000216   0x08000216   0x00000002   PAD
    0x08000218   0x08000218   0x0000000c   Code   RO          412    i.DIR_RIGHT         pwm_step_motor.o
    0x08000224   0x08000224   0x00000024   Code   RO          235    i.I2C_GetData       milkites_i2c.o
    0x08000248   0x08000248   0x00000054   Code   RO          236    i.I2C_Init          milkites_i2c.o
    0x0800029c   0x0800029c   0x0000000c   Code   RO          237    i.I2C_NACK          milkites_i2c.o
    0x080002a8   0x080002a8   0x00000020   Code   RO          238    i.I2C_Send_Addr     milkites_i2c.o
    0x080002c8   0x080002c8   0x00000020   Code   RO          239    i.I2C_Send_Byte     milkites_i2c.o
    0x080002e8   0x080002e8   0x0000000c   Code   RO          240    i.I2C_Start         milkites_i2c.o
    0x080002f4   0x080002f4   0x0000000c   Code   RO          241    i.I2C_Stop          milkites_i2c.o
    0x08000300   0x08000300   0x0000002e   Code   RO          131    i.LCD_clear         milkites_display.o
    0x0800032e   0x0800032e   0x00000002   PAD
    0x08000330   0x08000330   0x0000002c   Code   RO          132    i.LCD_column_set    milkites_display.o
    0x0800035c   0x0800035c   0x00000068   Code   RO          133    i.LCD_init          milkites_display.o
    0x080003c4   0x080003c4   0x00000020   Code   RO          136    i.LCD_page_set      milkites_display.o
    0x080003e4   0x080003e4   0x00000062   Code   RO          137    i.LCD_print_num     milkites_display.o
    0x08000446   0x08000446   0x0000001c   Code   RO          138    i.LCD_print_text    milkites_display.o
    0x08000462   0x08000462   0x00000012   Code   RO          140    i.LCD_set_cursor    milkites_display.o
    0x08000474   0x08000474   0x00000028   Code   RO          141    i.LCD_wr_byte       milkites_display.o
    0x0800049c   0x0800049c   0x00000638   Code   RO          142    i.LCD_wr_char       milkites_display.o
    0x08000ad4   0x08000ad4   0x00000010   Code   RO          326    i.MCU_ADC_init      milkites_adc.o
    0x08000ae4   0x08000ae4   0x00000034   Code   RO          327    i.MCU_ADC_read      milkites_adc.o
    0x08000b18   0x08000b18   0x0000001c   Code   RO          328    i.MCU_ADC_set_ch    milkites_adc.o
    0x08000b34   0x08000b34   0x0000001c   Code   RO          329    i.MCU_ADC_start_conv  milkites_adc.o
    0x08000b50   0x08000b50   0x00000020   Code   RO          294    i.MDR32_SSP1_init   milkites_spi.o
    0x08000b70   0x08000b70   0x00000030   Code   RO          413    i.PORTB_Init        pwm_step_motor.o
    0x08000ba0   0x08000ba0   0x000001c8   Code   RO          507    i.PORT_Init         mdr32f9qx_port.o
    0x08000d68   0x08000d68   0x0000001c   Code   RO          512    i.PORT_StructInit   mdr32f9qx_port.o
    0x08000d84   0x08000d84   0x0000001c   Code   RO          296    i.SPI1_Wr_Data      milkites_spi.o
    0x08000da0   0x08000da0   0x0000007c   Code   RO          415    i.STEPPER_SPEED     pwm_step_motor.o
    0x08000e1c   0x08000e1c   0x0000000c   Code   RO          416    i.STEP_DISABLE      pwm_step_motor.o
    0x08000e28   0x08000e28   0x00000024   Code   RO           97    i.SysTickTimer_set  milkites_delay.o
    0x08000e4c   0x08000e4c   0x00000090   Code   RO          474    i.SystemCoreClockUpdate  system_mdr32f9qx.o
    0x08000edc   0x08000edc   0x00000040   Code   RO          475    i.SystemInit        system_mdr32f9qx.o
    0x08000f1c   0x08000f1c   0x00000050   Code   RO          370    i.TLV493D_calc_field  tlv493d.o
    0x08000f6c   0x08000f6c   0x00000096   Code   RO          371    i.TLV493D_init      tlv493d.o
    0x08001002   0x08001002   0x00000012   Code   RO          372    i.TLV493D_reset     tlv493d.o
    0x08001014   0x08001014   0x00000044   Code   RO            4    i.Timer3_init       main.o
    0x08001058   0x08001058   0x0000000c   Code   RO            5    i.Timer3_start      main.o
    0x08001064   0x08001064   0x00000012   Code   RO           98    i.delay_init        milkites_delay.o
    0x08001076   0x08001076   0x00000028   Code   RO           99    i.delay_ms          milkites_delay.o
    0x0800109e   0x0800109e   0x00000002   PAD
    0x080010a0   0x080010a0   0x00000238   Code   RO            6    i.main              main.o
    0x080012d8   0x080012d8   0x00000254   Code   RO          373    i.read_all_TLV493D  tlv493d.o
    0x0800152c   0x0800152c   0x00000062   Code   RO          583    x$fpl$d2f           fz_ws.l(d2f.o)
    0x0800158e   0x0800158e   0x00000002   PAD
    0x08001590   0x08001590   0x00000150   Code   RO          585    x$fpl$dadd          fz_ws.l(daddsub_clz.o)
    0x080016e0   0x080016e0   0x000002b0   Code   RO          592    x$fpl$ddiv          fz_ws.l(ddiv.o)
    0x08001990   0x08001990   0x0000005e   Code   RO          595    x$fpl$dfix          fz_ws.l(dfix.o)
    0x080019ee   0x080019ee   0x0000002e   Code   RO          600    x$fpl$dflt          fz_ws.l(dflt_clz.o)
    0x08001a1c   0x08001a1c   0x00000154   Code   RO          605    x$fpl$dmul          fz_ws.l(dmul.o)
    0x08001b70   0x08001b70   0x0000009c   Code   RO          624    x$fpl$dnaninf       fz_ws.l(dnaninf.o)
    0x08001c0c   0x08001c0c   0x0000000c   Code   RO          626    x$fpl$dretinf       fz_ws.l(dretinf.o)
    0x08001c18   0x08001c18   0x000001d4   Code   RO          587    x$fpl$dsub          fz_ws.l(daddsub_clz.o)
    0x08001dec   0x08001dec   0x00000056   Code   RO          607    x$fpl$f2d           fz_ws.l(f2d.o)
    0x08001e42   0x08001e42   0x00000018   Code   RO          628    x$fpl$fcmpinf       fz_ws.l(fcmpi.o)
    0x08001e5a   0x08001e5a   0x00000002   PAD
    0x08001e5c   0x08001e5c   0x00000036   Code   RO          609    x$fpl$ffix          fz_ws.l(ffix.o)
    0x08001e92   0x08001e92   0x00000002   PAD
    0x08001e94   0x08001e94   0x00000030   Code   RO          614    x$fpl$fflt          fz_ws.l(fflt_clz.o)
    0x08001ec4   0x08001ec4   0x00000026   Code   RO          613    x$fpl$ffltu         fz_ws.l(fflt_clz.o)
    0x08001eea   0x08001eea   0x00000002   PAD
    0x08001eec   0x08001eec   0x00000068   Code   RO          619    x$fpl$fleqf         fz_ws.l(fleqf.o)
    0x08001f54   0x08001f54   0x00000102   Code   RO          621    x$fpl$fmul          fz_ws.l(fmul.o)
    0x08002056   0x08002056   0x0000008c   Code   RO          630    x$fpl$fnaninf       fz_ws.l(fnaninf.o)
    0x080020e2   0x080020e2   0x0000000a   Code   RO          632    x$fpl$fretinf       fz_ws.l(fretinf.o)
    0x080020ec   0x080020ec   0x00000000   Code   RO          634    x$fpl$usenofp       fz_ws.l(usenofp.o)
    0x080020ec   0x080020ec   0x000006c4   Data   RO          145    .constdata          milkites_display.o
    0x080027b0   0x080027b0   0x00000020   Data   RO          787    Region$$Table       anon$$obj.o


    Execution Region ER_RW (Exec base: 0x20000000, Load base: 0x080027d0, Size: 0x00000020, Max: 0xffffffff, ABSOLUTE)

    Exec Addr    Load Addr    Size         Type   Attr      Idx    E Section Name        Object

    0x20000000   0x080027d0   0x0000001c   Data   RW          146    .data               milkites_display.o
    0x2000001c   0x080027ec   0x00000004   Data   RW          476    .data               system_mdr32f9qx.o


    Execution Region ER_ZI (Exec base: 0x20000020, Load base: 0x080027f0, Size: 0x00000660, Max: 0xffffffff, ABSOLUTE)

    Exec Addr    Load Addr    Size         Type   Attr      Idx    E Section Name        Object

    0x20000020        -       0x00000060   Zero   RW          661    .bss                c_w.l(libspace.o)
    0x20000080        -       0x00000200   Zero   RW          466    HEAP                startup_mdr32f9qx.o
    0x20000280        -       0x00000400   Zero   RW          465    STACK               startup_mdr32f9qx.o


==============================================================================

Image component sizes


      Code (inc. data)   RO Data    RW Data    ZI Data      Debug   Object Name

       648        132          0          0          0      56156   main.o
       484          6          0          0          0       5850   mdr32f9qx_port.o
       124         20          0          0          0       1816   milkites_adc.o
        94          0          0          0          0       1447   milkites_delay.o
      2002        930       1732         28          0       6057   milkites_display.o
       220         40          0          0          0       3491   milkites_i2c.o
        60         22          0          0          0        861   milkites_spi.o
       196         26          0          0          0       1784   pwm_step_motor.o
        64         26        192          0       1536        808   startup_mdr32f9qx.o
       208         24          0          4          0       1375   system_mdr32f9qx.o
       844         24          0          0          0       3163   tlv493d.o

    ----------------------------------------------------------------------
      4948       1250       1956         32       1536      82808   Object Totals
         0          0         32          0          0          0   (incl. Generated)
         4          0          0          0          0          0   (incl. Padding)

    ----------------------------------------------------------------------

      Code (inc. data)   RO Data    RW Data    ZI Data      Debug   Library Member Name

         8          0          0          0          0         68   __main.o
         0          0          0          0          0          0   __rtentry.o
        12          0          0          0          0          0   __rtentry2.o
         6          0          0          0          0          0   __rtentry4.o
        52          8          0          0          0          0   __scatter.o
        26          0          0          0          0          0   __scatter_copy.o
        28          0          0          0          0          0   __scatter_zi.o
        18          0          0          0          0         80   exit.o
         6          0          0          0          0        152   heapauxi.o
         0          0          0          0          0          0   indicate_semi.o
         2          0          0          0          0          0   libinit.o
         2          0          0          0          0          0   libinit2.o
         2          0          0          0          0          0   libshutdown.o
         2          0          0          0          0          0   libshutdown2.o
         8          4          0          0         96         68   libspace.o
         2          0          0          0          0          0   rtexit.o
        10          0          0          0          0          0   rtexit2.o
        12          4          0          0          0         68   sys_exit.o
        74          0          0          0          0         80   sys_stackheap_outer.o
         2          0          0          0          0         68   use_no_semi.o
        98          4          0          0          0         92   d2f.o
       804         16          0          0          0        272   daddsub_clz.o
       688        140          0          0          0        208   ddiv.o
        94          4          0          0          0         92   dfix.o
        46          0          0          0          0         68   dflt_clz.o
       340         12          0          0          0        104   dmul.o
       156          4          0          0          0         92   dnaninf.o
        12          0          0          0          0         68   dretinf.o
        86          4          0          0          0         84   f2d.o
        24          0          0          0          0         68   fcmpi.o
        54          4          0          0          0         84   ffix.o
        86          0          0          0          0        136   fflt_clz.o
       104          4          0          0          0         84   fleqf.o
       258          4          0          0          0         84   fmul.o
       140          4          0          0          0         84   fnaninf.o
        10          0          0          0          0         68   fretinf.o
         0          0          0          0          0          0   usenofp.o

    ----------------------------------------------------------------------
      3288        216          0          0         96       2272   Library Totals
        16          0          0          0          0          0   (incl. Padding)

    ----------------------------------------------------------------------

      Code (inc. data)   RO Data    RW Data    ZI Data      Debug   Library Name

       272         16          0          0         96        584   c_w.l
      3000        200          0          0          0       1688   fz_ws.l

    ----------------------------------------------------------------------
      3288        216          0          0         96       2272   Library Totals

    ----------------------------------------------------------------------

==============================================================================


      Code (inc. data)   RO Data    RW Data    ZI Data      Debug   

      8236       1466       1956         32       1632      82060   Grand Totals
      8236       1466       1956         32       1632      82060   ELF Image Totals
      8236       1466       1956         32          0          0   ROM Totals

==============================================================================

    Total RO  Size (Code + RO Data)                10192 (   9.95kB)
    Total RW  Size (RW Data + ZI Data)              1664 (   1.63kB)
    Total ROM Size (Code + RO Data + RW Data)      10224 (   9.98kB)

==============================================================================

