--------------------------------------------------------------------------------
Release 14.4 Trace  (nt64)
Copyright (c) 1995-2012 Xilinx, Inc.  All rights reserved.

C:\Xilinx\14.4\ISE_DS\ISE\bin\nt64\unwrapped\trce.exe -intstyle ise -v 3 -s 4
-n 3 -fastpaths -xml FPGA2USB.twx FPGA2USB.ncd -o FPGA2USB.twr FPGA2USB.pcf
-ucf FPGA2USB_imp.ucf

Design file:              FPGA2USB.ncd
Physical constraint file: FPGA2USB.pcf
Device,package,speed:     xc3s500e,fg320,-4 (PRODUCTION 1.27 2012-12-04)
Report level:             verbose report

Environment Variable      Effect 
--------------------      ------ 
NONE                      No environment variables were set
--------------------------------------------------------------------------------

INFO:Timing:2698 - No timing constraints found, doing default enumeration.
INFO:Timing:3412 - To improve timing, see the Timing Closure User Guide (UG612).
INFO:Timing:2752 - To get complete path coverage, use the unconstrained paths 
   option. All paths that are not constrained will be reported in the 
   unconstrained paths section(s) of the report.
INFO:Timing:3339 - The clock-to-out numbers in this timing report are based on 
   a 50 Ohm transmission line loading model.  For the details of this model, 
   and for more information on accounting for different loading conditions, 
   please see the device datasheet.
INFO:Timing:3390 - This architecture does not support a default System Jitter 
   value, please add SYSTEM_JITTER constraint to the UCF to modify the Clock 
   Uncertainty calculation.
INFO:Timing:3389 - This architecture does not support 'Discrete Jitter' and 
   'Phase Error' calculations, these terms will be zero in the Clock 
   Uncertainty calculation.  Please make appropriate modification to 
   SYSTEM_JITTER to account for the unsupported Discrete Jitter and Phase 
   Error.



Data Sheet report:
-----------------
All values displayed in nanoseconds (ns)

Setup/Hold to clock CLKIN_IN
---------------+------------+------------+------------------+--------+
               |Max Setup to|Max Hold to |                  | Clock  |
Source         | clk (edge) | clk (edge) |Internal Clock(s) | Phase  |
---------------+------------+------------+------------------+--------+
RX_FIFO_full_fl|    5.280(R)|   -2.407(R)|CLK_48M_OBUF      |   0.000|
---------------+------------+------------+------------------+--------+

Clock CLKIN_IN to Pad
------------+------------+------------------+--------+
            | clk (edge) |                  | Clock  |
Destination |   to PAD   |Internal Clock(s) | Phase  |
------------+------------+------------------+--------+
fdata<0>    |    5.894(R)|CLK_48M_OBUF      |   0.000|
fdata<1>    |    5.327(R)|CLK_48M_OBUF      |   0.000|
fdata<2>    |    6.438(R)|CLK_48M_OBUF      |   0.000|
fdata<3>    |    5.624(R)|CLK_48M_OBUF      |   0.000|
fdata<4>    |    6.239(R)|CLK_48M_OBUF      |   0.000|
fdata<5>    |    5.734(R)|CLK_48M_OBUF      |   0.000|
fdata<6>    |    6.237(R)|CLK_48M_OBUF      |   0.000|
fdata<7>    |    7.632(R)|CLK_48M_OBUF      |   0.000|
------------+------------+------------------+--------+

Clock to Setup on destination clock CLKIN_IN
---------------+---------+---------+---------+---------+
               | Src:Rise| Src:Fall| Src:Rise| Src:Fall|
Source Clock   |Dest:Rise|Dest:Rise|Dest:Fall|Dest:Fall|
---------------+---------+---------+---------+---------+
CLKIN_IN       |    3.410|         |         |         |
---------------+---------+---------+---------+---------+

Pad to Pad
---------------+------------------+---------+
Source Pad     |Destination Pad   |  Delay  |
---------------+------------------+---------+
CLKIN_IN       |CLK0_OUT          |    7.906|
CLKIN_IN       |CLKIN_IBUFG_OUT   |    5.120|
CLKIN_IN       |CLK_48M           |    7.458|
RX_FIFO_full_fl|input_buf_empty_fl|    7.747|
---------------+------------------+---------+


Analysis completed Fri Jan 10 15:08:28 2014 
--------------------------------------------------------------------------------

Trace Settings:
-------------------------
Trace Settings 

Peak Memory Usage: 168 MB



