<html>
<body>
<pre>
<h1>µVision Build Log</h1>
<h2>Tool Versions:</h2>
IDE-Version: µVision V5.31.0.0
Copyright (C) 2020 ARM Ltd and ARM Germany GmbH. All rights reserved.
License Information: Leonid Vladimirov, Milandr, LIC=----
 
Tool Versions:
Toolchain:       MDK-Lite  Version: 5.31.0.0
Toolchain Path:  C:\Keil\ARM\ARMCC\Bin
C Compiler:      Armcc.exe V5.06 update 6 (build 750)
Assembler:       Armasm.exe V5.06 update 6 (build 750)
Linker/Locator:  ArmLink.exe V5.06 update 6 (build 750)
Library Manager: ArmAr.exe V5.06 update 6 (build 750)
Hex Converter:   FromElf.exe V5.06 update 6 (build 750)
CPU DLL:         SARMCM3.DLL V5.31.0.0
Dialog DLL:      DCM.DLL V1.17.3.0
Target DLL:      STLink\ST-LINKIII-KEIL_SWO.dll V3.0.7.0
Dialog DLL:      TCM.DLL V1.46.0.0
 
<h2>Project:</h2>
C:\[Course] BMP\Demo_Projects\Demo_Project_2-3\_Project\Project.uvprojx
Project File Date:  07/07/2020

<h2>Output:</h2>
*** Using Compiler 'V5.06 update 6 (build 750)', folder: 'C:\Keil\ARM\ARMCC\Bin'
Rebuild target '1986VE92'
compiling main.c...
compiling menu.c...
compiling led.c...
compiling clk.c...
compiling btn.c...
assembling startup_1986VE9x.s...
compiling lcd.c...
linking...
Program Size: Code=9444 RO-data=4228 RW-data=376 ZI-data=1672  
FromELF: creating hex file...
".\Objects\1986VE92.axf" - 0 Error(s), 0 Warning(s).

<h2>Software Packages used:</h2>

Package Vendor: Keil
                http://www.keil.com/pack/Keil.Milandr_1986VE9x.1.0.pack
                Keil.Milandr_1986VE9x.1.0
                Milandr 1986VE9x Device Series Support
   * Component: Startup Version: 1.0

<h2>Collection of Component include folders:</h2>
  .\RTE\_1986VE92
  C:\Keil\ARM\PACK\.Custom\Keil\Milandr_1986VE9x\1.0\Core
  C:\Keil\ARM\PACK\.Custom\Keil\Milandr_1986VE9x\1.0\Header

<h2>Collection of Component Files used:</h2>

   * Component: Keil::Device:Startup:1.0
      Source file:   Startup\startup_1986VE9x.s
      Include file:  Core\core_cm3.h
Build Time Elapsed:  00:00:01
</pre>
</body>
</html>
