Component: ARM Compiler 5.06 update 6 (build 750) Tool: armlink [4d35ed]

==============================================================================

Section Cross References

    main.o(i.CalcCurrent) refers to fflt_clz.o(x$fpl$ffltu) for __aeabi_ui2f
    main.o(i.CalcCurrent) refers to f2d.o(x$fpl$f2d) for __aeabi_f2d
    main.o(i.CalcCurrent) refers to dmul.o(x$fpl$dmul) for __aeabi_dmul
    main.o(i.CalcCurrent) refers to ddiv.o(x$fpl$ddiv) for __aeabi_ddiv
    main.o(i.CalcCurrent) refers to dfixu.o(x$fpl$dfixu) for __aeabi_d2uiz
    main.o(i.CalcCurrent) refers to d2f.o(x$fpl$d2f) for __aeabi_d2f
    main.o(i.CalcCurrent) refers to faddsub_clz.o(x$fpl$fsub) for __aeabi_fsub
    main.o(i.CalcCurrent) refers to ffixu.o(x$fpl$ffixu) for __aeabi_f2uiz
    main.o(i.GPIO_init) refers to mdr32f9qx_port.o(i.PORT_StructInit) for PORT_StructInit
    main.o(i.GPIO_init) refers to mdr32f9qx_port.o(i.PORT_Init) for PORT_Init
    main.o(i.PIDregInit) refers to main.o(.bss) for PID
    main.o(i.PIDregInit) refers to main.o(.data) for DAC2set
    main.o(i.Timer2_IRQHandler) refers to mdr_adc.o(i.MCU_ADC_init) for MCU_ADC_init
    main.o(i.Timer2_IRQHandler) refers to mdr_adc.o(i.MCU_ADC_read) for MCU_ADC_read
    main.o(i.Timer2_IRQHandler) refers to queue.o(i.uxQueueMessagesWaitingFromISR) for uxQueueMessagesWaitingFromISR
    main.o(i.Timer2_IRQHandler) refers to queue.o(i.xQueueGenericSendFromISR) for xQueueGenericSendFromISR
    main.o(i.Timer2_IRQHandler) refers to queue.o(i.xQueueReceiveFromISR) for xQueueReceiveFromISR
    main.o(i.Timer2_IRQHandler) refers to queue.o(i.xQueuePeekFromISR) for xQueuePeekFromISR
    main.o(i.Timer2_IRQHandler) refers to fflt_clz.o(x$fpl$ffltu) for __aeabi_ui2f
    main.o(i.Timer2_IRQHandler) refers to faddsub_clz.o(x$fpl$fsub) for __aeabi_fsub
    main.o(i.Timer2_IRQHandler) refers to fmul.o(x$fpl$fmul) for __aeabi_fmul
    main.o(i.Timer2_IRQHandler) refers to faddsub_clz.o(x$fpl$fadd) for __aeabi_fadd
    main.o(i.Timer2_IRQHandler) refers to frleqf.o(x$fpl$frleqf) for __aeabi_cfrcmple
    main.o(i.Timer2_IRQHandler) refers to fleqf.o(x$fpl$fleqf) for __aeabi_cfcmple
    main.o(i.Timer2_IRQHandler) refers to f2d.o(x$fpl$f2d) for __aeabi_f2d
    main.o(i.Timer2_IRQHandler) refers to dmul.o(x$fpl$dmul) for __aeabi_dmul
    main.o(i.Timer2_IRQHandler) refers to dfixu.o(x$fpl$dfixu) for __aeabi_d2uiz
    main.o(i.Timer2_IRQHandler) refers to main.o(.data) for MeasDataTx
    main.o(i.Timer2_IRQHandler) refers to main.o(.bss) for PID
    main.o(i.main) refers to queue.o(i.xQueueGenericCreate) for xQueueGenericCreate
    main.o(i.main) refers to main.o(i.OSC_init) for OSC_init
    main.o(i.main) refers to main.o(i.GPIO_init) for GPIO_init
    main.o(i.main) refers to main.o(i.T2_init) for T2_init
    main.o(i.main) refers to mdr_adc.o(i.MCU_ADC_init) for MCU_ADC_init
    main.o(i.main) refers to main.o(i.MCU_DAC2_init) for MCU_DAC2_init
    main.o(i.main) refers to main.o(i.PIDregInit) for PIDregInit
    main.o(i.main) refers to mdr_modbus.o(i.modbus_init) for modbus_init
    main.o(i.main) refers to main.o(i.NVIC_EnableIRQ) for NVIC_EnableIRQ
    main.o(i.main) refers to main.o(i.NVIC_SetPriority) for NVIC_SetPriority
    main.o(i.main) refers to tasks.o(i.xTaskCreate) for xTaskCreate
    main.o(i.main) refers to tasks.o(i.vTaskStartScheduler) for vTaskStartScheduler
    main.o(i.main) refers to main.o(.data) for FPsetCounts_q
    main.o(i.main) refers to main.o(i.task_ModbusSM) for task_ModbusSM
    main.o(i.main) refers to main.o(i.task_OvercurrentSM) for task_OvercurrentSM
    main.o(i.task_ModbusSM) refers to queue.o(i.xQueueGenericSend) for xQueueGenericSend
    main.o(i.task_ModbusSM) refers to mdr_modbus.o(i.modbus_get_poll) for modbus_get_poll
    main.o(i.task_ModbusSM) refers to queue.o(i.uxQueueMessagesWaiting) for uxQueueMessagesWaiting
    main.o(i.task_ModbusSM) refers to queue.o(i.xQueueReceive) for xQueueReceive
    main.o(i.task_ModbusSM) refers to queue.o(i.xQueuePeek) for xQueuePeek
    main.o(i.task_ModbusSM) refers to fflt_clz.o(x$fpl$ffltu) for __aeabi_ui2f
    main.o(i.task_ModbusSM) refers to f2d.o(x$fpl$f2d) for __aeabi_f2d
    main.o(i.task_ModbusSM) refers to dmul.o(x$fpl$dmul) for __aeabi_dmul
    main.o(i.task_ModbusSM) refers to dfixu.o(x$fpl$dfixu) for __aeabi_d2uiz
    main.o(i.task_ModbusSM) refers to dflt_clz.o(x$fpl$dfltu) for __aeabi_ui2d
    main.o(i.task_ModbusSM) refers to mdr_modbus.o(i.holding_reg_write) for holding_reg_write
    main.o(i.task_ModbusSM) refers to main.o(i.CalcCurrent) for CalcCurrent
    main.o(i.task_ModbusSM) refers to ffixu.o(x$fpl$ffixu) for __aeabi_f2uiz
    main.o(i.task_ModbusSM) refers to mdr_modbus.o(i.modbus_rhr_answer) for modbus_rhr_answer
    main.o(i.task_ModbusSM) refers to mdr_modbus.o(i.modbus_wsr_answer) for modbus_wsr_answer
    main.o(i.task_ModbusSM) refers to mdr_modbus.o(i.get_wr_reg_addr) for get_wr_reg_addr
    main.o(i.task_ModbusSM) refers to mdr_modbus.o(i.get_wr_reg_val) for get_wr_reg_val
[...]
    defsig_exit.o(.text) refers to sys_exit.o(.text) for _sys_exit
    defsig_rtmem_inner.o(.text) refers to defsig_general.o(.text) for __default_signal_display
    __raise.o(.text) refers to defsig.o(CL$$defsig) for __default_signal_handler
    defsig_general.o(.text) refers to sys_wrch.o(.text) for _ttywrch
    sys_wrch.o(.text) refers (Special) to use_no_semi.o(.text) for __I$use$semihosting
    sys_wrch.o(.text) refers (Special) to indicate_semi.o(.text) for __semihosting_library_function
    defsig.o(CL$$defsig) refers to defsig_rtmem_inner.o(.text) for __rt_SIGRTMEM_inner
    defsig_abrt_inner.o(.text) refers to defsig_general.o(.text) for __default_signal_display
    defsig_fpe_inner.o(.text) refers to defsig_general.o(.text) for __default_signal_display
    defsig_rtred_inner.o(.text) refers to defsig_general.o(.text) for __default_signal_display
    defsig_stak_inner.o(.text) refers to defsig_general.o(.text) for __default_signal_display
    defsig_pvfn_inner.o(.text) refers to defsig_general.o(.text) for __default_signal_display
    defsig_cppl_inner.o(.text) refers to defsig_general.o(.text) for __default_signal_display
    defsig_segv_inner.o(.text) refers to defsig_general.o(.text) for __default_signal_display
    defsig_other.o(.text) refers to defsig_general.o(.text) for __default_signal_display


==============================================================================

Removing Unused input sections from the image.

    Removing main.o(.rev16_text), (4 bytes).
    Removing main.o(.revsh_text), (4 bytes).
    Removing heap_2.o(.rev16_text), (4 bytes).
    Removing heap_2.o(.revsh_text), (4 bytes).
    Removing heap_2.o(i.vPortInitialiseBlocks), (2 bytes).
    Removing heap_2.o(i.xPortGetFreeHeapSize), (12 bytes).
    Removing list.o(.rev16_text), (4 bytes).
    Removing list.o(.revsh_text), (4 bytes).
    Removing port.o(.rev16_text), (4 bytes).
    Removing port.o(.revsh_text), (4 bytes).
    Removing port.o(i.vPortEndScheduler), (2 bytes).
    Removing queue.o(.rev16_text), (4 bytes).
    Removing queue.o(.revsh_text), (4 bytes).
    Removing queue.o(i.uxQueueSpacesAvailable), (24 bytes).
    Removing queue.o(i.vQueueDelete), (14 bytes).
    Removing queue.o(i.xQueueIsQueueEmptyFromISR), (16 bytes).
    Removing queue.o(i.xQueueIsQueueFullFromISR), (22 bytes).
    Removing tasks.o(.rev16_text), (4 bytes).
    Removing tasks.o(.revsh_text), (4 bytes).
    Removing tasks.o(i.pcTaskGetName), (24 bytes).
    Removing tasks.o(i.prvTaskIsTaskSuspended), (64 bytes).
    Removing tasks.o(i.ulTaskNotifyTake), (116 bytes).
    Removing tasks.o(i.uxTaskGetNumberOfTasks), (12 bytes).
    Removing tasks.o(i.uxTaskPriorityGet), (36 bytes).
    Removing tasks.o(i.uxTaskPriorityGetFromISR), (56 bytes).
    Removing tasks.o(i.uxTaskResetEventItemValue), (28 bytes).
    Removing tasks.o(i.vTaskDelayUntil), (116 bytes).
    Removing tasks.o(i.vTaskDelete), (204 bytes).
    Removing tasks.o(i.vTaskEndScheduler), (36 bytes).
    Removing tasks.o(i.vTaskNotifyGiveFromISR), (176 bytes).
    Removing tasks.o(i.vTaskPlaceOnUnorderedEventList), (44 bytes).
    Removing tasks.o(i.vTaskPrioritySet), (232 bytes).
    Removing tasks.o(i.vTaskRemoveFromUnorderedEventList), (100 bytes).
    Removing tasks.o(i.vTaskResume), (120 bytes).
    Removing tasks.o(i.vTaskSetTimeOutState), (36 bytes).
    Removing tasks.o(i.vTaskSuspend), (204 bytes).
    Removing tasks.o(i.xTaskGenericNotify), (196 bytes).
    Removing tasks.o(i.xTaskGenericNotifyFromISR), (252 bytes).
    Removing tasks.o(i.xTaskGetTickCount), (12 bytes).
    Removing tasks.o(i.xTaskGetTickCountFromISR), (12 bytes).
    Removing tasks.o(i.xTaskNotifyStateClear), (52 bytes).
    Removing tasks.o(i.xTaskNotifyWait), (160 bytes).
    Removing tasks.o(i.xTaskResumeFromISR), (152 bytes).
    Removing mdr_uart.o(.rev16_text), (4 bytes).
    Removing mdr_uart.o(.revsh_text), (4 bytes).
    Removing mdr_modbus.o(.rev16_text), (4 bytes).
    Removing mdr_modbus.o(.revsh_text), (4 bytes).
    Removing mdr_modbus.o(i.holding_reg_read), (16 bytes).
    Removing mdr_modbus.o(i.input_reg_read), (16 bytes).
    Removing mdr_modbus.o(i.is_reg), (44 bytes).
    Removing mdr_modbus.o(i.set_modbus_id), (20 bytes).
    Removing mdr_modbus.o(.constdata), (4 bytes).
    Removing mdr_adc.o(.rev16_text), (4 bytes).
    Removing mdr_adc.o(.revsh_text), (4 bytes).
    Removing mdr_adc.o(i.MCU_ADC_set_ch), (28 bytes).
    Removing mdr_adc.o(i.MCU_ADC_stop_conv), (20 bytes).
    Removing system_mdr32f9qx.o(.rev16_text), (4 bytes).
    Removing system_mdr32f9qx.o(.revsh_text), (4 bytes).
    Removing mdr32f9qx_port.o(.rev16_text), (4 bytes).
    Removing mdr32f9qx_port.o(.revsh_text), (4 bytes).
    Removing mdr32f9qx_port.o(i.PORT_DeInit), (20 bytes).
    Removing mdr32f9qx_port.o(i.PORT_ReadInputData), (6 bytes).
    Removing mdr32f9qx_port.o(i.PORT_ReadInputDataBit), (16 bytes).
    Removing mdr32f9qx_port.o(i.PORT_ResetBits), (28 bytes).
    Removing mdr32f9qx_port.o(i.PORT_SetBits), (28 bytes).
    Removing mdr32f9qx_port.o(i.PORT_Write), (24 bytes).
    Removing mdr32f9qx_port.o(i.PORT_WriteBit), (44 bytes).

67 unused section(s) (total 2934 bytes) removed from the image.

==============================================================================

Image Symbol Table

    Local Symbols

    Symbol Name                              Value     Ov Type        Size  Object(Section)

    ../clib/angel/boardlib.s                 0x00000000   Number         0  boardshut.o ABSOLUTE
    ../clib/angel/boardlib.s                 0x00000000   Number         0  boardinit1.o ABSOLUTE
    ../clib/angel/boardlib.s                 0x00000000   Number         0  boardinit2.o ABSOLUTE
    ../clib/angel/boardlib.s                 0x00000000   Number         0  boardinit3.o ABSOLUTE
    ../clib/angel/handlers.s                 0x00000000   Number         0  __scatter_copy.o ABSOLUTE
    ../clib/angel/handlers.s                 0x00000000   Number         0  __scatter_zi.o ABSOLUTE
    ../clib/angel/kernel.s                   0x00000000   Number         0  rtexit2.o ABSOLUTE
    ../clib/angel/kernel.s                   0x00000000   Number         0  __rtentry4.o ABSOLUTE
    ../clib/angel/kernel.s                   0x00000000   Number         0  rtexit.o ABSOLUTE
    ../clib/angel/kernel.s                   0x00000000   Number         0  __rtentry2.o ABSOLUTE
    ../clib/angel/kernel.s                   0x00000000   Number         0  __rtentry.o ABSOLUTE
    ../clib/angel/rt.s                       0x00000000   Number         0  rt_raise.o ABSOLUTE
    ../clib/angel/scatter.s                  0x00000000   Number         0  __scatter.o ABSOLUTE
    ../clib/angel/startup.s                  0x00000000   Number         0  __main.o ABSOLUTE
    ../clib/angel/sys.s                      0x00000000   Number         0  libspace.o ABSOLUTE
    ../clib/angel/sys.s                      0x00000000   Number         0  sys_stackheap_outer.o ABSOLUTE
    ../clib/angel/sys.s                      0x00000000   Number         0  use_no_semi.o ABSOLUTE
    ../clib/angel/sys.s                      0x00000000   Number         0  indicate_semi.o ABSOLUTE
    ../clib/angel/sysapp.c                   0x00000000   Number         0  sys_exit.o ABSOLUTE
    ../clib/angel/sysapp.c                   0x00000000   Number         0  sys_command.o ABSOLUTE
    ../clib/angel/sysapp.c                   0x00000000   Number         0  sys_wrch.o ABSOLUTE
    ../clib/armsys.c                         0x00000000   Number         0  argv_veneer.o ABSOLUTE
    ../clib/armsys.c                         0x00000000   Number         0  argv_veneer.o ABSOLUTE
    ../clib/armsys.c                         0x00000000   Number         0  _get_argv_nomalloc.o ABSOLUTE
    ../clib/armsys.c                         0x00000000   Number         0  no_argv.o ABSOLUTE
    ../clib/heapalloc.c                      0x00000000   Number         0  hrguard.o ABSOLUTE
    ../clib/heapaux.c                        0x00000000   Number         0  heapauxi.o ABSOLUTE
    ../clib/libinit.s                        0x00000000   Number         0  libinit2.o ABSOLUTE
    ../clib/libinit.s                        0x00000000   Number         0  libinit.o ABSOLUTE
    ../clib/libinit.s                        0x00000000   Number         0  libshutdown2.o ABSOLUTE
    ../clib/libinit.s                        0x00000000   Number         0  libshutdown.o ABSOLUTE
    ../clib/memcpset.s                       0x00000000   Number         0  rt_memcpy_w.o ABSOLUTE
    ../clib/memcpset.s                       0x00000000   Number         0  rt_memcpy_v6.o ABSOLUTE
    ../clib/signal.c                         0x00000000   Number         0  defsig_rtred_inner.o ABSOLUTE
    ../clib/signal.c                         0x00000000   Number         0  defsig_fpe_inner.o ABSOLUTE
    ../clib/signal.c                         0x00000000   Number         0  defsig_abrt_inner.o ABSOLUTE
    ../clib/signal.c                         0x00000000   Number         0  defsig_general.o ABSOLUTE
    ../clib/signal.c                         0x00000000   Number         0  __raise.o ABSOLUTE
    ../clib/signal.c                         0x00000000   Number         0  defsig_rtmem_inner.o ABSOLUTE
    ../clib/signal.c                         0x00000000   Number         0  defsig_exit.o ABSOLUTE
    ../clib/signal.c                         0x00000000   Number         0  defsig_other.o ABSOLUTE
    ../clib/signal.c                         0x00000000   Number         0  defsig_rtmem_formal.o ABSOLUTE
    ../clib/signal.c                         0x00000000   Number         0  defsig_rtmem_outer.o ABSOLUTE
    ../clib/signal.c                         0x00000000   Number         0  defsig_segv_inner.o ABSOLUTE
    ../clib/signal.c                         0x00000000   Number         0  defsig_cppl_inner.o ABSOLUTE
    ../clib/signal.c                         0x00000000   Number         0  defsig_pvfn_inner.o ABSOLUTE
    ../clib/signal.c                         0x00000000   Number         0  defsig_stak_inner.o ABSOLUTE
    ../clib/signal.s                         0x00000000   Number         0  defsig.o ABSOLUTE
    ../clib/stdlib.c                         0x00000000   Number         0  exit.o ABSOLUTE
    ../fplib/d2f.s                           0x00000000   Number         0  d2f.o ABSOLUTE
    ../fplib/ddiv.s                          0x00000000   Number         0  ddiv.o ABSOLUTE
    ../fplib/dfixu.s                         0x00000000   Number         0  dfixu.o ABSOLUTE
    ../fplib/dflt.s                          0x00000000   Number         0  dflt_clz.o ABSOLUTE
    ../fplib/dmul.s                          0x00000000   Number         0  dmul.o ABSOLUTE
    ../fplib/dnaninf.s                       0x00000000   Number         0  dnaninf.o ABSOLUTE
    ../fplib/dretinf.s                       0x00000000   Number         0  dretinf.o ABSOLUTE
    ../fplib/f2d.s                           0x00000000   Number         0  f2d.o ABSOLUTE
    ../fplib/faddsub.s                       0x00000000   Number         0  faddsub_clz.o ABSOLUTE
    ../fplib/fcmpi.s                         0x00000000   Number         0  fcmpi.o ABSOLUTE
    ../fplib/ffixu.s                         0x00000000   Number         0  ffixu.o ABSOLUTE
    ../fplib/fflt.s                          0x00000000   Number         0  fflt_clz.o ABSOLUTE
    ../fplib/fleqf.s                         0x00000000   Number         0  fleqf.o ABSOLUTE
    ../fplib/fmul.s                          0x00000000   Number         0  fmul.o ABSOLUTE
    ../fplib/fnaninf.s                       0x00000000   Number         0  fnaninf.o ABSOLUTE
    ../fplib/fpinit.s                        0x00000000   Number         0  fpinit.o ABSOLUTE
    ../fplib/fretinf.s                       0x00000000   Number         0  fretinf.o ABSOLUTE
    ../fplib/frleqf.s                        0x00000000   Number         0  frleqf.o ABSOLUTE
    ../fplib/usenofp.s                       0x00000000   Number         0  usenofp.o ABSOLUTE
    C:\Users\home desktop PC\AppData\Local\Arm\Packs\Keil\MDR1986BExx\1.51\Libraries\MDR32F9Qx_StdPeriph_Driver\src\MDR32F9Qx_port.c 0x00000000   Number         0  mdr32f9qx_port.o ABSOLUTE
    C:\\Users\\home desktop PC\\AppData\\Local\\Arm\\Packs\\Keil\\MDR1986BExx\\1.51\\Libraries\\MDR32F9Qx_StdPeriph_Driver\\src\\MDR32F9Qx_port.c 0x00000000   Number         0  mdr32f9qx_port.o ABSOLUTE
    RTE\Device\MDR1986BE91\startup_MDR32F9Qx.s 0x00000000   Number         0  startup_mdr32f9qx.o ABSOLUTE
    RTE\Device\MDR1986BE91\system_MDR32F9Qx.c 0x00000000   Number         0  system_mdr32f9qx.o ABSOLUTE
    RTE\\Device\\MDR1986BE91\\system_MDR32F9Qx.c 0x00000000   Number         0  system_mdr32f9qx.o ABSOLUTE
    RTOS\\heap_2.c                           0x00000000   Number         0  heap_2.o ABSOLUTE
    RTOS\\list.c                             0x00000000   Number         0  list.o ABSOLUTE
    RTOS\\port.c                             0x00000000   Number         0  port.o ABSOLUTE
    RTOS\\queue.c                            0x00000000   Number         0  queue.o ABSOLUTE
    RTOS\\tasks.c                            0x00000000   Number         0  tasks.o ABSOLUTE
    RTOS\heap_2.c                            0x00000000   Number         0  heap_2.o ABSOLUTE
    RTOS\list.c                              0x00000000   Number         0  list.o ABSOLUTE
    RTOS\port.c                              0x00000000   Number         0  port.o ABSOLUTE
    RTOS\queue.c                             0x00000000   Number         0  queue.o ABSOLUTE
    RTOS\tasks.c                             0x00000000   Number         0  tasks.o ABSOLUTE
    dc.s                                     0x00000000   Number         0  dc.o ABSOLUTE
    main.c                                   0x00000000   Number         0  main.o ABSOLUTE
    main.c                                   0x00000000   Number         0  main.o ABSOLUTE
    src\\c\\mdr_adc.c                        0x00000000   Number         0  mdr_adc.o ABSOLUTE
    src\\c\\mdr_modbus.c                     0x00000000   Number         0  mdr_modbus.o ABSOLUTE
    src\\c\\mdr_uart.c                       0x00000000   Number         0  mdr_uart.o ABSOLUTE
    src\c\mdr_adc.c                          0x00000000   Number         0  mdr_adc.o ABSOLUTE
    src\c\mdr_modbus.c                       0x00000000   Number         0  mdr_modbus.o ABSOLUTE
    src\c\mdr_uart.c                         0x00000000   Number         0  mdr_uart.o ABSOLUTE
    RESET                                    0x08000000   Section      192  startup_mdr32f9qx.o(RESET)
    !!!main                                  0x080000c0   Section        8  __main.o(!!!main)
    !!!scatter                               0x080000c8   Section       52  __scatter.o(!!!scatter)
    !!handler_copy                           0x080000fc   Section       26  __scatter_copy.o(!!handler_copy)
    !!handler_zi                             0x08000118   Section       28  __scatter_zi.o(!!handler_zi)
    .ARM.Collect$$libinit$$00000000          0x08000134   Section        2  libinit.o(.ARM.Collect$$libinit$$00000000)
    .ARM.Collect$$libinit$$00000002          0x08000136   Section        0  libinit2.o(.ARM.Collect$$libinit$$00000002)
    .ARM.Collect$$libinit$$00000004          0x08000136   Section        0  libinit2.o(.ARM.Collect$$libinit$$00000004)
    .ARM.Collect$$libinit$$0000000A          0x08000136   Section        0  libinit2.o(.ARM.Collect$$libinit$$0000000A)
    .ARM.Collect$$libinit$$0000000C          0x08000136   Section        0  libinit2.o(.ARM.Collect$$libinit$$0000000C)
    .ARM.Collect$$libinit$$0000000E          0x08000136   Section        0  libinit2.o(.ARM.Collect$$libinit$$0000000E)
    .ARM.Collect$$libinit$$00000011          0x08000136   Section        0  libinit2.o(.ARM.Collect$$libinit$$00000011)
    .ARM.Collect$$libinit$$00000013          0x08000136   Section        0  libinit2.o(.ARM.Collect$$libinit$$00000013)
    .ARM.Collect$$libinit$$00000015          0x08000136   Section        0  libinit2.o(.ARM.Collect$$libinit$$00000015)
    .ARM.Collect$$libinit$$00000017          0x08000136   Section        0  libinit2.o(.ARM.Collect$$libinit$$00000017)
    .ARM.Collect$$libinit$$00000019          0x08000136   Section        0  libinit2.o(.ARM.Collect$$libinit$$00000019)
    .ARM.Collect$$libinit$$0000001B          0x08000136   Section        0  libinit2.o(.ARM.Collect$$libinit$$0000001B)
    .ARM.Collect$$libinit$$0000001D          0x08000136   Section        0  libinit2.o(.ARM.Collect$$libinit$$0000001D)
    .ARM.Collect$$libinit$$0000001F          0x08000136   Section        0  libinit2.o(.ARM.Collect$$libinit$$0000001F)
    .ARM.Collect$$libinit$$00000021          0x08000136   Section        0  libinit2.o(.ARM.Collect$$libinit$$00000021)
    .ARM.Collect$$libinit$$00000023          0x08000136   Section        0  libinit2.o(.ARM.Collect$$libinit$$00000023)
    .ARM.Collect$$libinit$$00000025          0x08000136   Section        0  libinit2.o(.ARM.Collect$$libinit$$00000025)
    .ARM.Collect$$libinit$$0000002C          0x08000136   Section        0  libinit2.o(.ARM.Collect$$libinit$$0000002C)
    .ARM.Collect$$libinit$$0000002E          0x08000136   Section        0  libinit2.o(.ARM.Collect$$libinit$$0000002E)
    .ARM.Collect$$libinit$$00000030          0x08000136   Section        0  libinit2.o(.ARM.Collect$$libinit$$00000030)
    .ARM.Collect$$libinit$$00000032          0x08000136   Section        0  libinit2.o(.ARM.Collect$$libinit$$00000032)
    .ARM.Collect$$libinit$$00000033          0x08000136   Section        2  libinit2.o(.ARM.Collect$$libinit$$00000033)
    .ARM.Collect$$libshutdown$$00000000      0x08000138   Section        2  libshutdown.o(.ARM.Collect$$libshutdown$$00000000)
    .ARM.Collect$$libshutdown$$00000002      0x0800013a   Section        0  libshutdown2.o(.ARM.Collect$$libshutdown$$00000002)
    .ARM.Collect$$libshutdown$$00000004      0x0800013a   Section        0  libshutdown2.o(.ARM.Collect$$libshutdown$$00000004)
    .ARM.Collect$$libshutdown$$00000007      0x0800013a   Section        0  libshutdown2.o(.ARM.Collect$$libshutdown$$00000007)
    .ARM.Collect$$libshutdown$$0000000A      0x0800013a   Section        0  libshutdown2.o(.ARM.Collect$$libshutdown$$0000000A)
    .ARM.Collect$$libshutdown$$0000000C      0x0800013a   Section        0  libshutdown2.o(.ARM.Collect$$libshutdown$$0000000C)
    .ARM.Collect$$libshutdown$$0000000F      0x0800013a   Section        0  libshutdown2.o(.ARM.Collect$$libshutdown$$0000000F)
    .ARM.Collect$$libshutdown$$00000010      0x0800013a   Section        2  libshutdown2.o(.ARM.Collect$$libshutdown$$00000010)
    .ARM.Collect$$rtentry$$00000000          0x0800013c   Section        0  __rtentry.o(.ARM.Collect$$rtentry$$00000000)
    .ARM.Collect$$rtentry$$00000002          0x0800013c   Section        0  __rtentry2.o(.ARM.Collect$$rtentry$$00000002)
    .ARM.Collect$$rtentry$$00000004          0x0800013c   Section        6  __rtentry4.o(.ARM.Collect$$rtentry$$00000004)
    .ARM.Collect$$rtentry$$00000009          0x08000142   Section        0  __rtentry2.o(.ARM.Collect$$rtentry$$00000009)
    .ARM.Collect$$rtentry$$0000000A          0x08000142   Section        4  __rtentry2.o(.ARM.Collect$$rtentry$$0000000A)
    .ARM.Collect$$rtentry$$0000000C          0x08000146   Section        0  __rtentry2.o(.ARM.Collect$$rtentry$$0000000C)
    .ARM.Collect$$rtentry$$0000000D          0x08000146   Section        8  __rtentry2.o(.ARM.Collect$$rtentry$$0000000D)
    .ARM.Collect$$rtexit$$00000000           0x0800014e   Section        2  rtexit.o(.ARM.Collect$$rtexit$$00000000)
    .ARM.Collect$$rtexit$$00000002           0x08000150   Section        0  rtexit2.o(.ARM.Collect$$rtexit$$00000002)
    .ARM.Collect$$rtexit$$00000003           0x08000150   Section        4  rtexit2.o(.ARM.Collect$$rtexit$$00000003)
    .ARM.Collect$$rtexit$$00000004           0x08000154   Section        6  rtexit2.o(.ARM.Collect$$rtexit$$00000004)
    .emb_text                                0x0800015c   Section      150  port.o(.emb_text)
    .text                                    0x080001f4   Section       64  startup_mdr32f9qx.o(.text)
    .text                                    0x08000234   Section      138  rt_memcpy_v6.o(.text)
    .text                                    0x080002be   Section        0  heapauxi.o(.text)
    .text                                    0x080002c4   Section      100  rt_memcpy_w.o(.text)
    .text                                    0x08000328   Section       74  sys_stackheap_outer.o(.text)
    .text                                    0x08000372   Section        0  exit.o(.text)
    .text                                    0x08000384   Section        8  libspace.o(.text)
    .text                                    0x0800038c   Section        0  sys_exit.o(.text)
    .text                                    0x08000398   Section        2  use_no_semi.o(.text)
    .text                                    0x0800039a   Section        0  indicate_semi.o(.text)
    i.CalcCurrent                            0x0800039c   Section        0  main.o(i.CalcCurrent)
    i.GPIO_init                              0x0800043c   Section        0  main.o(i.GPIO_init)
    i.MCU_ADC_init                           0x080004f4   Section        0  mdr_adc.o(i.MCU_ADC_init)
    i.MCU_ADC_read                           0x08000508   Section        0  mdr_adc.o(i.MCU_ADC_read)
    i.MCU_ADC_start_conv                     0x0800053c   Section        0  mdr_adc.o(i.MCU_ADC_start_conv)
    i.MCU_DAC2_init                          0x08000550   Section        0  main.o(i.MCU_DAC2_init)
    i.NVIC_EnableIRQ                         0x0800055c   Section        0  main.o(i.NVIC_EnableIRQ)
    NVIC_EnableIRQ                           0x0800055d   Thumb Code    22  main.o(i.NVIC_EnableIRQ)
    i.NVIC_SetPriority                       0x08000574   Section        0  main.o(i.NVIC_SetPriority)
    NVIC_SetPriority                         0x08000575   Thumb Code    32  main.o(i.NVIC_SetPriority)
    i.OSC_init                               0x0800059c   Section        0  main.o(i.OSC_init)
    i.PIDregInit                             0x080005dc   Section        0  main.o(i.PIDregInit)
    i.PORT_Init                              0x08000610   Section        0  mdr32f9qx_port.o(i.PORT_Init)
    i.PORT_StructInit                        0x080007d8   Section        0  mdr32f9qx_port.o(i.PORT_StructInit)
    i.SysTick_Handler                        0x080007f4   Section        0  port.o(i.SysTick_Handler)
    i.SystemCoreClockUpdate                  0x08000828   Section        0  system_mdr32f9qx.o(i.SystemCoreClockUpdate)
    i.SystemInit                             0x080008b8   Section        0  system_mdr32f9qx.o(i.SystemInit)
    i.T2_init                                0x080008f8   Section        0  main.o(i.T2_init)
    i.Timer2_IRQHandler                      0x0800092c   Section        0  main.o(i.Timer2_IRQHandler)
    i.UART1_IRQHandler                       0x08000bf4   Section        0  mdr_uart.o(i.UART1_IRQHandler)
    i.UartGetByte                            0x08000c40   Section        0  mdr_uart.o(i.UartGetByte)
    i.UartGetQcnt                            0x08000c60   Section        0  mdr_uart.o(i.UartGetQcnt)
    i.UartInit                               0x08000c70   Section        0  mdr_uart.o(i.UartInit)
    i.UartResetQueue                         0x08000ce0   Section        0  mdr_uart.o(i.UartResetQueue)
    i.UartSendByte                           0x08000cf4   Section        0  mdr_uart.o(i.UartSendByte)
    i.get_modbus_id                          0x08000d0c   Section        0  mdr_modbus.o(i.get_modbus_id)
    i.get_wr_reg_addr                        0x08000d18   Section        0  mdr_modbus.o(i.get_wr_reg_addr)
    i.get_wr_reg_val                         0x08000d24   Section        0  mdr_modbus.o(i.get_wr_reg_val)
    i.holding_reg_write                      0x08000d30   Section        0  mdr_modbus.o(i.holding_reg_write)
    i.input_reg_write                        0x08000d3c   Section        0  mdr_modbus.o(i.input_reg_write)
    i.main                                   0x08000d48   Section        0  main.o(i.main)
    i.modbus_CRC16                           0x08000e68   Section        0  mdr_modbus.o(i.modbus_CRC16)
    modbus_CRC16                             0x08000e69   Thumb Code    68  mdr_modbus.o(i.modbus_CRC16)
    i.modbus_get_poll                        0x08000eac   Section        0  mdr_modbus.o(i.modbus_get_poll)
    i.modbus_init                            0x08000f60   Section        0  mdr_modbus.o(i.modbus_init)
    i.modbus_reset                           0x08000f7c   Section        0  mdr_modbus.o(i.modbus_reset)
    i.modbus_rhr_answer                      0x08000f90   Section        0  mdr_modbus.o(i.modbus_rhr_answer)
    i.modbus_rir_answer                      0x080010ec   Section        0  mdr_modbus.o(i.modbus_rir_answer)
    i.modbus_rx_CRC_check                    0x08001248   Section        0  mdr_modbus.o(i.modbus_rx_CRC_check)
    i.modbus_wsr_answer                      0x08001350   Section        0  mdr_modbus.o(i.modbus_wsr_answer)
    i.prvAddCurrentTaskToDelayedList         0x08001430   Section        0  tasks.o(i.prvAddCurrentTaskToDelayedList)
    prvAddCurrentTaskToDelayedList           0x08001431   Thumb Code   124  tasks.o(i.prvAddCurrentTaskToDelayedList)
    i.prvAddNewTaskToReadyList               0x080014c8   Section        0  tasks.o(i.prvAddNewTaskToReadyList)
    prvAddNewTaskToReadyList                 0x080014c9   Thumb Code   150  tasks.o(i.prvAddNewTaskToReadyList)
    i.prvCheckTasksWaitingTermination        0x0800157c   Section        0  tasks.o(i.prvCheckTasksWaitingTermination)
    prvCheckTasksWaitingTermination          0x0800157d   Thumb Code    60  tasks.o(i.prvCheckTasksWaitingTermination)
    i.prvCopyDataFromQueue                   0x080015c4   Section        0  queue.o(i.prvCopyDataFromQueue)
    prvCopyDataFromQueue                     0x080015c5   Thumb Code    42  queue.o(i.prvCopyDataFromQueue)
    i.prvCopyDataToQueue                     0x080015ee   Section        0  queue.o(i.prvCopyDataToQueue)
    prvCopyDataToQueue                       0x080015ef   Thumb Code   106  queue.o(i.prvCopyDataToQueue)
    i.prvDeleteTCB                           0x08001658   Section        0  tasks.o(i.prvDeleteTCB)
    prvDeleteTCB                             0x08001659   Thumb Code    18  tasks.o(i.prvDeleteTCB)
    i.prvHeapInit                            0x0800166c   Section        0  heap_2.o(i.prvHeapInit)
    prvHeapInit                              0x0800166d   Thumb Code    42  heap_2.o(i.prvHeapInit)
    i.prvIdleTask                            0x080016a4   Section        0  tasks.o(i.prvIdleTask)
    prvIdleTask                              0x080016a5   Thumb Code    32  tasks.o(i.prvIdleTask)
    i.prvInitialiseNewQueue                  0x080016cc   Section        0  queue.o(i.prvInitialiseNewQueue)
    prvInitialiseNewQueue                    0x080016cd   Thumb Code    38  queue.o(i.prvInitialiseNewQueue)
    i.prvInitialiseNewTask                   0x080016f2   Section        0  tasks.o(i.prvInitialiseNewTask)
    prvInitialiseNewTask                     0x080016f3   Thumb Code   138  tasks.o(i.prvInitialiseNewTask)
    i.prvInitialiseTaskLists                 0x0800177c   Section        0  tasks.o(i.prvInitialiseTaskLists)
    prvInitialiseTaskLists                   0x0800177d   Thumb Code    70  tasks.o(i.prvInitialiseTaskLists)
    i.prvIsQueueEmpty                        0x080017e4   Section        0  queue.o(i.prvIsQueueEmpty)
    prvIsQueueEmpty                          0x080017e5   Thumb Code    26  queue.o(i.prvIsQueueEmpty)
    i.prvIsQueueFull                         0x080017fe   Section        0  queue.o(i.prvIsQueueFull)
    prvIsQueueFull                           0x080017ff   Thumb Code    30  queue.o(i.prvIsQueueFull)
    i.prvResetNextTaskUnblockTime            0x0800181c   Section        0  tasks.o(i.prvResetNextTaskUnblockTime)
    prvResetNextTaskUnblockTime              0x0800181d   Thumb Code    42  tasks.o(i.prvResetNextTaskUnblockTime)
    i.prvTaskExitError                       0x08001850   Section        0  port.o(i.prvTaskExitError)
    prvTaskExitError                         0x08001851   Thumb Code    22  port.o(i.prvTaskExitError)
    i.prvUnlockQueue                         0x08001866   Section        0  queue.o(i.prvUnlockQueue)
    prvUnlockQueue                           0x08001867   Thumb Code   126  queue.o(i.prvUnlockQueue)
    i.pvPortMalloc                           0x080018e4   Section        0  heap_2.o(i.pvPortMalloc)
    i.pxPortInitialiseStack                  0x0800199c   Section        0  port.o(i.pxPortInitialiseStack)
    i.task_ModbusSM                          0x080019c0   Section        0  main.o(i.task_ModbusSM)
    i.task_OvercurrentSM                     0x08001c6c   Section        0  main.o(i.task_OvercurrentSM)
    i.uxListRemove                           0x08001e2c   Section        0  list.o(i.uxListRemove)
    i.uxQueueMessagesWaiting                 0x08001e54   Section        0  queue.o(i.uxQueueMessagesWaiting)
    i.uxQueueMessagesWaitingFromISR          0x08001e66   Section        0  queue.o(i.uxQueueMessagesWaitingFromISR)
    i.vListInitialise                        0x08001e6e   Section        0  list.o(i.vListInitialise)
    i.vListInitialiseItem                    0x08001e88   Section        0  list.o(i.vListInitialiseItem)
    i.vListInsert                            0x08001e8e   Section        0  list.o(i.vListInsert)
    i.vListInsertEnd                         0x08001ec2   Section        0  list.o(i.vListInsertEnd)
    i.vPortEnterCritical                     0x08001edc   Section        0  port.o(i.vPortEnterCritical)
    i.vPortExitCritical                      0x08001f00   Section        0  port.o(i.vPortExitCritical)
    i.vPortFree                              0x08001f20   Section        0  heap_2.o(i.vPortFree)
    i.vPortSetupTimerInterrupt               0x08001f60   Section        0  port.o(i.vPortSetupTimerInterrupt)
    i.vTaskDelay                             0x08001f78   Section        0  tasks.o(i.vTaskDelay)
    i.vTaskInternalSetTimeOutState           0x08001fac   Section        0  tasks.o(i.vTaskInternalSetTimeOutState)
    i.vTaskMissedYield                       0x08001fc4   Section        0  tasks.o(i.vTaskMissedYield)
    i.vTaskPlaceOnEventList                  0x08001fd0   Section        0  tasks.o(i.vTaskPlaceOnEventList)
    i.vTaskStartScheduler                    0x08001ff0   Section        0  tasks.o(i.vTaskStartScheduler)
    i.vTaskSuspendAll                        0x08002054   Section        0  tasks.o(i.vTaskSuspendAll)
    i.vTaskSwitchContext                     0x08002064   Section        0  tasks.o(i.vTaskSwitchContext)
    i.xPortStartScheduler                    0x080020c4   Section        0  port.o(i.xPortStartScheduler)
    i.xQueueCreateCountingSemaphore          0x080020f8   Section        0  queue.o(i.xQueueCreateCountingSemaphore)
    i.xQueueGenericCreate                    0x08002112   Section        0  queue.o(i.xQueueGenericCreate)
    i.xQueueGenericReset                     0x0800214c   Section        0  queue.o(i.xQueueGenericReset)
    i.xQueueGenericSend                      0x080021cc   Section        0  queue.o(i.xQueueGenericSend)
    i.xQueueGenericSendFromISR               0x080022e4   Section        0  queue.o(i.xQueueGenericSendFromISR)
    i.xQueueGiveFromISR                      0x0800236a   Section        0  queue.o(i.xQueueGiveFromISR)
    i.xQueuePeek                             0x080023e4   Section        0  queue.o(i.xQueuePeek)
    i.xQueuePeekFromISR                      0x080024f0   Section        0  queue.o(i.xQueuePeekFromISR)
    i.xQueueReceive                          0x0800253c   Section        0  queue.o(i.xQueueReceive)
    i.xQueueReceiveFromISR                   0x08002640   Section        0  queue.o(i.xQueueReceiveFromISR)
    i.xQueueSemaphoreTake                    0x080026c4   Section        0  queue.o(i.xQueueSemaphoreTake)
    i.xTaskCheckForTimeOut                   0x080027b4   Section        0  tasks.o(i.xTaskCheckForTimeOut)
    i.xTaskCreate                            0x08002810   Section        0  tasks.o(i.xTaskCreate)
    i.xTaskIncrementTick                     0x08002870   Section        0  tasks.o(i.xTaskIncrementTick)
    i.xTaskRemoveFromEventList               0x0800298c   Section        0  tasks.o(i.xTaskRemoveFromEventList)
    i.xTaskResumeAll                         0x08002a0c   Section        0  tasks.o(i.xTaskResumeAll)
    x$fpl$d2f                                0x08002af4   Section       98  d2f.o(x$fpl$d2f)
    x$fpl$ddiv                               0x08002b58   Section      688  ddiv.o(x$fpl$ddiv)
    ddiv_entry                               0x08002b5f   Thumb Code     0  ddiv.o(x$fpl$ddiv)
    x$fpl$dfixu                              0x08002e08   Section       90  dfixu.o(x$fpl$dfixu)
    x$fpl$dfltu                              0x08002e62   Section       38  dflt_clz.o(x$fpl$dfltu)
    x$fpl$dmul                               0x08002e88   Section      340  dmul.o(x$fpl$dmul)
    x$fpl$dnaninf                            0x08002fdc   Section      156  dnaninf.o(x$fpl$dnaninf)
    x$fpl$dretinf                            0x08003078   Section       12  dretinf.o(x$fpl$dretinf)
    x$fpl$f2d                                0x08003084   Section       86  f2d.o(x$fpl$f2d)
    x$fpl$fadd                               0x080030dc   Section      196  faddsub_clz.o(x$fpl$fadd)
    _fadd1                                   0x080030eb   Thumb Code     0  faddsub_clz.o(x$fpl$fadd)
    x$fpl$fcmpinf                            0x080031a0   Section       24  fcmpi.o(x$fpl$fcmpinf)
    x$fpl$ffixu                              0x080031b8   Section       62  ffixu.o(x$fpl$ffixu)
    x$fpl$ffltu                              0x080031f8   Section       38  fflt_clz.o(x$fpl$ffltu)
    x$fpl$fleqf                              0x08003220   Section      104  fleqf.o(x$fpl$fleqf)
    x$fpl$fmul                               0x08003288   Section      258  fmul.o(x$fpl$fmul)
    x$fpl$fnaninf                            0x0800338a   Section      140  fnaninf.o(x$fpl$fnaninf)
    x$fpl$fretinf                            0x08003416   Section       10  fretinf.o(x$fpl$fretinf)
    x$fpl$frleqf                             0x08003420   Section       98  frleqf.o(x$fpl$frleqf)
    x$fpl$fsub                               0x08003484   Section      234  faddsub_clz.o(x$fpl$fsub)
    _fsub1                                   0x08003493   Thumb Code     0  faddsub_clz.o(x$fpl$fsub)
    x$fpl$usenofp                            0x0800356e   Section        0  usenofp.o(x$fpl$usenofp)
    .data                                    0x20000000   Section       50  main.o(.data)
    .data                                    0x20000034   Section       24  heap_2.o(.data)
    xStart                                   0x20000034   Data           8  heap_2.o(.data)
    xEnd                                     0x2000003c   Data           8  heap_2.o(.data)
    xFreeBytesRemaining                      0x20000044   Data           4  heap_2.o(.data)
    xHeapHasBeenInitialised                  0x20000048   Data           4  heap_2.o(.data)
    .data                                    0x2000004c   Section        4  port.o(.data)
    uxCriticalNesting                        0x2000004c   Data           4  port.o(.data)
    .data                                    0x20000050   Section       60  tasks.o(.data)
    pxDelayedTaskList                        0x20000054   Data           4  tasks.o(.data)
    pxOverflowDelayedTaskList                0x20000058   Data           4  tasks.o(.data)
    uxDeletedTasksWaitingCleanUp             0x2000005c   Data           4  tasks.o(.data)
    uxCurrentNumberOfTasks                   0x20000060   Data           4  tasks.o(.data)
    xTickCount                               0x20000064   Data           4  tasks.o(.data)
    uxTopReadyPriority                       0x20000068   Data           4  tasks.o(.data)
    xSchedulerRunning                        0x2000006c   Data           4  tasks.o(.data)
    uxPendedTicks                            0x20000070   Data           4  tasks.o(.data)
    xYieldPending                            0x20000074   Data           4  tasks.o(.data)
    xNumOfOverflows                          0x20000078   Data           4  tasks.o(.data)
    uxTaskNumber                             0x2000007c   Data           4  tasks.o(.data)
    xNextTaskUnblockTime                     0x20000080   Data           4  tasks.o(.data)
    xIdleTaskHandle                          0x20000084   Data           4  tasks.o(.data)
    uxSchedulerSuspended                     0x20000088   Data           4  tasks.o(.data)
    .data                                    0x2000008c   Section       20  mdr_uart.o(.data)
    xRxedBytes                               0x2000008c   Data           4  mdr_uart.o(.data)
    RxByte                                   0x20000090   Data           1  mdr_uart.o(.data)
    RxBytesCnt                               0x20000094   Data           4  mdr_uart.o(.data)
    xHigherPriorityTaskWoken                 0x2000009c   Data           4  mdr_uart.o(.data)
    .data                                    0x200000a0   Section       24  mdr_modbus.o(.data)
    .data                                    0x200000b8   Section        4  system_mdr32f9qx.o(.data)
    .bss                                     0x200000bc   Section       48  main.o(.bss)
    .bss                                     0x200000ec   Section    17408  heap_2.o(.bss)
    ucHeap                                   0x200000ec   Data       17408  heap_2.o(.bss)
    .bss                                     0x200044ec   Section      200  tasks.o(.bss)
    pxReadyTasksLists                        0x200044ec   Data         100  tasks.o(.bss)
    xDelayedTaskList1                        0x20004550   Data          20  tasks.o(.bss)
    xDelayedTaskList2                        0x20004564   Data          20  tasks.o(.bss)
    xPendingReadyList                        0x20004578   Data          20  tasks.o(.bss)
    xTasksWaitingTermination                 0x2000458c   Data          20  tasks.o(.bss)
    xSuspendedTaskList                       0x200045a0   Data          20  tasks.o(.bss)
    .bss                                     0x200045b4   Section      928  mdr_modbus.o(.bss)
    .bss                                     0x20004954   Section       96  libspace.o(.bss)
    HEAP                                     0x200049b8   Section      512  startup_mdr32f9qx.o(HEAP)
    Heap_Mem                                 0x200049b8   Data         512  startup_mdr32f9qx.o(HEAP)
    STACK                                    0x20004bb8   Section     1024  startup_mdr32f9qx.o(STACK)
    Stack_Mem                                0x20004bb8   Data        1024  startup_mdr32f9qx.o(STACK)
    __initial_sp                             0x20004fb8   Data           0  startup_mdr32f9qx.o(STACK)

    Global Symbols

    Symbol Name                              Value     Ov Type        Size  Object(Section)

    BuildAttributes$$THM_ISAv4$P$D$K$B$S$PE$A:L22UL41UL21$X:L11$S22US41US21$IEEE1$IW$USESV6$~STKCKD$USESV7$~SHL$OSPACE$ROPI$EBA8$UX$STANDARDLIB$REQ8$PRES8$EABIv2 0x00000000   Number         0  anon$$obj.o ABSOLUTE
    __ARM_use_no_argv                        0x00000000   Number         0  main.o ABSOLUTE
    __ARM_exceptions_init                     - Undefined Weak Reference
    __alloca_initialize                       - Undefined Weak Reference
    __arm_preinit_                            - Undefined Weak Reference
    __cpp_initialize__aeabi_                  - Undefined Weak Reference
    __cxa_finalize                            - Undefined Weak Reference
    __rt_locale                               - Undefined Weak Reference
    __sigvec_lookup                           - Undefined Weak Reference
    _atexit_init                              - Undefined Weak Reference
    _call_atexit_fns                          - Undefined Weak Reference
    _clock_init                               - Undefined Weak Reference
    _fp_trap_init                             - Undefined Weak Reference
    _fp_trap_shutdown                         - Undefined Weak Reference
    _get_lc_collate                           - Undefined Weak Reference
    _get_lc_ctype                             - Undefined Weak Reference
    _get_lc_monetary                          - Undefined Weak Reference
    _get_lc_numeric                           - Undefined Weak Reference
    _get_lc_time                              - Undefined Weak Reference
    _getenv_init                              - Undefined Weak Reference
    _handle_redirection                       - Undefined Weak Reference
    _init_alloc                               - Undefined Weak Reference
    _init_user_alloc                          - Undefined Weak Reference
    _initio                                   - Undefined Weak Reference
    _rand_init                                - Undefined Weak Reference
    _signal_finish                            - Undefined Weak Reference
    _signal_init                              - Undefined Weak Reference
    _terminate_alloc                          - Undefined Weak Reference
    _terminate_user_alloc                     - Undefined Weak Reference
    _terminateio                              - Undefined Weak Reference
    __Vectors_Size                           0x000000c0   Number         0  startup_mdr32f9qx.o ABSOLUTE
    __Vectors                                0x08000000   Data           4  startup_mdr32f9qx.o(RESET)
    __Vectors_End                            0x080000c0   Data           0  startup_mdr32f9qx.o(RESET)
    __main                                   0x080000c1   Thumb Code     8  __main.o(!!!main)
    __scatterload                            0x080000c9   Thumb Code     0  __scatter.o(!!!scatter)
    __scatterload_rt2                        0x080000c9   Thumb Code    44  __scatter.o(!!!scatter)
    __scatterload_rt2_thumb_only             0x080000c9   Thumb Code     0  __scatter.o(!!!scatter)
    __scatterload_null                       0x080000d7   Thumb Code     0  __scatter.o(!!!scatter)
    __scatterload_copy                       0x080000fd   Thumb Code    26  __scatter_copy.o(!!handler_copy)
    __scatterload_zeroinit                   0x08000119   Thumb Code    28  __scatter_zi.o(!!handler_zi)
    __rt_lib_init                            0x08000135   Thumb Code     0  libinit.o(.ARM.Collect$$libinit$$00000000)
    __rt_lib_init_alloca_1                   0x08000137   Thumb Code     0  libinit2.o(.ARM.Collect$$libinit$$0000002E)
    __rt_lib_init_argv_1                     0x08000137   Thumb Code     0  libinit2.o(.ARM.Collect$$libinit$$0000002C)
    __rt_lib_init_atexit_1                   0x08000137   Thumb Code     0  libinit2.o(.ARM.Collect$$libinit$$0000001B)
    __rt_lib_init_clock_1                    0x08000137   Thumb Code     0  libinit2.o(.ARM.Collect$$libinit$$00000021)
    __rt_lib_init_cpp_1                      0x08000137   Thumb Code     0  libinit2.o(.ARM.Collect$$libinit$$00000032)
    __rt_lib_init_exceptions_1               0x08000137   Thumb Code     0  libinit2.o(.ARM.Collect$$libinit$$00000030)
    __rt_lib_init_fp_1                       0x08000137   Thumb Code     0  libinit2.o(.ARM.Collect$$libinit$$00000002)
    __rt_lib_init_fp_trap_1                  0x08000137   Thumb Code     0  libinit2.o(.ARM.Collect$$libinit$$0000001F)
    __rt_lib_init_getenv_1                   0x08000137   Thumb Code     0  libinit2.o(.ARM.Collect$$libinit$$00000023)
    __rt_lib_init_heap_1                     0x08000137   Thumb Code     0  libinit2.o(.ARM.Collect$$libinit$$0000000A)
    __rt_lib_init_lc_collate_1               0x08000137   Thumb Code     0  libinit2.o(.ARM.Collect$$libinit$$00000011)
    __rt_lib_init_lc_ctype_1                 0x08000137   Thumb Code     0  libinit2.o(.ARM.Collect$$libinit$$00000013)
    __rt_lib_init_lc_monetary_1              0x08000137   Thumb Code     0  libinit2.o(.ARM.Collect$$libinit$$00000015)
    __rt_lib_init_lc_numeric_1               0x08000137   Thumb Code     0  libinit2.o(.ARM.Collect$$libinit$$00000017)
    __rt_lib_init_lc_time_1                  0x08000137   Thumb Code     0  libinit2.o(.ARM.Collect$$libinit$$00000019)
    __rt_lib_init_preinit_1                  0x08000137   Thumb Code     0  libinit2.o(.ARM.Collect$$libinit$$00000004)
    __rt_lib_init_rand_1                     0x08000137   Thumb Code     0  libinit2.o(.ARM.Collect$$libinit$$0000000E)
    __rt_lib_init_return                     0x08000137   Thumb Code     0  libinit2.o(.ARM.Collect$$libinit$$00000033)
    __rt_lib_init_signal_1                   0x08000137   Thumb Code     0  libinit2.o(.ARM.Collect$$libinit$$0000001D)
    __rt_lib_init_stdio_1                    0x08000137   Thumb Code     0  libinit2.o(.ARM.Collect$$libinit$$00000025)
    __rt_lib_init_user_alloc_1               0x08000137   Thumb Code     0  libinit2.o(.ARM.Collect$$libinit$$0000000C)
    __rt_lib_shutdown                        0x08000139   Thumb Code     0  libshutdown.o(.ARM.Collect$$libshutdown$$00000000)
    __rt_lib_shutdown_cpp_1                  0x0800013b   Thumb Code     0  libshutdown2.o(.ARM.Collect$$libshutdown$$00000002)
    __rt_lib_shutdown_fp_trap_1              0x0800013b   Thumb Code     0  libshutdown2.o(.ARM.Collect$$libshutdown$$00000007)
    __rt_lib_shutdown_heap_1                 0x0800013b   Thumb Code     0  libshutdown2.o(.ARM.Collect$$libshutdown$$0000000F)
    __rt_lib_shutdown_return                 0x0800013b   Thumb Code     0  libshutdown2.o(.ARM.Collect$$libshutdown$$00000010)
    __rt_lib_shutdown_signal_1               0x0800013b   Thumb Code     0  libshutdown2.o(.ARM.Collect$$libshutdown$$0000000A)
    __rt_lib_shutdown_stdio_1                0x0800013b   Thumb Code     0  libshutdown2.o(.ARM.Collect$$libshutdown$$00000004)
    __rt_lib_shutdown_user_alloc_1           0x0800013b   Thumb Code     0  libshutdown2.o(.ARM.Collect$$libshutdown$$0000000C)
    __rt_entry                               0x0800013d   Thumb Code     0  __rtentry.o(.ARM.Collect$$rtentry$$00000000)
    __rt_entry_presh_1                       0x0800013d   Thumb Code     0  __rtentry2.o(.ARM.Collect$$rtentry$$00000002)
    __rt_entry_sh                            0x0800013d   Thumb Code     0  __rtentry4.o(.ARM.Collect$$rtentry$$00000004)
    __rt_entry_li                            0x08000143   Thumb Code     0  __rtentry2.o(.ARM.Collect$$rtentry$$0000000A)
    __rt_entry_postsh_1                      0x08000143   Thumb Code     0  __rtentry2.o(.ARM.Collect$$rtentry$$00000009)
    __rt_entry_main                          0x08000147   Thumb Code     0  __rtentry2.o(.ARM.Collect$$rtentry$$0000000D)
    __rt_entry_postli_1                      0x08000147   Thumb Code     0  __rtentry2.o(.ARM.Collect$$rtentry$$0000000C)
    __rt_exit                                0x0800014f   Thumb Code     0  rtexit.o(.ARM.Collect$$rtexit$$00000000)
    __rt_exit_ls                             0x08000151   Thumb Code     0  rtexit2.o(.ARM.Collect$$rtexit$$00000003)
    __rt_exit_prels_1                        0x08000151   Thumb Code     0  rtexit2.o(.ARM.Collect$$rtexit$$00000002)
    __rt_exit_exit                           0x08000155   Thumb Code     0  rtexit2.o(.ARM.Collect$$rtexit$$00000004)
    SVC_Handler                              0x0800015d   Thumb Code    32  port.o(.emb_text)
    __asm___6_port_c_39a90d8d__prvStartFirstTask 0x08000181   Thumb Code    28  port.o(.emb_text)
    PendSV_Handler                           0x080001a1   Thumb Code    72  port.o(.emb_text)
    vPortGetIPSR                             0x080001ed   Thumb Code     6  port.o(.emb_text)
    Reset_Handler                            0x080001f5   Thumb Code     8  startup_mdr32f9qx.o(.text)
    NMI_Handler                              0x080001fd   Thumb Code     2  startup_mdr32f9qx.o(.text)
    HardFault_Handler                        0x080001ff   Thumb Code     2  startup_mdr32f9qx.o(.text)
    MemManage_Handler                        0x08000201   Thumb Code     2  startup_mdr32f9qx.o(.text)
    BusFault_Handler                         0x08000203   Thumb Code     2  startup_mdr32f9qx.o(.text)
    UsageFault_Handler                       0x08000205   Thumb Code     2  startup_mdr32f9qx.o(.text)
    DebugMon_Handler                         0x08000209   Thumb Code     2  startup_mdr32f9qx.o(.text)
    ADC_IRQHandler                           0x0800020f   Thumb Code     0  startup_mdr32f9qx.o(.text)
    BACKUP_IRQHandler                        0x0800020f   Thumb Code     0  startup_mdr32f9qx.o(.text)
    CAN1_IRQHandler                          0x0800020f   Thumb Code     0  startup_mdr32f9qx.o(.text)
    CAN2_IRQHandler                          0x0800020f   Thumb Code     0  startup_mdr32f9qx.o(.text)
    COMPARATOR_IRQHandler                    0x0800020f   Thumb Code     0  startup_mdr32f9qx.o(.text)
    DMA_IRQHandler                           0x0800020f   Thumb Code     0  startup_mdr32f9qx.o(.text)
    EXT_INT1_IRQHandler                      0x0800020f   Thumb Code     0  startup_mdr32f9qx.o(.text)
    EXT_INT2_IRQHandler                      0x0800020f   Thumb Code     0  startup_mdr32f9qx.o(.text)
    EXT_INT3_IRQHandler                      0x0800020f   Thumb Code     0  startup_mdr32f9qx.o(.text)
    EXT_INT4_IRQHandler                      0x0800020f   Thumb Code     0  startup_mdr32f9qx.o(.text)
    I2C_IRQHandler                           0x0800020f   Thumb Code     0  startup_mdr32f9qx.o(.text)
    POWER_IRQHandler                         0x0800020f   Thumb Code     0  startup_mdr32f9qx.o(.text)
    SSP1_IRQHandler                          0x0800020f   Thumb Code     0  startup_mdr32f9qx.o(.text)
    SSP2_IRQHandler                          0x0800020f   Thumb Code     0  startup_mdr32f9qx.o(.text)
    Timer1_IRQHandler                        0x0800020f   Thumb Code     0  startup_mdr32f9qx.o(.text)
    Timer3_IRQHandler                        0x0800020f   Thumb Code     0  startup_mdr32f9qx.o(.text)
    UART2_IRQHandler                         0x0800020f   Thumb Code     0  startup_mdr32f9qx.o(.text)
    USB_IRQHandler                           0x0800020f   Thumb Code     0  startup_mdr32f9qx.o(.text)
    WWDG_IRQHandler                          0x0800020f   Thumb Code     0  startup_mdr32f9qx.o(.text)
    __user_initial_stackheap                 0x08000211   Thumb Code     0  startup_mdr32f9qx.o(.text)
    __aeabi_memcpy                           0x08000235   Thumb Code     0  rt_memcpy_v6.o(.text)
    __rt_memcpy                              0x08000235   Thumb Code   138  rt_memcpy_v6.o(.text)
    _memcpy_lastbytes                        0x0800029b   Thumb Code     0  rt_memcpy_v6.o(.text)
    __use_two_region_memory                  0x080002bf   Thumb Code     2  heapauxi.o(.text)
    __rt_heap_escrow$2region                 0x080002c1   Thumb Code     2  heapauxi.o(.text)
    __rt_heap_expand$2region                 0x080002c3   Thumb Code     2  heapauxi.o(.text)
    __aeabi_memcpy4                          0x080002c5   Thumb Code     0  rt_memcpy_w.o(.text)
    __aeabi_memcpy8                          0x080002c5   Thumb Code     0  rt_memcpy_w.o(.text)
    __rt_memcpy_w                            0x080002c5   Thumb Code   100  rt_memcpy_w.o(.text)
    _memcpy_lastbytes_aligned                0x0800030d   Thumb Code     0  rt_memcpy_w.o(.text)
    __user_setup_stackheap                   0x08000329   Thumb Code    74  sys_stackheap_outer.o(.text)
    exit                                     0x08000373   Thumb Code    18  exit.o(.text)
    __user_libspace                          0x08000385   Thumb Code     8  libspace.o(.text)
    __user_perproc_libspace                  0x08000385   Thumb Code     0  libspace.o(.text)
    __user_perthread_libspace                0x08000385   Thumb Code     0  libspace.o(.text)
    _sys_exit                                0x0800038d   Thumb Code     8  sys_exit.o(.text)
    __I$use$semihosting                      0x08000399   Thumb Code     0  use_no_semi.o(.text)
    __use_no_semihosting_swi                 0x08000399   Thumb Code     2  use_no_semi.o(.text)
    __semihosting_library_function           0x0800039b   Thumb Code     0  indicate_semi.o(.text)
    CalcCurrent                              0x0800039d   Thumb Code   142  main.o(i.CalcCurrent)
    GPIO_init                                0x0800043d   Thumb Code   160  main.o(i.GPIO_init)
    MCU_ADC_init                             0x080004f5   Thumb Code    16  mdr_adc.o(i.MCU_ADC_init)
    MCU_ADC_read                             0x08000509   Thumb Code    46  mdr_adc.o(i.MCU_ADC_read)
    MCU_ADC_start_conv                       0x0800053d   Thumb Code    14  mdr_adc.o(i.MCU_ADC_start_conv)
    MCU_DAC2_init                            0x08000551   Thumb Code     8  main.o(i.MCU_DAC2_init)
    OSC_init                                 0x0800059d   Thumb Code    58  main.o(i.OSC_init)
    PIDregInit                               0x080005dd   Thumb Code    30  main.o(i.PIDregInit)
    PORT_Init                                0x08000611   Thumb Code   450  mdr32f9qx_port.o(i.PORT_Init)
    PORT_StructInit                          0x080007d9   Thumb Code    28  mdr32f9qx_port.o(i.PORT_StructInit)
    SysTick_Handler                          0x080007f5   Thumb Code    46  port.o(i.SysTick_Handler)
    SystemCoreClockUpdate                    0x08000829   Thumb Code   130  system_mdr32f9qx.o(i.SystemCoreClockUpdate)
    SystemInit                               0x080008b9   Thumb Code    54  system_mdr32f9qx.o(i.SystemInit)
    T2_init                                  0x080008f9   Thumb Code    38  main.o(i.T2_init)
    Timer2_IRQHandler                        0x0800092d   Thumb Code   626  main.o(i.Timer2_IRQHandler)
    UART1_IRQHandler                         0x08000bf5   Thumb Code    54  mdr_uart.o(i.UART1_IRQHandler)
    UartGetByte                              0x08000c41   Thumb Code    28  mdr_uart.o(i.UartGetByte)
    UartGetQcnt                              0x08000c61   Thumb Code    12  mdr_uart.o(i.UartGetQcnt)
    UartInit                                 0x08000c71   Thumb Code    90  mdr_uart.o(i.UartInit)
    UartResetQueue                           0x08000ce1   Thumb Code    14  mdr_uart.o(i.UartResetQueue)
    UartSendByte                             0x08000cf5   Thumb Code    20  mdr_uart.o(i.UartSendByte)
    get_modbus_id                            0x08000d0d   Thumb Code     6  mdr_modbus.o(i.get_modbus_id)
    get_wr_reg_addr                          0x08000d19   Thumb Code     6  mdr_modbus.o(i.get_wr_reg_addr)
    get_wr_reg_val                           0x08000d25   Thumb Code     6  mdr_modbus.o(i.get_wr_reg_val)
    holding_reg_write                        0x08000d31   Thumb Code     8  mdr_modbus.o(i.holding_reg_write)
    input_reg_write                          0x08000d3d   Thumb Code     8  mdr_modbus.o(i.input_reg_write)
    main                                     0x08000d49   Thumb Code   218  main.o(i.main)
    modbus_get_poll                          0x08000ead   Thumb Code   160  mdr_modbus.o(i.modbus_get_poll)
    modbus_init                              0x08000f61   Thumb Code    24  mdr_modbus.o(i.modbus_init)
    modbus_reset                             0x08000f7d   Thumb Code    14  mdr_modbus.o(i.modbus_reset)
    modbus_rhr_answer                        0x08000f91   Thumb Code   306  mdr_modbus.o(i.modbus_rhr_answer)
    modbus_rir_answer                        0x080010ed   Thumb Code   306  mdr_modbus.o(i.modbus_rir_answer)
    modbus_rx_CRC_check                      0x08001249   Thumb Code   232  mdr_modbus.o(i.modbus_rx_CRC_check)
    modbus_wsr_answer                        0x08001351   Thumb Code   196  mdr_modbus.o(i.modbus_wsr_answer)
    pvPortMalloc                             0x080018e5   Thumb Code   166  heap_2.o(i.pvPortMalloc)
    pxPortInitialiseStack                    0x0800199d   Thumb Code    30  port.o(i.pxPortInitialiseStack)
    task_ModbusSM                            0x080019c1   Thumb Code   634  main.o(i.task_ModbusSM)
    task_OvercurrentSM                       0x08001c6d   Thumb Code   408  main.o(i.task_OvercurrentSM)
    uxListRemove                             0x08001e2d   Thumb Code    40  list.o(i.uxListRemove)
    uxQueueMessagesWaiting                   0x08001e55   Thumb Code    18  queue.o(i.uxQueueMessagesWaiting)
    uxQueueMessagesWaitingFromISR            0x08001e67   Thumb Code     8  queue.o(i.uxQueueMessagesWaitingFromISR)
    vListInitialise                          0x08001e6f   Thumb Code    26  list.o(i.vListInitialise)
    vListInitialiseItem                      0x08001e89   Thumb Code     6  list.o(i.vListInitialiseItem)
    vListInsert                              0x08001e8f   Thumb Code    52  list.o(i.vListInsert)
    vListInsertEnd                           0x08001ec3   Thumb Code    24  list.o(i.vListInsertEnd)
    vPortEnterCritical                       0x08001edd   Thumb Code    30  port.o(i.vPortEnterCritical)
    vPortExitCritical                        0x08001f01   Thumb Code    28  port.o(i.vPortExitCritical)
    vPortFree                                0x08001f21   Thumb Code    56  heap_2.o(i.vPortFree)
    vPortSetupTimerInterrupt                 0x08001f61   Thumb Code    20  port.o(i.vPortSetupTimerInterrupt)
    vTaskDelay                               0x08001f79   Thumb Code    46  tasks.o(i.vTaskDelay)
    vTaskInternalSetTimeOutState             0x08001fad   Thumb Code    14  tasks.o(i.vTaskInternalSetTimeOutState)
    vTaskMissedYield                         0x08001fc5   Thumb Code     8  tasks.o(i.vTaskMissedYield)
    vTaskPlaceOnEventList                    0x08001fd1   Thumb Code    28  tasks.o(i.vTaskPlaceOnEventList)
    vTaskStartScheduler                      0x08001ff1   Thumb Code    72  tasks.o(i.vTaskStartScheduler)
    vTaskSuspendAll                          0x08002055   Thumb Code    12  tasks.o(i.vTaskSuspendAll)
    vTaskSwitchContext                       0x08002065   Thumb Code    76  tasks.o(i.vTaskSwitchContext)
    xPortStartScheduler                      0x080020c5   Thumb Code    42  port.o(i.xPortStartScheduler)
    xQueueCreateCountingSemaphore            0x080020f9   Thumb Code    26  queue.o(i.xQueueCreateCountingSemaphore)
    xQueueGenericCreate                      0x08002113   Thumb Code    58  queue.o(i.xQueueGenericCreate)
    xQueueGenericReset                       0x0800214d   Thumb Code   122  queue.o(i.xQueueGenericReset)
    xQueueGenericSend                        0x080021cd   Thumb Code   276  queue.o(i.xQueueGenericSend)
    xQueueGenericSendFromISR                 0x080022e5   Thumb Code   134  queue.o(i.xQueueGenericSendFromISR)
    xQueueGiveFromISR                        0x0800236b   Thumb Code   120  queue.o(i.xQueueGiveFromISR)
    xQueuePeek                               0x080023e5   Thumb Code   262  queue.o(i.xQueuePeek)
    xQueuePeekFromISR                        0x080024f1   Thumb Code    74  queue.o(i.xQueuePeekFromISR)
    xQueueReceive                            0x0800253d   Thumb Code   256  queue.o(i.xQueueReceive)
    xQueueReceiveFromISR                     0x08002641   Thumb Code   130  queue.o(i.xQueueReceiveFromISR)
    xQueueSemaphoreTake                      0x080026c5   Thumb Code   234  queue.o(i.xQueueSemaphoreTake)
    xTaskCheckForTimeOut                     0x080027b5   Thumb Code    84  tasks.o(i.xTaskCheckForTimeOut)
    xTaskCreate                              0x08002811   Thumb Code    96  tasks.o(i.xTaskCreate)
    xTaskIncrementTick                       0x08002871   Thumb Code   238  tasks.o(i.xTaskIncrementTick)
    xTaskRemoveFromEventList                 0x0800298d   Thumb Code   104  tasks.o(i.xTaskRemoveFromEventList)
    xTaskResumeAll                           0x08002a0d   Thumb Code   196  tasks.o(i.xTaskResumeAll)
    __aeabi_d2f                              0x08002af5   Thumb Code     0  d2f.o(x$fpl$d2f)
    _d2f                                     0x08002af5   Thumb Code    98  d2f.o(x$fpl$d2f)
    __aeabi_ddiv                             0x08002b59   Thumb Code     0  ddiv.o(x$fpl$ddiv)
    _ddiv                                    0x08002b59   Thumb Code   552  ddiv.o(x$fpl$ddiv)
    __aeabi_d2uiz                            0x08002e09   Thumb Code     0  dfixu.o(x$fpl$dfixu)
    _dfixu                                   0x08002e09   Thumb Code    90  dfixu.o(x$fpl$dfixu)
    __aeabi_ui2d                             0x08002e63   Thumb Code     0  dflt_clz.o(x$fpl$dfltu)
    _dfltu                                   0x08002e63   Thumb Code    38  dflt_clz.o(x$fpl$dfltu)
    __aeabi_dmul                             0x08002e89   Thumb Code     0  dmul.o(x$fpl$dmul)
    _dmul                                    0x08002e89   Thumb Code   332  dmul.o(x$fpl$dmul)
    __fpl_dnaninf                            0x08002fdd   Thumb Code   156  dnaninf.o(x$fpl$dnaninf)
    __fpl_dretinf                            0x08003079   Thumb Code    12  dretinf.o(x$fpl$dretinf)
    __aeabi_f2d                              0x08003085   Thumb Code     0  f2d.o(x$fpl$f2d)
    _f2d                                     0x08003085   Thumb Code    86  f2d.o(x$fpl$f2d)
    __aeabi_fadd                             0x080030dd   Thumb Code     0  faddsub_clz.o(x$fpl$fadd)
    _fadd                                    0x080030dd   Thumb Code   196  faddsub_clz.o(x$fpl$fadd)
    __fpl_fcmp_Inf                           0x080031a1   Thumb Code    24  fcmpi.o(x$fpl$fcmpinf)
    __aeabi_f2uiz                            0x080031b9   Thumb Code     0  ffixu.o(x$fpl$ffixu)
    _ffixu                                   0x080031b9   Thumb Code    62  ffixu.o(x$fpl$ffixu)
    __aeabi_ui2f                             0x080031f9   Thumb Code     0  fflt_clz.o(x$fpl$ffltu)
    _ffltu                                   0x080031f9   Thumb Code    38  fflt_clz.o(x$fpl$ffltu)
    __aeabi_cfcmple                          0x08003221   Thumb Code     0  fleqf.o(x$fpl$fleqf)
    _fcmple                                  0x08003221   Thumb Code   104  fleqf.o(x$fpl$fleqf)
    __fpl_fcmple_InfNaN                      0x08003273   Thumb Code     0  fleqf.o(x$fpl$fleqf)
    __aeabi_fmul                             0x08003289   Thumb Code     0  fmul.o(x$fpl$fmul)
    _fmul                                    0x08003289   Thumb Code   258  fmul.o(x$fpl$fmul)
    __fpl_fnaninf                            0x0800338b   Thumb Code   140  fnaninf.o(x$fpl$fnaninf)
    __fpl_fretinf                            0x08003417   Thumb Code    10  fretinf.o(x$fpl$fretinf)
    __aeabi_cfrcmple                         0x08003421   Thumb Code     0  frleqf.o(x$fpl$frleqf)
    _frcmple                                 0x08003421   Thumb Code    98  frleqf.o(x$fpl$frleqf)
    __aeabi_fsub                             0x08003485   Thumb Code     0  faddsub_clz.o(x$fpl$fsub)
    _fsub                                    0x08003485   Thumb Code   234  faddsub_clz.o(x$fpl$fsub)
    __I$use$fp                               0x0800356e   Number         0  usenofp.o(x$fpl$usenofp)
    Region$$Table$$Base                      0x08003570   Number         0  anon$$obj.o(Region$$Table)
    Region$$Table$$Limit                     0x08003590   Number         0  anon$$obj.o(Region$$Table)
    MeasDataTx                               0x20000000   Data           6  main.o(.data)
    T                                        0x20000008   Data           4  main.o(.data)
    FPsetCounts_q                            0x2000000c   Data           4  main.o(.data)
    FBvoltage_q                              0x20000010   Data           4  main.o(.data)
    LoadCurrent_q                            0x20000014   Data           4  main.o(.data)
    DistVset_q                               0x20000018   Data           4  main.o(.data)
    OvercurrBit_q                            0x2000001c   Data           4  main.o(.data)
    DistHVenStatus_q                         0x20000020   Data           4  main.o(.data)
    V2set                                    0x20000024   Data           2  main.o(.data)
    DAC2set                                  0x20000026   Data           2  main.o(.data)
    VsetCnts                                 0x20000028   Data           2  main.o(.data)
    VsetCntsDist                             0x2000002a   Data           2  main.o(.data)
    RampCounter                              0x2000002c   Data           2  main.o(.data)
    Imeas_old                                0x2000002e   Data           2  main.o(.data)
    DistHVen                                 0x20000030   Data           2  main.o(.data)
    pxCurrentTCB                             0x20000050   Data           4  tasks.o(.data)
    timer_state                              0x20000098   Data           1  mdr_uart.o(.data)
    rx_buf_ptr                               0x200000a0   Data           2  mdr_modbus.o(.data)
    modbus_cmd                               0x200000a2   Data           1  mdr_modbus.o(.data)
    addr_buf_1                               0x200000a4   Data           2  mdr_modbus.o(.data)
    addr_buf_2                               0x200000a6   Data           2  mdr_modbus.o(.data)
    regs2read                                0x200000a8   Data           2  mdr_modbus.o(.data)
    CRC16                                    0x200000aa   Data           2  mdr_modbus.o(.data)
    modbus_id                                0x200000ac   Data           1  mdr_modbus.o(.data)
    reg_wr_data                              0x200000ae   Data           2  mdr_modbus.o(.data)
    modbus_reg_addr                          0x200000b0   Data           2  mdr_modbus.o(.data)
    dev_id                                   0x200000b2   Data           1  mdr_modbus.o(.data)
    RxSemaphore                              0x200000b4   Data           4  mdr_modbus.o(.data)
    SystemCoreClock                          0x200000b8   Data           4  system_mdr32f9qx.o(.data)
    PortInitStructure                        0x200000bc   Data          12  main.o(.bss)
    PID                                      0x200000c8   Data          36  main.o(.bss)
    rx_buf                                   0x200045b4   Data         128  mdr_modbus.o(.bss)
    crc_buf                                  0x20004634   Data         300  mdr_modbus.o(.bss)
    holding_register                         0x20004760   Data         250  mdr_modbus.o(.bss)
    input_register                           0x2000485a   Data         250  mdr_modbus.o(.bss)
    __libspace_start                         0x20004954   Data          96  libspace.o(.bss)
    __temporary_stack_top$libspace           0x200049b4   Data           0  libspace.o(.bss)



==============================================================================

Memory Map of the image

  Image Entry point : 0x080001f5

  Load Region LR_1 (Base: 0x08000000, Size: 0x0000364c, Max: 0xffffffff, ABSOLUTE)

    Execution Region ER_RO (Exec base: 0x08000000, Load base: 0x08000000, Size: 0x00003590, Max: 0xffffffff, ABSOLUTE)

    Exec Addr    Load Addr    Size         Type   Attr      Idx    E Section Name        Object

    0x08000000   0x08000000   0x000000c0   Data   RO         1032    RESET               startup_mdr32f9qx.o
    0x080000c0   0x080000c0   0x00000008   Code   RO         1143  * !!!main             c_w.l(__main.o)
    0x080000c8   0x080000c8   0x00000034   Code   RO         1355    !!!scatter          c_w.l(__scatter.o)
    0x080000fc   0x080000fc   0x0000001a   Code   RO         1357    !!handler_copy      c_w.l(__scatter_copy.o)
    0x08000116   0x08000116   0x00000002   PAD
    0x08000118   0x08000118   0x0000001c   Code   RO         1359    !!handler_zi        c_w.l(__scatter_zi.o)
    0x08000134   0x08000134   0x00000002   Code   RO         1225    .ARM.Collect$$libinit$$00000000  c_w.l(libinit.o)
    0x08000136   0x08000136   0x00000000   Code   RO         1232    .ARM.Collect$$libinit$$00000002  c_w.l(libinit2.o)
    0x08000136   0x08000136   0x00000000   Code   RO         1234    .ARM.Collect$$libinit$$00000004  c_w.l(libinit2.o)
    0x08000136   0x08000136   0x00000000   Code   RO         1237    .ARM.Collect$$libinit$$0000000A  c_w.l(libinit2.o)
    0x08000136   0x08000136   0x00000000   Code   RO         1239    .ARM.Collect$$libinit$$0000000C  c_w.l(libinit2.o)
    0x08000136   0x08000136   0x00000000   Code   RO         1241    .ARM.Collect$$libinit$$0000000E  c_w.l(libinit2.o)
    0x08000136   0x08000136   0x00000000   Code   RO         1244    .ARM.Collect$$libinit$$00000011  c_w.l(libinit2.o)
    0x08000136   0x08000136   0x00000000   Code   RO         1246    .ARM.Collect$$libinit$$00000013  c_w.l(libinit2.o)
    0x08000136   0x08000136   0x00000000   Code   RO         1248    .ARM.Collect$$libinit$$00000015  c_w.l(libinit2.o)
    0x08000136   0x08000136   0x00000000   Code   RO         1250    .ARM.Collect$$libinit$$00000017  c_w.l(libinit2.o)
    0x08000136   0x08000136   0x00000000   Code   RO         1252    .ARM.Collect$$libinit$$00000019  c_w.l(libinit2.o)
    0x08000136   0x08000136   0x00000000   Code   RO         1254    .ARM.Collect$$libinit$$0000001B  c_w.l(libinit2.o)
    0x08000136   0x08000136   0x00000000   Code   RO         1256    .ARM.Collect$$libinit$$0000001D  c_w.l(libinit2.o)
    0x08000136   0x08000136   0x00000000   Code   RO         1258    .ARM.Collect$$libinit$$0000001F  c_w.l(libinit2.o)
    0x08000136   0x08000136   0x00000000   Code   RO         1260    .ARM.Collect$$libinit$$00000021  c_w.l(libinit2.o)
    0x08000136   0x08000136   0x00000000   Code   RO         1262    .ARM.Collect$$libinit$$00000023  c_w.l(libinit2.o)
    0x08000136   0x08000136   0x00000000   Code   RO         1264    .ARM.Collect$$libinit$$00000025  c_w.l(libinit2.o)
    0x08000136   0x08000136   0x00000000   Code   RO         1268    .ARM.Collect$$libinit$$0000002C  c_w.l(libinit2.o)
    0x08000136   0x08000136   0x00000000   Code   RO         1270    .ARM.Collect$$libinit$$0000002E  c_w.l(libinit2.o)
    0x08000136   0x08000136   0x00000000   Code   RO         1272    .ARM.Collect$$libinit$$00000030  c_w.l(libinit2.o)
    0x08000136   0x08000136   0x00000000   Code   RO         1274    .ARM.Collect$$libinit$$00000032  c_w.l(libinit2.o)
    0x08000136   0x08000136   0x00000002   Code   RO         1275    .ARM.Collect$$libinit$$00000033  c_w.l(libinit2.o)
    0x08000138   0x08000138   0x00000002   Code   RO         1295    .ARM.Collect$$libshutdown$$00000000  c_w.l(libshutdown.o)
    0x0800013a   0x0800013a   0x00000000   Code   RO         1308    .ARM.Collect$$libshutdown$$00000002  c_w.l(libshutdown2.o)
    0x0800013a   0x0800013a   0x00000000   Code   RO         1310    .ARM.Collect$$libshutdown$$00000004  c_w.l(libshutdown2.o)
    0x0800013a   0x0800013a   0x00000000   Code   RO         1313    .ARM.Collect$$libshutdown$$00000007  c_w.l(libshutdown2.o)
    0x0800013a   0x0800013a   0x00000000   Code   RO         1316    .ARM.Collect$$libshutdown$$0000000A  c_w.l(libshutdown2.o)
    0x0800013a   0x0800013a   0x00000000   Code   RO         1318    .ARM.Collect$$libshutdown$$0000000C  c_w.l(libshutdown2.o)
    0x0800013a   0x0800013a   0x00000000   Code   RO         1321    .ARM.Collect$$libshutdown$$0000000F  c_w.l(libshutdown2.o)
    0x0800013a   0x0800013a   0x00000002   Code   RO         1322    .ARM.Collect$$libshutdown$$00000010  c_w.l(libshutdown2.o)
    0x0800013c   0x0800013c   0x00000000   Code   RO         1187    .ARM.Collect$$rtentry$$00000000  c_w.l(__rtentry.o)
    0x0800013c   0x0800013c   0x00000000   Code   RO         1202    .ARM.Collect$$rtentry$$00000002  c_w.l(__rtentry2.o)
    0x0800013c   0x0800013c   0x00000006   Code   RO         1214    .ARM.Collect$$rtentry$$00000004  c_w.l(__rtentry4.o)
    0x08000142   0x08000142   0x00000000   Code   RO         1204    .ARM.Collect$$rtentry$$00000009  c_w.l(__rtentry2.o)
    0x08000142   0x08000142   0x00000004   Code   RO         1205    .ARM.Collect$$rtentry$$0000000A  c_w.l(__rtentry2.o)
    0x08000146   0x08000146   0x00000000   Code   RO         1207    .ARM.Collect$$rtentry$$0000000C  c_w.l(__rtentry2.o)
    0x08000146   0x08000146   0x00000008   Code   RO         1208    .ARM.Collect$$rtentry$$0000000D  c_w.l(__rtentry2.o)
    0x0800014e   0x0800014e   0x00000002   Code   RO         1229    .ARM.Collect$$rtexit$$00000000  c_w.l(rtexit.o)
    0x08000150   0x08000150   0x00000000   Code   RO         1277    .ARM.Collect$$rtexit$$00000002  c_w.l(rtexit2.o)
    0x08000150   0x08000150   0x00000004   Code   RO         1278    .ARM.Collect$$rtexit$$00000003  c_w.l(rtexit2.o)
    0x08000154   0x08000154   0x00000006   Code   RO         1279    .ARM.Collect$$rtexit$$00000004  c_w.l(rtexit2.o)
    0x0800015a   0x0800015a   0x00000002   PAD
    0x0800015c   0x0800015c   0x00000096   Code   RO          274    .emb_text           port.o
    0x080001f2   0x080001f2   0x00000002   PAD
    0x080001f4   0x080001f4   0x00000040   Code   RO         1033  * .text               startup_mdr32f9qx.o
    0x08000234   0x08000234   0x0000008a   Code   RO         1139    .text               c_w.l(rt_memcpy_v6.o)
    0x080002be   0x080002be   0x00000006   Code   RO         1141    .text               c_w.l(heapauxi.o)
    0x080002c4   0x080002c4   0x00000064   Code   RO         1188    .text               c_w.l(rt_memcpy_w.o)
    0x08000328   0x08000328   0x0000004a   Code   RO         1216    .text               c_w.l(sys_stackheap_outer.o)
    0x08000372   0x08000372   0x00000012   Code   RO         1218    .text               c_w.l(exit.o)
    0x08000384   0x08000384   0x00000008   Code   RO         1226    .text               c_w.l(libspace.o)
    0x0800038c   0x0800038c   0x0000000c   Code   RO         1287    .text               c_w.l(sys_exit.o)
    0x08000398   0x08000398   0x00000002   Code   RO         1298    .text               c_w.l(use_no_semi.o)
    0x0800039a   0x0800039a   0x00000000   Code   RO         1300    .text               c_w.l(indicate_semi.o)
    0x0800039a   0x0800039a   0x00000002   PAD
    0x0800039c   0x0800039c   0x000000a0   Code   RO            3    i.CalcCurrent       main.o
    0x0800043c   0x0800043c   0x000000b8   Code   RO            4    i.GPIO_init         main.o
    0x080004f4   0x080004f4   0x00000014   Code   RO          988    i.MCU_ADC_init      mdr_adc.o
    0x08000508   0x08000508   0x00000034   Code   RO          989    i.MCU_ADC_read      mdr_adc.o
    0x0800053c   0x0800053c   0x00000014   Code   RO          991    i.MCU_ADC_start_conv  mdr_adc.o
    0x08000550   0x08000550   0x0000000c   Code   RO            5    i.MCU_DAC2_init     main.o
    0x0800055c   0x0800055c   0x00000016   Code   RO            6    i.NVIC_EnableIRQ    main.o
    0x08000572   0x08000572   0x00000002   PAD
    0x08000574   0x08000574   0x00000028   Code   RO            7    i.NVIC_SetPriority  main.o
    0x0800059c   0x0800059c   0x00000040   Code   RO            8    i.OSC_init          main.o
    0x080005dc   0x080005dc   0x00000034   Code   RO            9    i.PIDregInit        main.o
    0x08000610   0x08000610   0x000001c8   Code   RO         1072    i.PORT_Init         mdr32f9qx_port.o
    0x080007d8   0x080007d8   0x0000001c   Code   RO         1077    i.PORT_StructInit   mdr32f9qx_port.o
    0x080007f4   0x080007f4   0x00000034   Code   RO          275    i.SysTick_Handler   port.o
    0x08000828   0x08000828   0x00000090   Code   RO         1039    i.SystemCoreClockUpdate  system_mdr32f9qx.o
    0x080008b8   0x080008b8   0x00000040   Code   RO         1040    i.SystemInit        system_mdr32f9qx.o
    0x080008f8   0x080008f8   0x00000034   Code   RO           10    i.T2_init           main.o
    0x0800092c   0x0800092c   0x000002c8   Code   RO           11    i.Timer2_IRQHandler  main.o
    0x08000bf4   0x08000bf4   0x0000004c   Code   RO          808    i.UART1_IRQHandler  mdr_uart.o
    0x08000c40   0x08000c40   0x00000020   Code   RO          809    i.UartGetByte       mdr_uart.o
    0x08000c60   0x08000c60   0x00000010   Code   RO          810    i.UartGetQcnt       mdr_uart.o
    0x08000c70   0x08000c70   0x00000070   Code   RO          811    i.UartInit          mdr_uart.o
    0x08000ce0   0x08000ce0   0x00000014   Code   RO          812    i.UartResetQueue    mdr_uart.o
    0x08000cf4   0x08000cf4   0x00000018   Code   RO          813    i.UartSendByte      mdr_uart.o
    0x08000d0c   0x08000d0c   0x0000000c   Code   RO          868    i.get_modbus_id     mdr_modbus.o
    0x08000d18   0x08000d18   0x0000000c   Code   RO          869    i.get_wr_reg_addr   mdr_modbus.o
    0x08000d24   0x08000d24   0x0000000c   Code   RO          870    i.get_wr_reg_val    mdr_modbus.o
    0x08000d30   0x08000d30   0x0000000c   Code   RO          872    i.holding_reg_write  mdr_modbus.o
    0x08000d3c   0x08000d3c   0x0000000c   Code   RO          874    i.input_reg_write   mdr_modbus.o
    0x08000d48   0x08000d48   0x00000120   Code   RO           12    i.main              main.o
    0x08000e68   0x08000e68   0x00000044   Code   RO          876    i.modbus_CRC16      mdr_modbus.o
    0x08000eac   0x08000eac   0x000000b4   Code   RO          877    i.modbus_get_poll   mdr_modbus.o
    0x08000f60   0x08000f60   0x0000001c   Code   RO          878    i.modbus_init       mdr_modbus.o
    0x08000f7c   0x08000f7c   0x00000014   Code   RO          879    i.modbus_reset      mdr_modbus.o
    0x08000f90   0x08000f90   0x0000015c   Code   RO          880    i.modbus_rhr_answer  mdr_modbus.o
    0x080010ec   0x080010ec   0x0000015c   Code   RO          881    i.modbus_rir_answer  mdr_modbus.o
    0x08001248   0x08001248   0x00000108   Code   RO          882    i.modbus_rx_CRC_check  mdr_modbus.o
    0x08001350   0x08001350   0x000000e0   Code   RO          883    i.modbus_wsr_answer  mdr_modbus.o
    0x08001430   0x08001430   0x00000098   Code   RO          518    i.prvAddCurrentTaskToDelayedList  tasks.o
    0x080014c8   0x080014c8   0x000000b4   Code   RO          519    i.prvAddNewTaskToReadyList  tasks.o
    0x0800157c   0x0800157c   0x00000048   Code   RO          520    i.prvCheckTasksWaitingTermination  tasks.o
    0x080015c4   0x080015c4   0x0000002a   Code   RO          353    i.prvCopyDataFromQueue  queue.o
    0x080015ee   0x080015ee   0x0000006a   Code   RO          354    i.prvCopyDataToQueue  queue.o
    0x08001658   0x08001658   0x00000012   Code   RO          521    i.prvDeleteTCB      tasks.o
    0x0800166a   0x0800166a   0x00000002   PAD
    0x0800166c   0x0800166c   0x00000038   Code   RO          168    i.prvHeapInit       heap_2.o
    0x080016a4   0x080016a4   0x00000028   Code   RO          522    i.prvIdleTask       tasks.o
    0x080016cc   0x080016cc   0x00000026   Code   RO          355    i.prvInitialiseNewQueue  queue.o
    0x080016f2   0x080016f2   0x0000008a   Code   RO          523    i.prvInitialiseNewTask  tasks.o
    0x0800177c   0x0800177c   0x00000068   Code   RO          524    i.prvInitialiseTaskLists  tasks.o
    0x080017e4   0x080017e4   0x0000001a   Code   RO          356    i.prvIsQueueEmpty   queue.o
    0x080017fe   0x080017fe   0x0000001e   Code   RO          357    i.prvIsQueueFull    queue.o
    0x0800181c   0x0800181c   0x00000034   Code   RO          525    i.prvResetNextTaskUnblockTime  tasks.o
    0x08001850   0x08001850   0x00000016   Code   RO          276    i.prvTaskExitError  port.o
    0x08001866   0x08001866   0x0000007e   Code   RO          358    i.prvUnlockQueue    queue.o
    0x080018e4   0x080018e4   0x000000b8   Code   RO          169    i.pvPortMalloc      heap_2.o
    0x0800199c   0x0800199c   0x00000024   Code   RO          277    i.pxPortInitialiseStack  port.o
    0x080019c0   0x080019c0   0x000002ac   Code   RO           13    i.task_ModbusSM     main.o
    0x08001c6c   0x08001c6c   0x000001c0   Code   RO           14    i.task_OvercurrentSM  main.o
    0x08001e2c   0x08001e2c   0x00000028   Code   RO          230    i.uxListRemove      list.o
    0x08001e54   0x08001e54   0x00000012   Code   RO          359    i.uxQueueMessagesWaiting  queue.o
    0x08001e66   0x08001e66   0x00000008   Code   RO          360    i.uxQueueMessagesWaitingFromISR  queue.o
    0x08001e6e   0x08001e6e   0x0000001a   Code   RO          231    i.vListInitialise   list.o
    0x08001e88   0x08001e88   0x00000006   Code   RO          232    i.vListInitialiseItem  list.o
    0x08001e8e   0x08001e8e   0x00000034   Code   RO          233    i.vListInsert       list.o
    0x08001ec2   0x08001ec2   0x00000018   Code   RO          234    i.vListInsertEnd    list.o
    0x08001eda   0x08001eda   0x00000002   PAD
    0x08001edc   0x08001edc   0x00000024   Code   RO          279    i.vPortEnterCritical  port.o
    0x08001f00   0x08001f00   0x00000020   Code   RO          280    i.vPortExitCritical  port.o
    0x08001f20   0x08001f20   0x00000040   Code   RO          170    i.vPortFree         heap_2.o
    0x08001f60   0x08001f60   0x00000018   Code   RO          281    i.vPortSetupTimerInterrupt  port.o
    0x08001f78   0x08001f78   0x00000034   Code   RO          532    i.vTaskDelay        tasks.o
    0x08001fac   0x08001fac   0x00000018   Code   RO          536    i.vTaskInternalSetTimeOutState  tasks.o
    0x08001fc4   0x08001fc4   0x0000000c   Code   RO          537    i.vTaskMissedYield  tasks.o
    0x08001fd0   0x08001fd0   0x00000020   Code   RO          539    i.vTaskPlaceOnEventList  tasks.o
    0x08001ff0   0x08001ff0   0x00000064   Code   RO          545    i.vTaskStartScheduler  tasks.o
    0x08002054   0x08002054   0x00000010   Code   RO          547    i.vTaskSuspendAll   tasks.o
    0x08002064   0x08002064   0x00000060   Code   RO          548    i.vTaskSwitchContext  tasks.o
    0x080020c4   0x080020c4   0x00000034   Code   RO          282    i.xPortStartScheduler  port.o
    0x080020f8   0x080020f8   0x0000001a   Code   RO          363    i.xQueueCreateCountingSemaphore  queue.o
    0x08002112   0x08002112   0x0000003a   Code   RO          364    i.xQueueGenericCreate  queue.o
    0x0800214c   0x0800214c   0x00000080   Code   RO          365    i.xQueueGenericReset  queue.o
    0x080021cc   0x080021cc   0x00000118   Code   RO          366    i.xQueueGenericSend  queue.o
    0x080022e4   0x080022e4   0x00000086   Code   RO          367    i.xQueueGenericSendFromISR  queue.o
    0x0800236a   0x0800236a   0x00000078   Code   RO          368    i.xQueueGiveFromISR  queue.o
    0x080023e2   0x080023e2   0x00000002   PAD
    0x080023e4   0x080023e4   0x0000010c   Code   RO          371    i.xQueuePeek        queue.o
    0x080024f0   0x080024f0   0x0000004a   Code   RO          372    i.xQueuePeekFromISR  queue.o
    0x0800253a   0x0800253a   0x00000002   PAD
    0x0800253c   0x0800253c   0x00000104   Code   RO          373    i.xQueueReceive     queue.o
    0x08002640   0x08002640   0x00000082   Code   RO          374    i.xQueueReceiveFromISR  queue.o
    0x080026c2   0x080026c2   0x00000002   PAD
    0x080026c4   0x080026c4   0x000000f0   Code   RO          375    i.xQueueSemaphoreTake  queue.o
    0x080027b4   0x080027b4   0x0000005c   Code   RO          549    i.xTaskCheckForTimeOut  tasks.o
    0x08002810   0x08002810   0x00000060   Code   RO          550    i.xTaskCreate       tasks.o
    0x08002870   0x08002870   0x0000011c   Code   RO          555    i.xTaskIncrementTick  tasks.o
    0x0800298c   0x0800298c   0x00000080   Code   RO          558    i.xTaskRemoveFromEventList  tasks.o
    0x08002a0c   0x08002a0c   0x000000e8   Code   RO          559    i.xTaskResumeAll    tasks.o
    0x08002af4   0x08002af4   0x00000062   Code   RO         1145    x$fpl$d2f           fz_ws.l(d2f.o)
    0x08002b56   0x08002b56   0x00000002   PAD
    0x08002b58   0x08002b58   0x000002b0   Code   RO         1148    x$fpl$ddiv          fz_ws.l(ddiv.o)
    0x08002e08   0x08002e08   0x0000005a   Code   RO         1151    x$fpl$dfixu         fz_ws.l(dfixu.o)
    0x08002e62   0x08002e62   0x00000026   Code   RO         1155    x$fpl$dfltu         fz_ws.l(dflt_clz.o)
    0x08002e88   0x08002e88   0x00000154   Code   RO         1161    x$fpl$dmul          fz_ws.l(dmul.o)
    0x08002fdc   0x08002fdc   0x0000009c   Code   RO         1190    x$fpl$dnaninf       fz_ws.l(dnaninf.o)
    0x08003078   0x08003078   0x0000000c   Code   RO         1192    x$fpl$dretinf       fz_ws.l(dretinf.o)
    0x08003084   0x08003084   0x00000056   Code   RO         1163    x$fpl$f2d           fz_ws.l(f2d.o)
    0x080030da   0x080030da   0x00000002   PAD
    0x080030dc   0x080030dc   0x000000c4   Code   RO         1165    x$fpl$fadd          fz_ws.l(faddsub_clz.o)
    0x080031a0   0x080031a0   0x00000018   Code   RO         1194    x$fpl$fcmpinf       fz_ws.l(fcmpi.o)
    0x080031b8   0x080031b8   0x0000003e   Code   RO         1171    x$fpl$ffixu         fz_ws.l(ffixu.o)
    0x080031f6   0x080031f6   0x00000002   PAD
    0x080031f8   0x080031f8   0x00000026   Code   RO         1175    x$fpl$ffltu         fz_ws.l(fflt_clz.o)
    0x0800321e   0x0800321e   0x00000002   PAD
    0x08003220   0x08003220   0x00000068   Code   RO         1181    x$fpl$fleqf         fz_ws.l(fleqf.o)
    0x08003288   0x08003288   0x00000102   Code   RO         1183    x$fpl$fmul          fz_ws.l(fmul.o)
    0x0800338a   0x0800338a   0x0000008c   Code   RO         1196    x$fpl$fnaninf       fz_ws.l(fnaninf.o)
    0x08003416   0x08003416   0x0000000a   Code   RO         1198    x$fpl$fretinf       fz_ws.l(fretinf.o)
    0x08003420   0x08003420   0x00000062   Code   RO         1185    x$fpl$frleqf        fz_ws.l(frleqf.o)
    0x08003482   0x08003482   0x00000002   PAD
    0x08003484   0x08003484   0x000000ea   Code   RO         1167    x$fpl$fsub          fz_ws.l(faddsub_clz.o)
    0x0800356e   0x0800356e   0x00000000   Code   RO         1200    x$fpl$usenofp       fz_ws.l(usenofp.o)
    0x0800356e   0x0800356e   0x00000002   PAD
    0x08003570   0x08003570   0x00000020   Data   RO         1353    Region$$Table       anon$$obj.o


    Execution Region ER_RW (Exec base: 0x20000000, Load base: 0x08003590, Size: 0x000000bc, Max: 0xffffffff, ABSOLUTE)

    Exec Addr    Load Addr    Size         Type   Attr      Idx    E Section Name        Object

    0x20000000   0x08003590   0x00000032   Data   RW           16    .data               main.o
    0x20000032   0x080035c2   0x00000002   PAD
    0x20000034   0x080035c4   0x00000018   Data   RW          174    .data               heap_2.o
    0x2000004c   0x080035dc   0x00000004   Data   RW          283    .data               port.o
    0x20000050   0x080035e0   0x0000003c   Data   RW          562    .data               tasks.o
    0x2000008c   0x0800361c   0x00000014   Data   RW          814    .data               mdr_uart.o
    0x200000a0   0x08003630   0x00000018   Data   RW          887    .data               mdr_modbus.o
    0x200000b8   0x08003648   0x00000004   Data   RW         1041    .data               system_mdr32f9qx.o


    Execution Region ER_ZI (Exec base: 0x200000bc, Load base: 0x0800364c, Size: 0x00004efc, Max: 0xffffffff, ABSOLUTE)

    Exec Addr    Load Addr    Size         Type   Attr      Idx    E Section Name        Object

    0x200000bc        -       0x00000030   Zero   RW           15    .bss                main.o
    0x200000ec        -       0x00004400   Zero   RW          173    .bss                heap_2.o
    0x200044ec        -       0x000000c8   Zero   RW          561    .bss                tasks.o
    0x200045b4        -       0x000003a0   Zero   RW          885    .bss                mdr_modbus.o
    0x20004954        -       0x00000060   Zero   RW         1227    .bss                c_w.l(libspace.o)
    0x200049b4   0x0800364c   0x00000004   PAD
    0x200049b8        -       0x00000200   Zero   RW         1031    HEAP                startup_mdr32f9qx.o
    0x20004bb8        -       0x00000400   Zero   RW         1030    STACK               startup_mdr32f9qx.o


==============================================================================

Image component sizes


      Code (inc. data)   RO Data    RW Data    ZI Data      Debug   Object Name

       304         40          0         24      17408       4807   heap_2.o
       148          0          0          0          0       3010   list.o
      2718        342          0         50         48      96709   main.o
       484          6          0          0          0       2486   mdr32f9qx_port.o
        92         16          0          0          0       1339   mdr_adc.o
      1540        200          0         24        928       8929   mdr_modbus.o
       280         62          0         20          0       5626   mdr_uart.o
       404         48          0          4          0       8460   port.o
      2112         26          0          0          0      27125   queue.o
        64         26        192          0       1536        816   startup_mdr32f9qx.o
       208         24          0          4          0       1399   system_mdr32f9qx.o
      1920        312          0         60        200      23685   tasks.o

    ----------------------------------------------------------------------
     10288       1102        224        188      20120     184391   Object Totals
         0          0         32          0          0          0   (incl. Generated)
        14          0          0          2          0          0   (incl. Padding)

    ----------------------------------------------------------------------

      Code (inc. data)   RO Data    RW Data    ZI Data      Debug   Library Member Name

         8          0          0          0          0         68   __main.o
         0          0          0          0          0          0   __rtentry.o
        12          0          0          0          0          0   __rtentry2.o
         6          0          0          0          0          0   __rtentry4.o
        52          8          0          0          0          0   __scatter.o
        26          0          0          0          0          0   __scatter_copy.o
        28          0          0          0          0          0   __scatter_zi.o
        18          0          0          0          0         80   exit.o
         6          0          0          0          0        152   heapauxi.o
         0          0          0          0          0          0   indicate_semi.o
         2          0          0          0          0          0   libinit.o
         2          0          0          0          0          0   libinit2.o
         2          0          0          0          0          0   libshutdown.o
         2          0          0          0          0          0   libshutdown2.o
         8          4          0          0         96         68   libspace.o
       138          0          0          0          0         68   rt_memcpy_v6.o
       100          0          0          0          0         80   rt_memcpy_w.o
         2          0          0          0          0          0   rtexit.o
        10          0          0          0          0          0   rtexit2.o
        12          4          0          0          0         68   sys_exit.o
        74          0          0          0          0         80   sys_stackheap_outer.o
         2          0          0          0          0         68   use_no_semi.o
        98          4          0          0          0         92   d2f.o
       688        140          0          0          0        208   ddiv.o
        90          4          0          0          0         92   dfixu.o
        38          0          0          0          0         68   dflt_clz.o
       340         12          0          0          0        104   dmul.o
       156          4          0          0          0         92   dnaninf.o
        12          0          0          0          0         68   dretinf.o
        86          4          0          0          0         84   f2d.o
       430          8          0          0          0        168   faddsub_clz.o
        24          0          0          0          0         68   fcmpi.o
        62          4          0          0          0         84   ffixu.o
        38          0          0          0          0         68   fflt_clz.o
       104          4          0          0          0         84   fleqf.o
       258          4          0          0          0         84   fmul.o
       140          4          0          0          0         84   fnaninf.o
        10          0          0          0          0         68   fretinf.o
        98          0          0          0          0         68   frleqf.o
         0          0          0          0          0          0   usenofp.o

    ----------------------------------------------------------------------
      3200        208          0          0        100       2316   Library Totals
        18          0          0          0          4          0   (incl. Padding)

    ----------------------------------------------------------------------

      Code (inc. data)   RO Data    RW Data    ZI Data      Debug   Library Name

       510         16          0          0         96        732   c_w.l
      2672        192          0          0          0       1584   fz_ws.l

    ----------------------------------------------------------------------
      3200        208          0          0        100       2316   Library Totals

    ----------------------------------------------------------------------

==============================================================================


      Code (inc. data)   RO Data    RW Data    ZI Data      Debug   

     13488       1310        224        188      20220     180879   Grand Totals
     13488       1310        224        188      20220     180879   ELF Image Totals
     13488       1310        224        188          0          0   ROM Totals

==============================================================================

    Total RO  Size (Code + RO Data)                13712 (  13.39kB)
    Total RW  Size (RW Data + ZI Data)             20408 (  19.93kB)
    Total ROM Size (Code + RO Data + RW Data)      13900 (  13.57kB)

==============================================================================

