<html>
<body>
<pre>
<h1>µVision Build Log</h1>
<h2>Tool Versions:</h2>
IDE-Version: µVision V5.26.2.0
Copyright (C) 2018 ARM Ltd and ARM Germany GmbH. All rights reserved.
License Information: 1 2, 3, LIC=----
 
Tool Versions:
Toolchain:       MDK-Lite  Version: 5.26.2.0
Toolchain Path:  C:\Keil_v5\ARM\ARMCC\Bin
C Compiler:      Armcc.exe V5.06 update 6 (build 750)
Assembler:       Armasm.exe V5.06 update 6 (build 750)
Linker/Locator:  ArmLink.exe V5.06 update 6 (build 750)
Library Manager: ArmAr.exe V5.06 update 6 (build 750)
Hex Converter:   FromElf.exe V5.06 update 6 (build 750)
CPU DLL:         SARMCM3.DLL V5.26.2.0
Dialog DLL:      DCM.DLL V1.17.2.0
Target DLL:      Segger\JL2CM3.dll V2.99.31.0
Dialog DLL:      TCM.DLL V1.36.1.0
 
<h2>Project:</h2>
F:\Mega\ponkin-prjs\Milandr\Keil\pbf_module_v1.4\pbf_module_v1.4.uvprojx
Project File Date:  02/18/2020

<h2>Output:</h2>
*** Using Compiler 'V5.06 update 6 (build 750)', folder: 'C:\Keil_v5\ARM\ARMCC\Bin'
Rebuild target 'src'
compiling port.c...
compiling list.c...
compiling heap_2.c...
compiling main.c...
.\src\h\mdr_modbus.h(36): warning:  #815-D: type qualifier on return type is meaningless
    volatile uint8_t is_reg (uint16_t reg_addr);
.\src\h\mdr_modbus.h(39): warning:  #815-D: type qualifier on return type is meaningless
    volatile uint8_t modbus_get_poll(void);  
.\src\h\mdr_modbus.h(42): warning:  #1295-D: Deprecated declaration modbus_reset - give arg types
    void modbus_reset();
.\src\h\mdr_modbus.h(55): warning:  #815-D: type qualifier on return type is meaningless
    volatile uint16_t get_wr_reg_val(void);
.\src\h\mdr_modbus.h(59): warning:  #815-D: type qualifier on return type is meaningless
    volatile uint8_t get_modbus_id(void);
main.c(43): warning:  #186-D: pointless comparison of unsigned integer with zero
  	if(Iload_meas < 0)		// correct if minus
main.c(184): warning:  #167-D: argument of type "TickType_t" is incompatible with parameter of type "BaseType_t *const"
  			xQueueSendFromISR(FPsetCounts_q, (void*) &MeasDataTx.VsetCounts,T);   
main.c(187): warning:  #167-D: argument of type "TickType_t" is incompatible with parameter of type "BaseType_t *const"
  			xQueueSendFromISR(LoadCurrent_q, (void*) &MeasDataTx.ImeasCounts,T);
main.c(190): warning:  #167-D: argument of type "TickType_t" is incompatible with parameter of type "BaseType_t *const"
  			xQueueSendFromISR(FBvoltage_q, (void*) &MeasDataTx.VmeasCounts,T);   
main.c(195): warning:  #167-D: argument of type "TickType_t" is incompatible with parameter of type "BaseType_t *const"
  			xQueueReceiveFromISR(DistHVenStatus_q, (void*) &DistHVen,T);  
main.c(203): warning:  #167-D: argument of type "volatile uint16_t *" is incompatible with parameter of type "void *const"
  					xQueuePeekFromISR(DistVset_q, &VsetCntsDist);
main.c(298): warning:  #177-D: variable "meas_delta"  was declared but never referenced
    int16_t meas_delta = 0;
main.c(299): warning:  #177-D: variable "set_delta"  was declared but never referenced
    int16_t set_delta = 0;
main.c(470): warning:  #223-D: function "get_wr_reg_addr" declared implicitly
             wr_reg_addr = get_wr_reg_addr();    // get address
main.c(561): warning:  #1-D: last line of file ends without a newline
  //================================================================//
main.c: 15 warnings, 0 errors
compiling queue.c...
compiling mdr_uart.c...
.\src\h\mdr_uart.h(28): warning:  #1-D: last line of file ends without a newline
  #endif	/* MDR_UART_H */
.\src\h\mdr_modbus.h(36): warning:  #815-D: type qualifier on return type is meaningless
    volatile uint8_t is_reg (uint16_t reg_addr);
.\src\h\mdr_modbus.h(39): warning:  #815-D: type qualifier on return type is meaningless
    volatile uint8_t modbus_get_poll(void);  
.\src\h\mdr_modbus.h(42): warning:  #1295-D: Deprecated declaration modbus_reset - give arg types
    void modbus_reset();
.\src\h\mdr_modbus.h(55): warning:  #815-D: type qualifier on return type is meaningless
    volatile uint16_t get_wr_reg_val(void);
.\src\h\mdr_modbus.h(59): warning:  #815-D: type qualifier on return type is meaningless
    volatile uint8_t get_modbus_id(void);
src\c\mdr_uart.c(9): warning:  #177-D: variable "RxBytesCnt"  was declared but never referenced
  static UBaseType_t RxBytesCnt;
src\c\mdr_uart.c: 7 warnings, 0 errors
compiling tasks.c...
compiling mdr_modbus.c...
.\src\h\mdr_modbus.h(36): warning:  #815-D: type qualifier on return type is meaningless
    volatile uint8_t is_reg (uint16_t reg_addr);
.\src\h\mdr_modbus.h(39): warning:  #815-D: type qualifier on return type is meaningless
    volatile uint8_t modbus_get_poll(void);  
.\src\h\mdr_modbus.h(42): warning:  #1295-D: Deprecated declaration modbus_reset - give arg types
    void modbus_reset();
.\src\h\mdr_modbus.h(55): warning:  #815-D: type qualifier on return type is meaningless
    volatile uint16_t get_wr_reg_val(void);
.\src\h\mdr_modbus.h(59): warning:  #815-D: type qualifier on return type is meaningless
    volatile uint8_t get_modbus_id(void);
.\src\h\mdr_uart.h(28): warning:  #1-D: last line of file ends without a newline
  #endif	/* MDR_UART_H */
src\c\mdr_modbus.c(252): warning:  #815-D: type qualifier on return type is meaningless
    volatile uint8_t is_reg (uint16_t reg_addr){  
src\c\mdr_modbus.c(273): warning:  #815-D: type qualifier on return type is meaningless
    volatile uint8_t modbus_get_poll(void)  
src\c\mdr_modbus.c(379): warning:  #815-D: type qualifier on return type is meaningless
  	volatile uint16_t get_wr_reg_addr(void)
src\c\mdr_modbus.c(385): warning:  #815-D: type qualifier on return type is meaningless
  	volatile uint16_t get_wr_reg_val(void)
src\c\mdr_modbus.c(391): warning:  #815-D: type qualifier on return type is meaningless
  	volatile uint8_t get_modbus_id(void)
src\c\mdr_modbus.c(403): warning:  #1-D: last line of file ends without a newline
    
src\c\mdr_modbus.c: 12 warnings, 0 errors
assembling startup_MDR32F9Qx.s...
compiling mdr_adc.c...
src\c\mdr_adc.c(56): warning:  #1-D: last line of file ends without a newline
  }
src\c\mdr_adc.c: 1 warning, 0 errors
compiling system_MDR32F9Qx.c...
compiling MDR32F9Qx_port.c...
linking...
Program Size: Code=12944 RO-data=224 RW-data=188 ZI-data=20220  
FromELF: creating hex file...
".\Objects\1.4" - 0 Error(s), 35 Warning(s).

<h2>Software Packages used:</h2>

Package Vendor: Keil
                http://www.keil.com/pack/Keil.MDR1986BExx.1.51.pack
                Keil.MDR1986BExx.1.51
                Milandr MDR1986BExx Series Device Support, Drivers and Examples
   * Component: Startup Version: 1.5
   * Component: PORT Version: 1.5

<h2>Collection of Component include folders:</h2>
  .\RTE\Device\MDR1986BE91
  .\RTE\_src
  C:\Keil_v5\ARM\PACK\Keil\MDR1986BExx\1.51\Config
  C:\Keil_v5\ARM\PACK\Keil\MDR1986BExx\1.51\Libraries\CMSIS\CM3\CoreSupport
  C:\Keil_v5\ARM\PACK\Keil\MDR1986BExx\1.51\Libraries\CMSIS\CM3\DeviceSupport\MDR32F9Qx\inc
  C:\Keil_v5\ARM\PACK\Keil\MDR1986BExx\1.51\Libraries\MDR32F9Qx_StdPeriph_Driver\inc

<h2>Collection of Component Files used:</h2>

   * Component: Keil::Device:Startup:1.5
      Source file:   Libraries\CMSIS\CM3\DeviceSupport\MDR32F9Qx\startup\arm\startup_MDR32F9Qx.s
      Source file:   Libraries\CMSIS\CM3\DeviceSupport\MDR32F9Qx\startup\arm\system_MDR32F9Qx.c
      Include file:  Libraries\CMSIS\CM3\CoreSupport\core_cm3.h
      Include file:  Libraries\CMSIS\CM3\DeviceSupport\MDR32F9Qx\startup\arm\system_MDR32F9Qx.h
      Include file:  Config\MDR32F9Qx_config.h

   * Component: Keil::Drivers:PORT:1.5
      Include file:  Libraries\MDR32F9Qx_StdPeriph_Driver\inc\MDR32F9Qx_port.h
      Source file:   Libraries\MDR32F9Qx_StdPeriph_Driver\src\MDR32F9Qx_port.c
Build Time Elapsed:  00:00:02
</pre>
</body>
</html>
