Component: ARM Compiler 5.06 update 6 (build 750) Tool: armlink [4d35ed]

==============================================================================

Section Cross References

    main.o(i.GPIO_init) refers to mdr32f9qx_port.o(i.PORT_StructInit) for PORT_StructInit
    main.o(i.GPIO_init) refers to mdr32f9qx_port.o(i.PORT_Init) for PORT_Init
    main.o(i.PIDregInit) refers to main.o(.bss) for PID
    main.o(i.Timer2_IRQHandler) refers to mdr_adc.o(i.MCU_ADC_init) for MCU_ADC_init
    main.o(i.Timer2_IRQHandler) refers to mdr_adc.o(i.MCU_ADC_read) for MCU_ADC_read
    main.o(i.Timer2_IRQHandler) refers to queue.o(i.uxQueueMessagesWaitingFromISR) for uxQueueMessagesWaitingFromISR
    main.o(i.Timer2_IRQHandler) refers to queue.o(i.xQueueGenericSendFromISR) for xQueueGenericSendFromISR
    main.o(i.Timer2_IRQHandler) refers to queue.o(i.xQueueReceiveFromISR) for xQueueReceiveFromISR
    main.o(i.Timer2_IRQHandler) refers to fflt_clz.o(x$fpl$ffltu) for __aeabi_ui2f
    main.o(i.Timer2_IRQHandler) refers to faddsub_clz.o(x$fpl$fsub) for __aeabi_fsub
    main.o(i.Timer2_IRQHandler) refers to fmul.o(x$fpl$fmul) for __aeabi_fmul
    main.o(i.Timer2_IRQHandler) refers to faddsub_clz.o(x$fpl$fadd) for __aeabi_fadd
    main.o(i.Timer2_IRQHandler) refers to frleqf.o(x$fpl$frleqf) for __aeabi_cfrcmple
    main.o(i.Timer2_IRQHandler) refers to fleqf.o(x$fpl$fleqf) for __aeabi_cfcmple
    main.o(i.Timer2_IRQHandler) refers to f2d.o(x$fpl$f2d) for __aeabi_f2d
    main.o(i.Timer2_IRQHandler) refers to dmul.o(x$fpl$dmul) for __aeabi_dmul
    main.o(i.Timer2_IRQHandler) refers to dfixu.o(x$fpl$dfixu) for __aeabi_d2uiz
    main.o(i.Timer2_IRQHandler) refers to main.o(.bss) for MeasDataTx
    main.o(i.Timer2_IRQHandler) refers to main.o(.data) for FPsetCounts_q
    main.o(i.main) refers to main.o(i.OSC_init) for OSC_init
    main.o(i.main) refers to main.o(i.GPIO_init) for GPIO_init
    main.o(i.main) refers to main.o(i.T2_init) for T2_init
    main.o(i.main) refers to mdr_adc.o(i.MCU_ADC_init) for MCU_ADC_init
    main.o(i.main) refers to main.o(i.MCU_DAC2_init) for MCU_DAC2_init
    main.o(i.main) refers to mdr_modbus.o(i.modbus_init) for modbus_init
    main.o(i.main) refers to queue.o(i.xQueueGenericCreate) for xQueueGenericCreate
    main.o(i.main) refers to tasks.o(i.xTaskCreate) for xTaskCreate
    main.o(i.main) refers to main.o(i.NVIC_EnableIRQ) for NVIC_EnableIRQ
    main.o(i.main) refers to tasks.o(i.vTaskStartScheduler) for vTaskStartScheduler
    main.o(i.main) refers to main.o(.data) for FPsetCounts_q
    main.o(i.main) refers to main.o(i.task_ModbusSM) for task_ModbusSM
    main.o(i.task_HVramp) refers to tasks.o(i.xTaskGetTickCount) for xTaskGetTickCount
    main.o(i.task_HVramp) refers to queue.o(i.xQueueReceive) for xQueueReceive
    main.o(i.task_HVramp) refers to queue.o(i.xQueueGenericSend) for xQueueGenericSend
    main.o(i.task_HVramp) refers to tasks.o(i.vTaskDelayUntil) for vTaskDelayUntil
    main.o(i.task_HVramp) refers to mdr_modbus.o(i.holding_reg_write) for holding_reg_write
    main.o(i.task_HVramp) refers to tasks.o(i.vTaskDelete) for vTaskDelete
    main.o(i.task_HVramp) refers to main.o(.data) for T
    main.o(i.task_ModbusSM) refers to main.o(i.PIDregInit) for PIDregInit
    main.o(i.task_ModbusSM) refers to mdr_modbus.o(i.modbus_get_poll) for modbus_get_poll
    main.o(i.task_ModbusSM) refers to queue.o(i.uxQueueMessagesWaiting) for uxQueueMessagesWaiting
    main.o(i.task_ModbusSM) refers to queue.o(i.xQueueReceive) for xQueueReceive
    main.o(i.task_ModbusSM) refers to fflt_clz.o(x$fpl$ffltu) for __aeabi_ui2f
    main.o(i.task_ModbusSM) refers to f2d.o(x$fpl$f2d) for __aeabi_f2d
    main.o(i.task_ModbusSM) refers to dmul.o(x$fpl$dmul) for __aeabi_dmul
    main.o(i.task_ModbusSM) refers to dfixu.o(x$fpl$dfixu) for __aeabi_d2uiz
    main.o(i.task_ModbusSM) refers to ddiv.o(x$fpl$ddiv) for __aeabi_ddiv
    main.o(i.task_ModbusSM) refers to mdr_modbus.o(i.holding_reg_write) for holding_reg_write
    main.o(i.task_ModbusSM) refers to ffixu.o(x$fpl$ffixu) for __aeabi_f2uiz
    main.o(i.task_ModbusSM) refers to mdr_modbus.o(i.modbus_rhr_answer) for modbus_rhr_answer
    main.o(i.task_ModbusSM) refers to mdr_modbus.o(i.modbus_wsr_answer) for modbus_wsr_answer
    main.o(i.task_ModbusSM) refers to mdr_modbus.o(i.get_wr_reg_addr) for get_wr_reg_addr
    main.o(i.task_ModbusSM) refers to mdr_modbus.o(i.get_wr_reg_val) for get_wr_reg_val
    main.o(i.task_ModbusSM) refers to queue.o(i.xQueueGenericSend) for xQueueGenericSend
    main.o(i.task_ModbusSM) refers to tasks.o(i.xTaskCreate) for xTaskCreate
    main.o(i.task_ModbusSM) refers to mdr_modbus.o(i.get_modbus_id) for get_modbus_id
    main.o(i.task_ModbusSM) refers to mdr_modbus.o(i.input_reg_write) for input_reg_write
    main.o(i.task_ModbusSM) refers to mdr_modbus.o(i.modbus_rir_answer) for modbus_rir_answer
    main.o(i.task_ModbusSM) refers to main.o(.data) for FPsetCounts_q
    main.o(i.task_ModbusSM) refers to main.o(.bss) for PID
[...]
    sys_exit.o(.text) refers (Special) to indicate_semi.o(.text) for __semihosting_library_function
    _get_argv_nomalloc.o(.text) refers (Special) to hrguard.o(.text) for __heap_region$guard
    _get_argv_nomalloc.o(.text) refers to defsig_rtmem_outer.o(.text) for __rt_SIGRTMEM
    _get_argv_nomalloc.o(.text) refers to sys_command.o(.text) for _sys_command_string
    libshutdown.o(.ARM.Collect$$libshutdown$$00000000) refers (Special) to libshutdown2.o(.ARM.Collect$$libshutdown$$00000002) for __rt_lib_shutdown_cpp_1
    libshutdown.o(.ARM.Collect$$libshutdown$$00000000) refers (Special) to libshutdown2.o(.ARM.Collect$$libshutdown$$00000007) for __rt_lib_shutdown_fp_trap_1
    libshutdown.o(.ARM.Collect$$libshutdown$$00000000) refers (Special) to libshutdown2.o(.ARM.Collect$$libshutdown$$0000000F) for __rt_lib_shutdown_heap_1
    libshutdown.o(.ARM.Collect$$libshutdown$$00000000) refers (Special) to libshutdown2.o(.ARM.Collect$$libshutdown$$00000010) for __rt_lib_shutdown_return
    libshutdown.o(.ARM.Collect$$libshutdown$$00000000) refers (Special) to libshutdown2.o(.ARM.Collect$$libshutdown$$0000000A) for __rt_lib_shutdown_signal_1
    libshutdown.o(.ARM.Collect$$libshutdown$$00000000) refers (Special) to libshutdown2.o(.ARM.Collect$$libshutdown$$00000004) for __rt_lib_shutdown_stdio_1
    libshutdown.o(.ARM.Collect$$libshutdown$$00000000) refers (Special) to libshutdown2.o(.ARM.Collect$$libshutdown$$0000000C) for __rt_lib_shutdown_user_alloc_1
    sys_command.o(.text) refers (Special) to use_no_semi.o(.text) for __I$use$semihosting
    sys_command.o(.text) refers (Special) to indicate_semi.o(.text) for __semihosting_library_function
    defsig_rtmem_outer.o(.text) refers to defsig_rtmem_inner.o(.text) for __rt_SIGRTMEM_inner
    defsig_rtmem_outer.o(.text) refers to defsig_exit.o(.text) for __sig_exit
    defsig_rtmem_formal.o(.text) refers to rt_raise.o(.text) for __rt_raise
    rt_raise.o(.text) refers to __raise.o(.text) for __raise
    rt_raise.o(.text) refers to sys_exit.o(.text) for _sys_exit
    defsig_exit.o(.text) refers to sys_exit.o(.text) for _sys_exit
    defsig_rtmem_inner.o(.text) refers to defsig_general.o(.text) for __default_signal_display
    __raise.o(.text) refers to defsig.o(CL$$defsig) for __default_signal_handler
    defsig_general.o(.text) refers to sys_wrch.o(.text) for _ttywrch
    sys_wrch.o(.text) refers (Special) to use_no_semi.o(.text) for __I$use$semihosting
    sys_wrch.o(.text) refers (Special) to indicate_semi.o(.text) for __semihosting_library_function
    defsig.o(CL$$defsig) refers to defsig_rtmem_inner.o(.text) for __rt_SIGRTMEM_inner
    defsig_abrt_inner.o(.text) refers to defsig_general.o(.text) for __default_signal_display
    defsig_fpe_inner.o(.text) refers to defsig_general.o(.text) for __default_signal_display
    defsig_rtred_inner.o(.text) refers to defsig_general.o(.text) for __default_signal_display
    defsig_stak_inner.o(.text) refers to defsig_general.o(.text) for __default_signal_display
    defsig_pvfn_inner.o(.text) refers to defsig_general.o(.text) for __default_signal_display
    defsig_cppl_inner.o(.text) refers to defsig_general.o(.text) for __default_signal_display
    defsig_segv_inner.o(.text) refers to defsig_general.o(.text) for __default_signal_display
    defsig_other.o(.text) refers to defsig_general.o(.text) for __default_signal_display


==============================================================================

Removing Unused input sections from the image.

    Removing main.o(.rev16_text), (4 bytes).
    Removing main.o(.revsh_text), (4 bytes).
    Removing heap_2.o(.rev16_text), (4 bytes).
    Removing heap_2.o(.revsh_text), (4 bytes).
    Removing heap_2.o(i.vPortInitialiseBlocks), (2 bytes).
    Removing heap_2.o(i.xPortGetFreeHeapSize), (12 bytes).
    Removing list.o(.rev16_text), (4 bytes).
    Removing list.o(.revsh_text), (4 bytes).
    Removing port.o(.rev16_text), (4 bytes).
    Removing port.o(.revsh_text), (4 bytes).
    Removing port.o(i.vPortEndScheduler), (2 bytes).
    Removing queue.o(.rev16_text), (4 bytes).
    Removing queue.o(.revsh_text), (4 bytes).
    Removing queue.o(i.uxQueueSpacesAvailable), (24 bytes).
    Removing queue.o(i.vQueueDelete), (14 bytes).
    Removing queue.o(i.xQueueIsQueueEmptyFromISR), (16 bytes).
    Removing queue.o(i.xQueueIsQueueFullFromISR), (22 bytes).
    Removing queue.o(i.xQueuePeek), (268 bytes).
    Removing queue.o(i.xQueuePeekFromISR), (74 bytes).
    Removing tasks.o(.rev16_text), (4 bytes).
    Removing tasks.o(.revsh_text), (4 bytes).
    Removing tasks.o(i.pcTaskGetName), (24 bytes).
    Removing tasks.o(i.prvTaskIsTaskSuspended), (64 bytes).
    Removing tasks.o(i.ulTaskNotifyTake), (116 bytes).
    Removing tasks.o(i.uxTaskGetNumberOfTasks), (12 bytes).
    Removing tasks.o(i.uxTaskPriorityGet), (36 bytes).
    Removing tasks.o(i.uxTaskPriorityGetFromISR), (56 bytes).
    Removing tasks.o(i.uxTaskResetEventItemValue), (28 bytes).
    Removing tasks.o(i.vTaskEndScheduler), (36 bytes).
    Removing tasks.o(i.vTaskNotifyGiveFromISR), (176 bytes).
    Removing tasks.o(i.vTaskPlaceOnUnorderedEventList), (44 bytes).
    Removing tasks.o(i.vTaskPrioritySet), (232 bytes).
    Removing tasks.o(i.vTaskRemoveFromUnorderedEventList), (100 bytes).
    Removing tasks.o(i.vTaskResume), (120 bytes).
    Removing tasks.o(i.vTaskSetTimeOutState), (36 bytes).
    Removing tasks.o(i.vTaskSuspend), (204 bytes).
    Removing tasks.o(i.xTaskGenericNotify), (196 bytes).
    Removing tasks.o(i.xTaskGenericNotifyFromISR), (252 bytes).
    Removing tasks.o(i.xTaskGetTickCountFromISR), (12 bytes).
    Removing tasks.o(i.xTaskNotifyStateClear), (52 bytes).
    Removing tasks.o(i.xTaskNotifyWait), (160 bytes).
    Removing tasks.o(i.xTaskResumeFromISR), (152 bytes).
    Removing mdr_uart.o(.rev16_text), (4 bytes).
    Removing mdr_uart.o(.revsh_text), (4 bytes).
    Removing mdr_modbus.o(.rev16_text), (4 bytes).
    Removing mdr_modbus.o(.revsh_text), (4 bytes).
    Removing mdr_modbus.o(i.holding_reg_read), (16 bytes).
    Removing mdr_modbus.o(i.input_reg_read), (16 bytes).
    Removing mdr_modbus.o(i.is_reg), (44 bytes).
    Removing mdr_modbus.o(i.set_modbus_id), (20 bytes).
    Removing mdr_modbus.o(.constdata), (4 bytes).
    Removing mdr_adc.o(.rev16_text), (4 bytes).
    Removing mdr_adc.o(.revsh_text), (4 bytes).
    Removing mdr_adc.o(i.MCU_ADC_set_ch), (28 bytes).
    Removing mdr_adc.o(i.MCU_ADC_stop_conv), (20 bytes).
    Removing system_mdr32f9qx.o(.rev16_text), (4 bytes).
    Removing system_mdr32f9qx.o(.revsh_text), (4 bytes).
    Removing mdr32f9qx_port.o(.rev16_text), (4 bytes).
    Removing mdr32f9qx_port.o(.revsh_text), (4 bytes).
    Removing mdr32f9qx_port.o(i.PORT_DeInit), (20 bytes).
    Removing mdr32f9qx_port.o(i.PORT_ReadInputData), (6 bytes).
    Removing mdr32f9qx_port.o(i.PORT_ReadInputDataBit), (16 bytes).
    Removing mdr32f9qx_port.o(i.PORT_ResetBits), (28 bytes).
    Removing mdr32f9qx_port.o(i.PORT_SetBits), (28 bytes).
    Removing mdr32f9qx_port.o(i.PORT_Write), (24 bytes).
    Removing mdr32f9qx_port.o(i.PORT_WriteBit), (44 bytes).

66 unused section(s) (total 2944 bytes) removed from the image.

==============================================================================

Image Symbol Table

    Local Symbols

    Symbol Name                              Value     Ov Type        Size  Object(Section)

    ../clib/angel/boardlib.s                 0x00000000   Number         0  boardinit2.o ABSOLUTE
    ../clib/angel/boardlib.s                 0x00000000   Number         0  boardinit3.o ABSOLUTE
    ../clib/angel/boardlib.s                 0x00000000   Number         0  boardinit1.o ABSOLUTE
    ../clib/angel/boardlib.s                 0x00000000   Number         0  boardshut.o ABSOLUTE
    ../clib/angel/handlers.s                 0x00000000   Number         0  __scatter_copy.o ABSOLUTE
    ../clib/angel/handlers.s                 0x00000000   Number         0  __scatter_zi.o ABSOLUTE
    ../clib/angel/kernel.s                   0x00000000   Number         0  __rtentry.o ABSOLUTE
    ../clib/angel/kernel.s                   0x00000000   Number         0  __rtentry4.o ABSOLUTE
    ../clib/angel/kernel.s                   0x00000000   Number         0  rtexit2.o ABSOLUTE
    ../clib/angel/kernel.s                   0x00000000   Number         0  rtexit.o ABSOLUTE
    ../clib/angel/kernel.s                   0x00000000   Number         0  __rtentry2.o ABSOLUTE
    ../clib/angel/rt.s                       0x00000000   Number         0  rt_raise.o ABSOLUTE
    ../clib/angel/scatter.s                  0x00000000   Number         0  __scatter.o ABSOLUTE
    ../clib/angel/startup.s                  0x00000000   Number         0  __main.o ABSOLUTE
    ../clib/angel/sys.s                      0x00000000   Number         0  use_no_semi.o ABSOLUTE
    ../clib/angel/sys.s                      0x00000000   Number         0  sys_stackheap_outer.o ABSOLUTE
    ../clib/angel/sys.s                      0x00000000   Number         0  libspace.o ABSOLUTE
    ../clib/angel/sys.s                      0x00000000   Number         0  indicate_semi.o ABSOLUTE
    ../clib/angel/sysapp.c                   0x00000000   Number         0  sys_exit.o ABSOLUTE
    ../clib/angel/sysapp.c                   0x00000000   Number         0  sys_command.o ABSOLUTE
    ../clib/angel/sysapp.c                   0x00000000   Number         0  sys_wrch.o ABSOLUTE
    ../clib/armsys.c                         0x00000000   Number         0  _get_argv_nomalloc.o ABSOLUTE
    ../clib/armsys.c                         0x00000000   Number         0  argv_veneer.o ABSOLUTE
    ../clib/armsys.c                         0x00000000   Number         0  argv_veneer.o ABSOLUTE
    ../clib/armsys.c                         0x00000000   Number         0  no_argv.o ABSOLUTE
    ../clib/heapalloc.c                      0x00000000   Number         0  hrguard.o ABSOLUTE
    ../clib/heapaux.c                        0x00000000   Number         0  heapauxi.o ABSOLUTE
    ../clib/libinit.s                        0x00000000   Number         0  libshutdown2.o ABSOLUTE
    ../clib/libinit.s                        0x00000000   Number         0  libinit.o ABSOLUTE
    ../clib/libinit.s                        0x00000000   Number         0  libshutdown.o ABSOLUTE
    ../clib/libinit.s                        0x00000000   Number         0  libinit2.o ABSOLUTE
    ../clib/memcpset.s                       0x00000000   Number         0  rt_memcpy_w.o ABSOLUTE
    ../clib/memcpset.s                       0x00000000   Number         0  rt_memcpy_v6.o ABSOLUTE
    ../clib/signal.c                         0x00000000   Number         0  defsig_cppl_inner.o ABSOLUTE
    ../clib/signal.c                         0x00000000   Number         0  defsig_segv_inner.o ABSOLUTE
    ../clib/signal.c                         0x00000000   Number         0  defsig_general.o ABSOLUTE
    ../clib/signal.c                         0x00000000   Number         0  __raise.o ABSOLUTE
    ../clib/signal.c                         0x00000000   Number         0  defsig_other.o ABSOLUTE
    ../clib/signal.c                         0x00000000   Number         0  defsig_rtmem_formal.o ABSOLUTE
    ../clib/signal.c                         0x00000000   Number         0  defsig_rtmem_outer.o ABSOLUTE
    ../clib/signal.c                         0x00000000   Number         0  defsig_rtmem_inner.o ABSOLUTE
    ../clib/signal.c                         0x00000000   Number         0  defsig_exit.o ABSOLUTE
    ../clib/signal.c                         0x00000000   Number         0  defsig_stak_inner.o ABSOLUTE
    ../clib/signal.c                         0x00000000   Number         0  defsig_rtred_inner.o ABSOLUTE
    ../clib/signal.c                         0x00000000   Number         0  defsig_fpe_inner.o ABSOLUTE
    ../clib/signal.c                         0x00000000   Number         0  defsig_abrt_inner.o ABSOLUTE
    ../clib/signal.c                         0x00000000   Number         0  defsig_pvfn_inner.o ABSOLUTE
    ../clib/signal.s                         0x00000000   Number         0  defsig.o ABSOLUTE
    ../clib/stdlib.c                         0x00000000   Number         0  exit.o ABSOLUTE
    ../fplib/ddiv.s                          0x00000000   Number         0  ddiv.o ABSOLUTE
    ../fplib/dfixu.s                         0x00000000   Number         0  dfixu.o ABSOLUTE
    ../fplib/dmul.s                          0x00000000   Number         0  dmul.o ABSOLUTE
    ../fplib/dnaninf.s                       0x00000000   Number         0  dnaninf.o ABSOLUTE
    ../fplib/dretinf.s                       0x00000000   Number         0  dretinf.o ABSOLUTE
    ../fplib/f2d.s                           0x00000000   Number         0  f2d.o ABSOLUTE
    ../fplib/faddsub.s                       0x00000000   Number         0  faddsub_clz.o ABSOLUTE
    ../fplib/fcmpi.s                         0x00000000   Number         0  fcmpi.o ABSOLUTE
    ../fplib/ffixu.s                         0x00000000   Number         0  ffixu.o ABSOLUTE
    ../fplib/fflt.s                          0x00000000   Number         0  fflt_clz.o ABSOLUTE
    ../fplib/fleqf.s                         0x00000000   Number         0  fleqf.o ABSOLUTE
    ../fplib/fmul.s                          0x00000000   Number         0  fmul.o ABSOLUTE
    ../fplib/fnaninf.s                       0x00000000   Number         0  fnaninf.o ABSOLUTE
    ../fplib/fpinit.s                        0x00000000   Number         0  fpinit.o ABSOLUTE
    ../fplib/fretinf.s                       0x00000000   Number         0  fretinf.o ABSOLUTE
    ../fplib/frleqf.s                        0x00000000   Number         0  frleqf.o ABSOLUTE
    ../fplib/usenofp.s                       0x00000000   Number         0  usenofp.o ABSOLUTE
    C:\Keil_v5\ARM\PACK\Keil\MDR1986BExx\1.51\Libraries\MDR32F9Qx_StdPeriph_Driver\src\MDR32F9Qx_port.c 0x00000000   Number         0  mdr32f9qx_port.o ABSOLUTE
    C:\\Keil_v5\\ARM\\PACK\\Keil\\MDR1986BExx\\1.51\\Libraries\\MDR32F9Qx_StdPeriph_Driver\\src\\MDR32F9Qx_port.c 0x00000000   Number         0  mdr32f9qx_port.o ABSOLUTE
    RTE\Device\MDR1986BE91\startup_MDR32F9Qx.s 0x00000000   Number         0  startup_mdr32f9qx.o ABSOLUTE
    RTE\Device\MDR1986BE91\system_MDR32F9Qx.c 0x00000000   Number         0  system_mdr32f9qx.o ABSOLUTE
    RTE\\Device\\MDR1986BE91\\system_MDR32F9Qx.c 0x00000000   Number         0  system_mdr32f9qx.o ABSOLUTE
    RTOS\\heap_2.c                           0x00000000   Number         0  heap_2.o ABSOLUTE
    RTOS\\list.c                             0x00000000   Number         0  list.o ABSOLUTE
    RTOS\\port.c                             0x00000000   Number         0  port.o ABSOLUTE
    RTOS\\queue.c                            0x00000000   Number         0  queue.o ABSOLUTE
    RTOS\\tasks.c                            0x00000000   Number         0  tasks.o ABSOLUTE
    RTOS\heap_2.c                            0x00000000   Number         0  heap_2.o ABSOLUTE
    RTOS\list.c                              0x00000000   Number         0  list.o ABSOLUTE
    RTOS\port.c                              0x00000000   Number         0  port.o ABSOLUTE
    RTOS\queue.c                             0x00000000   Number         0  queue.o ABSOLUTE
    RTOS\tasks.c                             0x00000000   Number         0  tasks.o ABSOLUTE
    dc.s                                     0x00000000   Number         0  dc.o ABSOLUTE
    main.c                                   0x00000000   Number         0  main.o ABSOLUTE
    main.c                                   0x00000000   Number         0  main.o ABSOLUTE
    src\\c\\mdr_adc.c                        0x00000000   Number         0  mdr_adc.o ABSOLUTE
    src\\c\\mdr_modbus.c                     0x00000000   Number         0  mdr_modbus.o ABSOLUTE
    src\\c\\mdr_uart.c                       0x00000000   Number         0  mdr_uart.o ABSOLUTE
    src\c\mdr_adc.c                          0x00000000   Number         0  mdr_adc.o ABSOLUTE
    src\c\mdr_modbus.c                       0x00000000   Number         0  mdr_modbus.o ABSOLUTE
    src\c\mdr_uart.c                         0x00000000   Number         0  mdr_uart.o ABSOLUTE
    RESET                                    0x08000000   Section      192  startup_mdr32f9qx.o(RESET)
    !!!main                                  0x080000c0   Section        8  __main.o(!!!main)
    !!!scatter                               0x080000c8   Section       52  __scatter.o(!!!scatter)
    !!handler_copy                           0x080000fc   Section       26  __scatter_copy.o(!!handler_copy)
    !!handler_zi                             0x08000118   Section       28  __scatter_zi.o(!!handler_zi)
    .ARM.Collect$$libinit$$00000000          0x08000134   Section        2  libinit.o(.ARM.Collect$$libinit$$00000000)
    .ARM.Collect$$libinit$$00000002          0x08000136   Section        0  libinit2.o(.ARM.Collect$$libinit$$00000002)
    .ARM.Collect$$libinit$$00000004          0x08000136   Section        0  libinit2.o(.ARM.Collect$$libinit$$00000004)
    .ARM.Collect$$libinit$$0000000A          0x08000136   Section        0  libinit2.o(.ARM.Collect$$libinit$$0000000A)
    .ARM.Collect$$libinit$$0000000C          0x08000136   Section        0  libinit2.o(.ARM.Collect$$libinit$$0000000C)
    .ARM.Collect$$libinit$$0000000E          0x08000136   Section        0  libinit2.o(.ARM.Collect$$libinit$$0000000E)
    .ARM.Collect$$libinit$$00000011          0x08000136   Section        0  libinit2.o(.ARM.Collect$$libinit$$00000011)
    .ARM.Collect$$libinit$$00000013          0x08000136   Section        0  libinit2.o(.ARM.Collect$$libinit$$00000013)
    .ARM.Collect$$libinit$$00000015          0x08000136   Section        0  libinit2.o(.ARM.Collect$$libinit$$00000015)
    .ARM.Collect$$libinit$$00000017          0x08000136   Section        0  libinit2.o(.ARM.Collect$$libinit$$00000017)
    .ARM.Collect$$libinit$$00000019          0x08000136   Section        0  libinit2.o(.ARM.Collect$$libinit$$00000019)
    .ARM.Collect$$libinit$$0000001B          0x08000136   Section        0  libinit2.o(.ARM.Collect$$libinit$$0000001B)
    .ARM.Collect$$libinit$$0000001D          0x08000136   Section        0  libinit2.o(.ARM.Collect$$libinit$$0000001D)
    .ARM.Collect$$libinit$$0000001F          0x08000136   Section        0  libinit2.o(.ARM.Collect$$libinit$$0000001F)
    .ARM.Collect$$libinit$$00000021          0x08000136   Section        0  libinit2.o(.ARM.Collect$$libinit$$00000021)
    .ARM.Collect$$libinit$$00000023          0x08000136   Section        0  libinit2.o(.ARM.Collect$$libinit$$00000023)
    .ARM.Collect$$libinit$$00000025          0x08000136   Section        0  libinit2.o(.ARM.Collect$$libinit$$00000025)
    .ARM.Collect$$libinit$$0000002C          0x08000136   Section        0  libinit2.o(.ARM.Collect$$libinit$$0000002C)
    .ARM.Collect$$libinit$$0000002E          0x08000136   Section        0  libinit2.o(.ARM.Collect$$libinit$$0000002E)
    .ARM.Collect$$libinit$$00000030          0x08000136   Section        0  libinit2.o(.ARM.Collect$$libinit$$00000030)
    .ARM.Collect$$libinit$$00000032          0x08000136   Section        0  libinit2.o(.ARM.Collect$$libinit$$00000032)
    .ARM.Collect$$libinit$$00000033          0x08000136   Section        2  libinit2.o(.ARM.Collect$$libinit$$00000033)
    .ARM.Collect$$libshutdown$$00000000      0x08000138   Section        2  libshutdown.o(.ARM.Collect$$libshutdown$$00000000)
    .ARM.Collect$$libshutdown$$00000002      0x0800013a   Section        0  libshutdown2.o(.ARM.Collect$$libshutdown$$00000002)
    .ARM.Collect$$libshutdown$$00000004      0x0800013a   Section        0  libshutdown2.o(.ARM.Collect$$libshutdown$$00000004)
    .ARM.Collect$$libshutdown$$00000007      0x0800013a   Section        0  libshutdown2.o(.ARM.Collect$$libshutdown$$00000007)
    .ARM.Collect$$libshutdown$$0000000A      0x0800013a   Section        0  libshutdown2.o(.ARM.Collect$$libshutdown$$0000000A)
    .ARM.Collect$$libshutdown$$0000000C      0x0800013a   Section        0  libshutdown2.o(.ARM.Collect$$libshutdown$$0000000C)
    .ARM.Collect$$libshutdown$$0000000F      0x0800013a   Section        0  libshutdown2.o(.ARM.Collect$$libshutdown$$0000000F)
    .ARM.Collect$$libshutdown$$00000010      0x0800013a   Section        2  libshutdown2.o(.ARM.Collect$$libshutdown$$00000010)
    .ARM.Collect$$rtentry$$00000000          0x0800013c   Section        0  __rtentry.o(.ARM.Collect$$rtentry$$00000000)
    .ARM.Collect$$rtentry$$00000002          0x0800013c   Section        0  __rtentry2.o(.ARM.Collect$$rtentry$$00000002)
    .ARM.Collect$$rtentry$$00000004          0x0800013c   Section        6  __rtentry4.o(.ARM.Collect$$rtentry$$00000004)
    .ARM.Collect$$rtentry$$00000009          0x08000142   Section        0  __rtentry2.o(.ARM.Collect$$rtentry$$00000009)
    .ARM.Collect$$rtentry$$0000000A          0x08000142   Section        4  __rtentry2.o(.ARM.Collect$$rtentry$$0000000A)
    .ARM.Collect$$rtentry$$0000000C          0x08000146   Section        0  __rtentry2.o(.ARM.Collect$$rtentry$$0000000C)
    .ARM.Collect$$rtentry$$0000000D          0x08000146   Section        8  __rtentry2.o(.ARM.Collect$$rtentry$$0000000D)
    .ARM.Collect$$rtexit$$00000000           0x0800014e   Section        2  rtexit.o(.ARM.Collect$$rtexit$$00000000)
    .ARM.Collect$$rtexit$$00000002           0x08000150   Section        0  rtexit2.o(.ARM.Collect$$rtexit$$00000002)
    .ARM.Collect$$rtexit$$00000003           0x08000150   Section        4  rtexit2.o(.ARM.Collect$$rtexit$$00000003)
    .ARM.Collect$$rtexit$$00000004           0x08000154   Section        6  rtexit2.o(.ARM.Collect$$rtexit$$00000004)
    .emb_text                                0x0800015c   Section      150  port.o(.emb_text)
    .text                                    0x080001f4   Section       64  startup_mdr32f9qx.o(.text)
    .text                                    0x08000234   Section      138  rt_memcpy_v6.o(.text)
    .text                                    0x080002be   Section        0  heapauxi.o(.text)
    .text                                    0x080002c4   Section      100  rt_memcpy_w.o(.text)
    .text                                    0x08000328   Section       74  sys_stackheap_outer.o(.text)
    .text                                    0x08000372   Section        0  exit.o(.text)
    .text                                    0x08000384   Section        8  libspace.o(.text)
    .text                                    0x0800038c   Section        0  sys_exit.o(.text)
    .text                                    0x08000398   Section        2  use_no_semi.o(.text)
    .text                                    0x0800039a   Section        0  indicate_semi.o(.text)
    i.GPIO_init                              0x0800039c   Section        0  main.o(i.GPIO_init)
    i.MCU_ADC_init                           0x08000454   Section        0  mdr_adc.o(i.MCU_ADC_init)
    i.MCU_ADC_read                           0x08000468   Section        0  mdr_adc.o(i.MCU_ADC_read)
    i.MCU_ADC_start_conv                     0x0800049c   Section        0  mdr_adc.o(i.MCU_ADC_start_conv)
    i.MCU_DAC2_init                          0x080004b0   Section        0  main.o(i.MCU_DAC2_init)
    i.NVIC_EnableIRQ                         0x080004bc   Section        0  main.o(i.NVIC_EnableIRQ)
    NVIC_EnableIRQ                           0x080004bd   Thumb Code    22  main.o(i.NVIC_EnableIRQ)
    i.OSC_init                               0x080004d4   Section        0  main.o(i.OSC_init)
    i.PIDregInit                             0x08000514   Section        0  main.o(i.PIDregInit)
    i.PORT_Init                              0x0800053c   Section        0  mdr32f9qx_port.o(i.PORT_Init)
    i.PORT_StructInit                        0x08000704   Section        0  mdr32f9qx_port.o(i.PORT_StructInit)
    i.SysTick_Handler                        0x08000720   Section        0  port.o(i.SysTick_Handler)
    i.SystemCoreClockUpdate                  0x08000754   Section        0  system_mdr32f9qx.o(i.SystemCoreClockUpdate)
    i.SystemInit                             0x080007e4   Section        0  system_mdr32f9qx.o(i.SystemInit)
    i.T2_init                                0x08000824   Section        0  main.o(i.T2_init)
    i.Timer2_IRQHandler                      0x08000858   Section        0  main.o(i.Timer2_IRQHandler)
    i.UART1_IRQHandler                       0x08000a24   Section        0  mdr_uart.o(i.UART1_IRQHandler)
    i.UartGetByte                            0x08000a70   Section        0  mdr_uart.o(i.UartGetByte)
    i.UartGetQcnt                            0x08000a90   Section        0  mdr_uart.o(i.UartGetQcnt)
    i.UartInit                               0x08000aa0   Section        0  mdr_uart.o(i.UartInit)
    i.UartResetQueue                         0x08000b10   Section        0  mdr_uart.o(i.UartResetQueue)
    i.UartSendByte                           0x08000b24   Section        0  mdr_uart.o(i.UartSendByte)
    i.get_modbus_id                          0x08000b3c   Section        0  mdr_modbus.o(i.get_modbus_id)
    i.get_wr_reg_addr                        0x08000b48   Section        0  mdr_modbus.o(i.get_wr_reg_addr)
    i.get_wr_reg_val                         0x08000b54   Section        0  mdr_modbus.o(i.get_wr_reg_val)
    i.holding_reg_write                      0x08000b60   Section        0  mdr_modbus.o(i.holding_reg_write)
    i.input_reg_write                        0x08000b6c   Section        0  mdr_modbus.o(i.input_reg_write)
    i.main                                   0x08000b78   Section        0  main.o(i.main)
    i.modbus_CRC16                           0x08000c48   Section        0  mdr_modbus.o(i.modbus_CRC16)
    modbus_CRC16                             0x08000c49   Thumb Code    68  mdr_modbus.o(i.modbus_CRC16)
    i.modbus_get_poll                        0x08000c8c   Section        0  mdr_modbus.o(i.modbus_get_poll)
    i.modbus_init                            0x08000d40   Section        0  mdr_modbus.o(i.modbus_init)
    i.modbus_reset                           0x08000d5c   Section        0  mdr_modbus.o(i.modbus_reset)
    i.modbus_rhr_answer                      0x08000d70   Section        0  mdr_modbus.o(i.modbus_rhr_answer)
    i.modbus_rir_answer                      0x08000ecc   Section        0  mdr_modbus.o(i.modbus_rir_answer)
    i.modbus_rx_CRC_check                    0x08001028   Section        0  mdr_modbus.o(i.modbus_rx_CRC_check)
    i.modbus_wsr_answer                      0x08001130   Section        0  mdr_modbus.o(i.modbus_wsr_answer)
    i.prvAddCurrentTaskToDelayedList         0x08001210   Section        0  tasks.o(i.prvAddCurrentTaskToDelayedList)
    prvAddCurrentTaskToDelayedList           0x08001211   Thumb Code   124  tasks.o(i.prvAddCurrentTaskToDelayedList)
    i.prvAddNewTaskToReadyList               0x080012a8   Section        0  tasks.o(i.prvAddNewTaskToReadyList)
    prvAddNewTaskToReadyList                 0x080012a9   Thumb Code   150  tasks.o(i.prvAddNewTaskToReadyList)
    i.prvCheckTasksWaitingTermination        0x0800135c   Section        0  tasks.o(i.prvCheckTasksWaitingTermination)
    prvCheckTasksWaitingTermination          0x0800135d   Thumb Code    60  tasks.o(i.prvCheckTasksWaitingTermination)
    i.prvCopyDataFromQueue                   0x080013a4   Section        0  queue.o(i.prvCopyDataFromQueue)
    prvCopyDataFromQueue                     0x080013a5   Thumb Code    42  queue.o(i.prvCopyDataFromQueue)
    i.prvCopyDataToQueue                     0x080013ce   Section        0  queue.o(i.prvCopyDataToQueue)
    prvCopyDataToQueue                       0x080013cf   Thumb Code   106  queue.o(i.prvCopyDataToQueue)
    i.prvDeleteTCB                           0x08001438   Section        0  tasks.o(i.prvDeleteTCB)
    prvDeleteTCB                             0x08001439   Thumb Code    18  tasks.o(i.prvDeleteTCB)
    i.prvHeapInit                            0x0800144c   Section        0  heap_2.o(i.prvHeapInit)
    prvHeapInit                              0x0800144d   Thumb Code    42  heap_2.o(i.prvHeapInit)
    i.prvIdleTask                            0x08001484   Section        0  tasks.o(i.prvIdleTask)
    prvIdleTask                              0x08001485   Thumb Code    32  tasks.o(i.prvIdleTask)
    i.prvInitialiseNewQueue                  0x080014ac   Section        0  queue.o(i.prvInitialiseNewQueue)
    prvInitialiseNewQueue                    0x080014ad   Thumb Code    38  queue.o(i.prvInitialiseNewQueue)
    i.prvInitialiseNewTask                   0x080014d2   Section        0  tasks.o(i.prvInitialiseNewTask)
    prvInitialiseNewTask                     0x080014d3   Thumb Code   138  tasks.o(i.prvInitialiseNewTask)
    i.prvInitialiseTaskLists                 0x0800155c   Section        0  tasks.o(i.prvInitialiseTaskLists)
    prvInitialiseTaskLists                   0x0800155d   Thumb Code    70  tasks.o(i.prvInitialiseTaskLists)
    i.prvIsQueueEmpty                        0x080015c4   Section        0  queue.o(i.prvIsQueueEmpty)
    prvIsQueueEmpty                          0x080015c5   Thumb Code    26  queue.o(i.prvIsQueueEmpty)
    i.prvIsQueueFull                         0x080015de   Section        0  queue.o(i.prvIsQueueFull)
    prvIsQueueFull                           0x080015df   Thumb Code    30  queue.o(i.prvIsQueueFull)
    i.prvResetNextTaskUnblockTime            0x080015fc   Section        0  tasks.o(i.prvResetNextTaskUnblockTime)
    prvResetNextTaskUnblockTime              0x080015fd   Thumb Code    42  tasks.o(i.prvResetNextTaskUnblockTime)
    i.prvTaskExitError                       0x08001630   Section        0  port.o(i.prvTaskExitError)
    prvTaskExitError                         0x08001631   Thumb Code    22  port.o(i.prvTaskExitError)
    i.prvUnlockQueue                         0x08001646   Section        0  queue.o(i.prvUnlockQueue)
    prvUnlockQueue                           0x08001647   Thumb Code   126  queue.o(i.prvUnlockQueue)
    i.pvPortMalloc                           0x080016c4   Section        0  heap_2.o(i.pvPortMalloc)
    i.pxPortInitialiseStack                  0x0800177c   Section        0  port.o(i.pxPortInitialiseStack)
    i.task_HVramp                            0x080017a0   Section        0  main.o(i.task_HVramp)
    i.task_ModbusSM                          0x0800189c   Section        0  main.o(i.task_ModbusSM)
    i.uxListRemove                           0x08001afc   Section        0  list.o(i.uxListRemove)
    i.uxQueueMessagesWaiting                 0x08001b24   Section        0  queue.o(i.uxQueueMessagesWaiting)
    i.uxQueueMessagesWaitingFromISR          0x08001b36   Section        0  queue.o(i.uxQueueMessagesWaitingFromISR)
    i.vListInitialise                        0x08001b3e   Section        0  list.o(i.vListInitialise)
    i.vListInitialiseItem                    0x08001b58   Section        0  list.o(i.vListInitialiseItem)
    i.vListInsert                            0x08001b5e   Section        0  list.o(i.vListInsert)
    i.vListInsertEnd                         0x08001b92   Section        0  list.o(i.vListInsertEnd)
    i.vPortEnterCritical                     0x08001bac   Section        0  port.o(i.vPortEnterCritical)
    i.vPortExitCritical                      0x08001bd0   Section        0  port.o(i.vPortExitCritical)
    i.vPortFree                              0x08001bf0   Section        0  heap_2.o(i.vPortFree)
    i.vPortSetupTimerInterrupt               0x08001c30   Section        0  port.o(i.vPortSetupTimerInterrupt)
    i.vTaskDelay                             0x08001c48   Section        0  tasks.o(i.vTaskDelay)
    i.vTaskDelayUntil                        0x08001c7c   Section        0  tasks.o(i.vTaskDelayUntil)
    i.vTaskDelete                            0x08001cf0   Section        0  tasks.o(i.vTaskDelete)
    i.vTaskInternalSetTimeOutState           0x08001dbc   Section        0  tasks.o(i.vTaskInternalSetTimeOutState)
    i.vTaskMissedYield                       0x08001dd4   Section        0  tasks.o(i.vTaskMissedYield)
    i.vTaskPlaceOnEventList                  0x08001de0   Section        0  tasks.o(i.vTaskPlaceOnEventList)
    i.vTaskStartScheduler                    0x08001e00   Section        0  tasks.o(i.vTaskStartScheduler)
    i.vTaskSuspendAll                        0x08001e64   Section        0  tasks.o(i.vTaskSuspendAll)
    i.vTaskSwitchContext                     0x08001e74   Section        0  tasks.o(i.vTaskSwitchContext)
    i.xPortStartScheduler                    0x08001ed4   Section        0  port.o(i.xPortStartScheduler)
    i.xQueueCreateCountingSemaphore          0x08001f08   Section        0  queue.o(i.xQueueCreateCountingSemaphore)
    i.xQueueGenericCreate                    0x08001f22   Section        0  queue.o(i.xQueueGenericCreate)
    i.xQueueGenericReset                     0x08001f5c   Section        0  queue.o(i.xQueueGenericReset)
    i.xQueueGenericSend                      0x08001fdc   Section        0  queue.o(i.xQueueGenericSend)
    i.xQueueGenericSendFromISR               0x080020f4   Section        0  queue.o(i.xQueueGenericSendFromISR)
    i.xQueueGiveFromISR                      0x0800217a   Section        0  queue.o(i.xQueueGiveFromISR)
    i.xQueueReceive                          0x080021f4   Section        0  queue.o(i.xQueueReceive)
    i.xQueueReceiveFromISR                   0x080022f8   Section        0  queue.o(i.xQueueReceiveFromISR)
    i.xQueueSemaphoreTake                    0x0800237c   Section        0  queue.o(i.xQueueSemaphoreTake)
    i.xTaskCheckForTimeOut                   0x0800246c   Section        0  tasks.o(i.xTaskCheckForTimeOut)
    i.xTaskCreate                            0x080024c8   Section        0  tasks.o(i.xTaskCreate)
    i.xTaskGetTickCount                      0x08002528   Section        0  tasks.o(i.xTaskGetTickCount)
    i.xTaskIncrementTick                     0x08002534   Section        0  tasks.o(i.xTaskIncrementTick)
    i.xTaskRemoveFromEventList               0x08002650   Section        0  tasks.o(i.xTaskRemoveFromEventList)
    i.xTaskResumeAll                         0x080026d0   Section        0  tasks.o(i.xTaskResumeAll)
    x$fpl$ddiv                               0x080027b8   Section      688  ddiv.o(x$fpl$ddiv)
    ddiv_entry                               0x080027bf   Thumb Code     0  ddiv.o(x$fpl$ddiv)
    x$fpl$dfixu                              0x08002a68   Section       90  dfixu.o(x$fpl$dfixu)
    x$fpl$dmul                               0x08002ac4   Section      340  dmul.o(x$fpl$dmul)
    x$fpl$dnaninf                            0x08002c18   Section      156  dnaninf.o(x$fpl$dnaninf)
    x$fpl$dretinf                            0x08002cb4   Section       12  dretinf.o(x$fpl$dretinf)
    x$fpl$f2d                                0x08002cc0   Section       86  f2d.o(x$fpl$f2d)
    x$fpl$fadd                               0x08002d18   Section      196  faddsub_clz.o(x$fpl$fadd)
    _fadd1                                   0x08002d27   Thumb Code     0  faddsub_clz.o(x$fpl$fadd)
    x$fpl$fcmpinf                            0x08002ddc   Section       24  fcmpi.o(x$fpl$fcmpinf)
    x$fpl$ffixu                              0x08002df4   Section       62  ffixu.o(x$fpl$ffixu)
    x$fpl$ffltu                              0x08002e34   Section       38  fflt_clz.o(x$fpl$ffltu)
    x$fpl$fleqf                              0x08002e5c   Section      104  fleqf.o(x$fpl$fleqf)
    x$fpl$fmul                               0x08002ec4   Section      258  fmul.o(x$fpl$fmul)
    x$fpl$fnaninf                            0x08002fc6   Section      140  fnaninf.o(x$fpl$fnaninf)
    x$fpl$fretinf                            0x08003052   Section       10  fretinf.o(x$fpl$fretinf)
    x$fpl$frleqf                             0x0800305c   Section       98  frleqf.o(x$fpl$frleqf)
    x$fpl$fsub                               0x080030c0   Section      234  faddsub_clz.o(x$fpl$fsub)
    _fsub1                                   0x080030cf   Thumb Code     0  faddsub_clz.o(x$fpl$fsub)
    x$fpl$usenofp                            0x080031aa   Section        0  usenofp.o(x$fpl$usenofp)
    .data                                    0x20000000   Section       40  main.o(.data)
    .data                                    0x20000028   Section       24  heap_2.o(.data)
    xStart                                   0x20000028   Data           8  heap_2.o(.data)
    xEnd                                     0x20000030   Data           8  heap_2.o(.data)
    xFreeBytesRemaining                      0x20000038   Data           4  heap_2.o(.data)
    xHeapHasBeenInitialised                  0x2000003c   Data           4  heap_2.o(.data)
    .data                                    0x20000040   Section        4  port.o(.data)
    uxCriticalNesting                        0x20000040   Data           4  port.o(.data)
    .data                                    0x20000044   Section       60  tasks.o(.data)
    pxDelayedTaskList                        0x20000048   Data           4  tasks.o(.data)
    pxOverflowDelayedTaskList                0x2000004c   Data           4  tasks.o(.data)
    uxDeletedTasksWaitingCleanUp             0x20000050   Data           4  tasks.o(.data)
    uxCurrentNumberOfTasks                   0x20000054   Data           4  tasks.o(.data)
    xTickCount                               0x20000058   Data           4  tasks.o(.data)
    uxTopReadyPriority                       0x2000005c   Data           4  tasks.o(.data)
    xSchedulerRunning                        0x20000060   Data           4  tasks.o(.data)
    uxPendedTicks                            0x20000064   Data           4  tasks.o(.data)
    xYieldPending                            0x20000068   Data           4  tasks.o(.data)
    xNumOfOverflows                          0x2000006c   Data           4  tasks.o(.data)
    uxTaskNumber                             0x20000070   Data           4  tasks.o(.data)
    xNextTaskUnblockTime                     0x20000074   Data           4  tasks.o(.data)
    xIdleTaskHandle                          0x20000078   Data           4  tasks.o(.data)
    uxSchedulerSuspended                     0x2000007c   Data           4  tasks.o(.data)
    .data                                    0x20000080   Section       20  mdr_uart.o(.data)
    xRxedBytes                               0x20000080   Data           4  mdr_uart.o(.data)
    RxByte                                   0x20000084   Data           1  mdr_uart.o(.data)
    RxBytesCnt                               0x20000088   Data           4  mdr_uart.o(.data)
    xHigherPriorityTaskWoken                 0x20000090   Data           4  mdr_uart.o(.data)
    .data                                    0x20000094   Section       24  mdr_modbus.o(.data)
    .data                                    0x200000ac   Section        4  system_mdr32f9qx.o(.data)
    .bss                                     0x200000b0   Section       60  main.o(.bss)
    .bss                                     0x200000ec   Section    17408  heap_2.o(.bss)
    ucHeap                                   0x200000ec   Data       17408  heap_2.o(.bss)
    .bss                                     0x200044ec   Section      200  tasks.o(.bss)
    pxReadyTasksLists                        0x200044ec   Data         100  tasks.o(.bss)
    xDelayedTaskList1                        0x20004550   Data          20  tasks.o(.bss)
    xDelayedTaskList2                        0x20004564   Data          20  tasks.o(.bss)
    xPendingReadyList                        0x20004578   Data          20  tasks.o(.bss)
    xTasksWaitingTermination                 0x2000458c   Data          20  tasks.o(.bss)
    xSuspendedTaskList                       0x200045a0   Data          20  tasks.o(.bss)
    .bss                                     0x200045b4   Section      928  mdr_modbus.o(.bss)
    .bss                                     0x20004954   Section       96  libspace.o(.bss)
    HEAP                                     0x200049b8   Section      512  startup_mdr32f9qx.o(HEAP)
    Heap_Mem                                 0x200049b8   Data         512  startup_mdr32f9qx.o(HEAP)
    STACK                                    0x20004bb8   Section     1024  startup_mdr32f9qx.o(STACK)
    Stack_Mem                                0x20004bb8   Data        1024  startup_mdr32f9qx.o(STACK)
    __initial_sp                             0x20004fb8   Data           0  startup_mdr32f9qx.o(STACK)

    Global Symbols

    Symbol Name                              Value     Ov Type        Size  Object(Section)

    BuildAttributes$$THM_ISAv4$P$D$K$B$S$PE$A:L22UL41UL21$X:L11$S22US41US21$IEEE1$IW$USESV6$~STKCKD$USESV7$~SHL$OSPACE$ROPI$EBA8$UX$STANDARDLIB$REQ8$PRES8$EABIv2 0x00000000   Number         0  anon$$obj.o ABSOLUTE
    __ARM_use_no_argv                        0x00000000   Number         0  main.o ABSOLUTE
    __ARM_exceptions_init                     - Undefined Weak Reference
    __alloca_initialize                       - Undefined Weak Reference
    __arm_preinit_                            - Undefined Weak Reference
    __cpp_initialize__aeabi_                  - Undefined Weak Reference
    __cxa_finalize                            - Undefined Weak Reference
    __rt_locale                               - Undefined Weak Reference
    __sigvec_lookup                           - Undefined Weak Reference
    _atexit_init                              - Undefined Weak Reference
    _call_atexit_fns                          - Undefined Weak Reference
    _clock_init                               - Undefined Weak Reference
    _fp_trap_init                             - Undefined Weak Reference
    _fp_trap_shutdown                         - Undefined Weak Reference
    _get_lc_collate                           - Undefined Weak Reference
    _get_lc_ctype                             - Undefined Weak Reference
    _get_lc_monetary                          - Undefined Weak Reference
    _get_lc_numeric                           - Undefined Weak Reference
    _get_lc_time                              - Undefined Weak Reference
    _getenv_init                              - Undefined Weak Reference
    _handle_redirection                       - Undefined Weak Reference
    _init_alloc                               - Undefined Weak Reference
    _init_user_alloc                          - Undefined Weak Reference
    _initio                                   - Undefined Weak Reference
    _rand_init                                - Undefined Weak Reference
    _signal_finish                            - Undefined Weak Reference
    _signal_init                              - Undefined Weak Reference
    _terminate_alloc                          - Undefined Weak Reference
    _terminate_user_alloc                     - Undefined Weak Reference
    _terminateio                              - Undefined Weak Reference
    __Vectors_Size                           0x000000c0   Number         0  startup_mdr32f9qx.o ABSOLUTE
    __Vectors                                0x08000000   Data           4  startup_mdr32f9qx.o(RESET)
    __Vectors_End                            0x080000c0   Data           0  startup_mdr32f9qx.o(RESET)
    __main                                   0x080000c1   Thumb Code     8  __main.o(!!!main)
    __scatterload                            0x080000c9   Thumb Code     0  __scatter.o(!!!scatter)
    __scatterload_rt2                        0x080000c9   Thumb Code    44  __scatter.o(!!!scatter)
    __scatterload_rt2_thumb_only             0x080000c9   Thumb Code     0  __scatter.o(!!!scatter)
    __scatterload_null                       0x080000d7   Thumb Code     0  __scatter.o(!!!scatter)
    __scatterload_copy                       0x080000fd   Thumb Code    26  __scatter_copy.o(!!handler_copy)
    __scatterload_zeroinit                   0x08000119   Thumb Code    28  __scatter_zi.o(!!handler_zi)
    __rt_lib_init                            0x08000135   Thumb Code     0  libinit.o(.ARM.Collect$$libinit$$00000000)
    __rt_lib_init_alloca_1                   0x08000137   Thumb Code     0  libinit2.o(.ARM.Collect$$libinit$$0000002E)
    __rt_lib_init_argv_1                     0x08000137   Thumb Code     0  libinit2.o(.ARM.Collect$$libinit$$0000002C)
    __rt_lib_init_atexit_1                   0x08000137   Thumb Code     0  libinit2.o(.ARM.Collect$$libinit$$0000001B)
    __rt_lib_init_clock_1                    0x08000137   Thumb Code     0  libinit2.o(.ARM.Collect$$libinit$$00000021)
    __rt_lib_init_cpp_1                      0x08000137   Thumb Code     0  libinit2.o(.ARM.Collect$$libinit$$00000032)
    __rt_lib_init_exceptions_1               0x08000137   Thumb Code     0  libinit2.o(.ARM.Collect$$libinit$$00000030)
    __rt_lib_init_fp_1                       0x08000137   Thumb Code     0  libinit2.o(.ARM.Collect$$libinit$$00000002)
    __rt_lib_init_fp_trap_1                  0x08000137   Thumb Code     0  libinit2.o(.ARM.Collect$$libinit$$0000001F)
    __rt_lib_init_getenv_1                   0x08000137   Thumb Code     0  libinit2.o(.ARM.Collect$$libinit$$00000023)
    __rt_lib_init_heap_1                     0x08000137   Thumb Code     0  libinit2.o(.ARM.Collect$$libinit$$0000000A)
    __rt_lib_init_lc_collate_1               0x08000137   Thumb Code     0  libinit2.o(.ARM.Collect$$libinit$$00000011)
    __rt_lib_init_lc_ctype_1                 0x08000137   Thumb Code     0  libinit2.o(.ARM.Collect$$libinit$$00000013)
    __rt_lib_init_lc_monetary_1              0x08000137   Thumb Code     0  libinit2.o(.ARM.Collect$$libinit$$00000015)
    __rt_lib_init_lc_numeric_1               0x08000137   Thumb Code     0  libinit2.o(.ARM.Collect$$libinit$$00000017)
    __rt_lib_init_lc_time_1                  0x08000137   Thumb Code     0  libinit2.o(.ARM.Collect$$libinit$$00000019)
    __rt_lib_init_preinit_1                  0x08000137   Thumb Code     0  libinit2.o(.ARM.Collect$$libinit$$00000004)
    __rt_lib_init_rand_1                     0x08000137   Thumb Code     0  libinit2.o(.ARM.Collect$$libinit$$0000000E)
    __rt_lib_init_return                     0x08000137   Thumb Code     0  libinit2.o(.ARM.Collect$$libinit$$00000033)
    __rt_lib_init_signal_1                   0x08000137   Thumb Code     0  libinit2.o(.ARM.Collect$$libinit$$0000001D)
    __rt_lib_init_stdio_1                    0x08000137   Thumb Code     0  libinit2.o(.ARM.Collect$$libinit$$00000025)
    __rt_lib_init_user_alloc_1               0x08000137   Thumb Code     0  libinit2.o(.ARM.Collect$$libinit$$0000000C)
    __rt_lib_shutdown                        0x08000139   Thumb Code     0  libshutdown.o(.ARM.Collect$$libshutdown$$00000000)
    __rt_lib_shutdown_cpp_1                  0x0800013b   Thumb Code     0  libshutdown2.o(.ARM.Collect$$libshutdown$$00000002)
    __rt_lib_shutdown_fp_trap_1              0x0800013b   Thumb Code     0  libshutdown2.o(.ARM.Collect$$libshutdown$$00000007)
    __rt_lib_shutdown_heap_1                 0x0800013b   Thumb Code     0  libshutdown2.o(.ARM.Collect$$libshutdown$$0000000F)
    __rt_lib_shutdown_return                 0x0800013b   Thumb Code     0  libshutdown2.o(.ARM.Collect$$libshutdown$$00000010)
    __rt_lib_shutdown_signal_1               0x0800013b   Thumb Code     0  libshutdown2.o(.ARM.Collect$$libshutdown$$0000000A)
    __rt_lib_shutdown_stdio_1                0x0800013b   Thumb Code     0  libshutdown2.o(.ARM.Collect$$libshutdown$$00000004)
    __rt_lib_shutdown_user_alloc_1           0x0800013b   Thumb Code     0  libshutdown2.o(.ARM.Collect$$libshutdown$$0000000C)
    __rt_entry                               0x0800013d   Thumb Code     0  __rtentry.o(.ARM.Collect$$rtentry$$00000000)
    __rt_entry_presh_1                       0x0800013d   Thumb Code     0  __rtentry2.o(.ARM.Collect$$rtentry$$00000002)
    __rt_entry_sh                            0x0800013d   Thumb Code     0  __rtentry4.o(.ARM.Collect$$rtentry$$00000004)
    __rt_entry_li                            0x08000143   Thumb Code     0  __rtentry2.o(.ARM.Collect$$rtentry$$0000000A)
    __rt_entry_postsh_1                      0x08000143   Thumb Code     0  __rtentry2.o(.ARM.Collect$$rtentry$$00000009)
    __rt_entry_main                          0x08000147   Thumb Code     0  __rtentry2.o(.ARM.Collect$$rtentry$$0000000D)
    __rt_entry_postli_1                      0x08000147   Thumb Code     0  __rtentry2.o(.ARM.Collect$$rtentry$$0000000C)
    __rt_exit                                0x0800014f   Thumb Code     0  rtexit.o(.ARM.Collect$$rtexit$$00000000)
    __rt_exit_ls                             0x08000151   Thumb Code     0  rtexit2.o(.ARM.Collect$$rtexit$$00000003)
    __rt_exit_prels_1                        0x08000151   Thumb Code     0  rtexit2.o(.ARM.Collect$$rtexit$$00000002)
    __rt_exit_exit                           0x08000155   Thumb Code     0  rtexit2.o(.ARM.Collect$$rtexit$$00000004)
    SVC_Handler                              0x0800015d   Thumb Code    32  port.o(.emb_text)
    __asm___6_port_c_39a90d8d__prvStartFirstTask 0x08000181   Thumb Code    28  port.o(.emb_text)
    PendSV_Handler                           0x080001a1   Thumb Code    72  port.o(.emb_text)
    vPortGetIPSR                             0x080001ed   Thumb Code     6  port.o(.emb_text)
    Reset_Handler                            0x080001f5   Thumb Code     8  startup_mdr32f9qx.o(.text)
    NMI_Handler                              0x080001fd   Thumb Code     2  startup_mdr32f9qx.o(.text)
    HardFault_Handler                        0x080001ff   Thumb Code     2  startup_mdr32f9qx.o(.text)
    MemManage_Handler                        0x08000201   Thumb Code     2  startup_mdr32f9qx.o(.text)
    BusFault_Handler                         0x08000203   Thumb Code     2  startup_mdr32f9qx.o(.text)
    UsageFault_Handler                       0x08000205   Thumb Code     2  startup_mdr32f9qx.o(.text)
    DebugMon_Handler                         0x08000209   Thumb Code     2  startup_mdr32f9qx.o(.text)
    ADC_IRQHandler                           0x0800020f   Thumb Code     0  startup_mdr32f9qx.o(.text)
    BACKUP_IRQHandler                        0x0800020f   Thumb Code     0  startup_mdr32f9qx.o(.text)
    CAN1_IRQHandler                          0x0800020f   Thumb Code     0  startup_mdr32f9qx.o(.text)
    CAN2_IRQHandler                          0x0800020f   Thumb Code     0  startup_mdr32f9qx.o(.text)
    COMPARATOR_IRQHandler                    0x0800020f   Thumb Code     0  startup_mdr32f9qx.o(.text)
    DMA_IRQHandler                           0x0800020f   Thumb Code     0  startup_mdr32f9qx.o(.text)
    EXT_INT1_IRQHandler                      0x0800020f   Thumb Code     0  startup_mdr32f9qx.o(.text)
    EXT_INT2_IRQHandler                      0x0800020f   Thumb Code     0  startup_mdr32f9qx.o(.text)
    EXT_INT3_IRQHandler                      0x0800020f   Thumb Code     0  startup_mdr32f9qx.o(.text)
    EXT_INT4_IRQHandler                      0x0800020f   Thumb Code     0  startup_mdr32f9qx.o(.text)
    I2C_IRQHandler                           0x0800020f   Thumb Code     0  startup_mdr32f9qx.o(.text)
    POWER_IRQHandler                         0x0800020f   Thumb Code     0  startup_mdr32f9qx.o(.text)
    SSP1_IRQHandler                          0x0800020f   Thumb Code     0  startup_mdr32f9qx.o(.text)
    SSP2_IRQHandler                          0x0800020f   Thumb Code     0  startup_mdr32f9qx.o(.text)
    Timer1_IRQHandler                        0x0800020f   Thumb Code     0  startup_mdr32f9qx.o(.text)
    Timer3_IRQHandler                        0x0800020f   Thumb Code     0  startup_mdr32f9qx.o(.text)
    UART2_IRQHandler                         0x0800020f   Thumb Code     0  startup_mdr32f9qx.o(.text)
    USB_IRQHandler                           0x0800020f   Thumb Code     0  startup_mdr32f9qx.o(.text)
    WWDG_IRQHandler                          0x0800020f   Thumb Code     0  startup_mdr32f9qx.o(.text)
    __user_initial_stackheap                 0x08000211   Thumb Code     0  startup_mdr32f9qx.o(.text)
    __aeabi_memcpy                           0x08000235   Thumb Code     0  rt_memcpy_v6.o(.text)
    __rt_memcpy                              0x08000235   Thumb Code   138  rt_memcpy_v6.o(.text)
    _memcpy_lastbytes                        0x0800029b   Thumb Code     0  rt_memcpy_v6.o(.text)
    __use_two_region_memory                  0x080002bf   Thumb Code     2  heapauxi.o(.text)
    __rt_heap_escrow$2region                 0x080002c1   Thumb Code     2  heapauxi.o(.text)
    __rt_heap_expand$2region                 0x080002c3   Thumb Code     2  heapauxi.o(.text)
    __aeabi_memcpy4                          0x080002c5   Thumb Code     0  rt_memcpy_w.o(.text)
    __aeabi_memcpy8                          0x080002c5   Thumb Code     0  rt_memcpy_w.o(.text)
    __rt_memcpy_w                            0x080002c5   Thumb Code   100  rt_memcpy_w.o(.text)
    _memcpy_lastbytes_aligned                0x0800030d   Thumb Code     0  rt_memcpy_w.o(.text)
    __user_setup_stackheap                   0x08000329   Thumb Code    74  sys_stackheap_outer.o(.text)
    exit                                     0x08000373   Thumb Code    18  exit.o(.text)
    __user_libspace                          0x08000385   Thumb Code     8  libspace.o(.text)
    __user_perproc_libspace                  0x08000385   Thumb Code     0  libspace.o(.text)
    __user_perthread_libspace                0x08000385   Thumb Code     0  libspace.o(.text)
    _sys_exit                                0x0800038d   Thumb Code     8  sys_exit.o(.text)
    __I$use$semihosting                      0x08000399   Thumb Code     0  use_no_semi.o(.text)
    __use_no_semihosting_swi                 0x08000399   Thumb Code     2  use_no_semi.o(.text)
    __semihosting_library_function           0x0800039b   Thumb Code     0  indicate_semi.o(.text)
    GPIO_init                                0x0800039d   Thumb Code   160  main.o(i.GPIO_init)
    MCU_ADC_init                             0x08000455   Thumb Code    16  mdr_adc.o(i.MCU_ADC_init)
    MCU_ADC_read                             0x08000469   Thumb Code    46  mdr_adc.o(i.MCU_ADC_read)
    MCU_ADC_start_conv                       0x0800049d   Thumb Code    14  mdr_adc.o(i.MCU_ADC_start_conv)
    MCU_DAC2_init                            0x080004b1   Thumb Code     8  main.o(i.MCU_DAC2_init)
    OSC_init                                 0x080004d5   Thumb Code    58  main.o(i.OSC_init)
    PIDregInit                               0x08000515   Thumb Code    26  main.o(i.PIDregInit)
    PORT_Init                                0x0800053d   Thumb Code   450  mdr32f9qx_port.o(i.PORT_Init)
    PORT_StructInit                          0x08000705   Thumb Code    28  mdr32f9qx_port.o(i.PORT_StructInit)
    SysTick_Handler                          0x08000721   Thumb Code    46  port.o(i.SysTick_Handler)
    SystemCoreClockUpdate                    0x08000755   Thumb Code   130  system_mdr32f9qx.o(i.SystemCoreClockUpdate)
    SystemInit                               0x080007e5   Thumb Code    54  system_mdr32f9qx.o(i.SystemInit)
    T2_init                                  0x08000825   Thumb Code    38  main.o(i.T2_init)
    Timer2_IRQHandler                        0x08000859   Thumb Code   404  main.o(i.Timer2_IRQHandler)
    UART1_IRQHandler                         0x08000a25   Thumb Code    54  mdr_uart.o(i.UART1_IRQHandler)
    UartGetByte                              0x08000a71   Thumb Code    28  mdr_uart.o(i.UartGetByte)
    UartGetQcnt                              0x08000a91   Thumb Code    12  mdr_uart.o(i.UartGetQcnt)
    UartInit                                 0x08000aa1   Thumb Code    90  mdr_uart.o(i.UartInit)
    UartResetQueue                           0x08000b11   Thumb Code    14  mdr_uart.o(i.UartResetQueue)
    UartSendByte                             0x08000b25   Thumb Code    20  mdr_uart.o(i.UartSendByte)
    get_modbus_id                            0x08000b3d   Thumb Code     6  mdr_modbus.o(i.get_modbus_id)
    get_wr_reg_addr                          0x08000b49   Thumb Code     6  mdr_modbus.o(i.get_wr_reg_addr)
    get_wr_reg_val                           0x08000b55   Thumb Code     6  mdr_modbus.o(i.get_wr_reg_val)
    holding_reg_write                        0x08000b61   Thumb Code     8  mdr_modbus.o(i.holding_reg_write)
    input_reg_write                          0x08000b6d   Thumb Code     8  mdr_modbus.o(i.input_reg_write)
    main                                     0x08000b79   Thumb Code   164  main.o(i.main)
    modbus_get_poll                          0x08000c8d   Thumb Code   160  mdr_modbus.o(i.modbus_get_poll)
    modbus_init                              0x08000d41   Thumb Code    24  mdr_modbus.o(i.modbus_init)
    modbus_reset                             0x08000d5d   Thumb Code    14  mdr_modbus.o(i.modbus_reset)
    modbus_rhr_answer                        0x08000d71   Thumb Code   306  mdr_modbus.o(i.modbus_rhr_answer)
    modbus_rir_answer                        0x08000ecd   Thumb Code   306  mdr_modbus.o(i.modbus_rir_answer)
    modbus_rx_CRC_check                      0x08001029   Thumb Code   232  mdr_modbus.o(i.modbus_rx_CRC_check)
    modbus_wsr_answer                        0x08001131   Thumb Code   196  mdr_modbus.o(i.modbus_wsr_answer)
    pvPortMalloc                             0x080016c5   Thumb Code   166  heap_2.o(i.pvPortMalloc)
    pxPortInitialiseStack                    0x0800177d   Thumb Code    30  port.o(i.pxPortInitialiseStack)
    task_HVramp                              0x080017a1   Thumb Code   232  main.o(i.task_HVramp)
    task_ModbusSM                            0x0800189d   Thumb Code   542  main.o(i.task_ModbusSM)
    uxListRemove                             0x08001afd   Thumb Code    40  list.o(i.uxListRemove)
    uxQueueMessagesWaiting                   0x08001b25   Thumb Code    18  queue.o(i.uxQueueMessagesWaiting)
    uxQueueMessagesWaitingFromISR            0x08001b37   Thumb Code     8  queue.o(i.uxQueueMessagesWaitingFromISR)
    vListInitialise                          0x08001b3f   Thumb Code    26  list.o(i.vListInitialise)
    vListInitialiseItem                      0x08001b59   Thumb Code     6  list.o(i.vListInitialiseItem)
    vListInsert                              0x08001b5f   Thumb Code    52  list.o(i.vListInsert)
    vListInsertEnd                           0x08001b93   Thumb Code    24  list.o(i.vListInsertEnd)
    vPortEnterCritical                       0x08001bad   Thumb Code    30  port.o(i.vPortEnterCritical)
    vPortExitCritical                        0x08001bd1   Thumb Code    28  port.o(i.vPortExitCritical)
    vPortFree                                0x08001bf1   Thumb Code    56  heap_2.o(i.vPortFree)
    vPortSetupTimerInterrupt                 0x08001c31   Thumb Code    20  port.o(i.vPortSetupTimerInterrupt)
    vTaskDelay                               0x08001c49   Thumb Code    46  tasks.o(i.vTaskDelay)
    vTaskDelayUntil                          0x08001c7d   Thumb Code   106  tasks.o(i.vTaskDelayUntil)
    vTaskDelete                              0x08001cf1   Thumb Code   166  tasks.o(i.vTaskDelete)
    vTaskInternalSetTimeOutState             0x08001dbd   Thumb Code    14  tasks.o(i.vTaskInternalSetTimeOutState)
    vTaskMissedYield                         0x08001dd5   Thumb Code     8  tasks.o(i.vTaskMissedYield)
    vTaskPlaceOnEventList                    0x08001de1   Thumb Code    28  tasks.o(i.vTaskPlaceOnEventList)
    vTaskStartScheduler                      0x08001e01   Thumb Code    72  tasks.o(i.vTaskStartScheduler)
    vTaskSuspendAll                          0x08001e65   Thumb Code    12  tasks.o(i.vTaskSuspendAll)
    vTaskSwitchContext                       0x08001e75   Thumb Code    76  tasks.o(i.vTaskSwitchContext)
    xPortStartScheduler                      0x08001ed5   Thumb Code    42  port.o(i.xPortStartScheduler)
    xQueueCreateCountingSemaphore            0x08001f09   Thumb Code    26  queue.o(i.xQueueCreateCountingSemaphore)
    xQueueGenericCreate                      0x08001f23   Thumb Code    58  queue.o(i.xQueueGenericCreate)
    xQueueGenericReset                       0x08001f5d   Thumb Code   122  queue.o(i.xQueueGenericReset)
    xQueueGenericSend                        0x08001fdd   Thumb Code   276  queue.o(i.xQueueGenericSend)
    xQueueGenericSendFromISR                 0x080020f5   Thumb Code   134  queue.o(i.xQueueGenericSendFromISR)
    xQueueGiveFromISR                        0x0800217b   Thumb Code   120  queue.o(i.xQueueGiveFromISR)
    xQueueReceive                            0x080021f5   Thumb Code   256  queue.o(i.xQueueReceive)
    xQueueReceiveFromISR                     0x080022f9   Thumb Code   130  queue.o(i.xQueueReceiveFromISR)
    xQueueSemaphoreTake                      0x0800237d   Thumb Code   234  queue.o(i.xQueueSemaphoreTake)
    xTaskCheckForTimeOut                     0x0800246d   Thumb Code    84  tasks.o(i.xTaskCheckForTimeOut)
    xTaskCreate                              0x080024c9   Thumb Code    96  tasks.o(i.xTaskCreate)
    xTaskGetTickCount                        0x08002529   Thumb Code     6  tasks.o(i.xTaskGetTickCount)
    xTaskIncrementTick                       0x08002535   Thumb Code   238  tasks.o(i.xTaskIncrementTick)
    xTaskRemoveFromEventList                 0x08002651   Thumb Code   104  tasks.o(i.xTaskRemoveFromEventList)
    xTaskResumeAll                           0x080026d1   Thumb Code   196  tasks.o(i.xTaskResumeAll)
    __aeabi_ddiv                             0x080027b9   Thumb Code     0  ddiv.o(x$fpl$ddiv)
    _ddiv                                    0x080027b9   Thumb Code   552  ddiv.o(x$fpl$ddiv)
    __aeabi_d2uiz                            0x08002a69   Thumb Code     0  dfixu.o(x$fpl$dfixu)
    _dfixu                                   0x08002a69   Thumb Code    90  dfixu.o(x$fpl$dfixu)
    __aeabi_dmul                             0x08002ac5   Thumb Code     0  dmul.o(x$fpl$dmul)
    _dmul                                    0x08002ac5   Thumb Code   332  dmul.o(x$fpl$dmul)
    __fpl_dnaninf                            0x08002c19   Thumb Code   156  dnaninf.o(x$fpl$dnaninf)
    __fpl_dretinf                            0x08002cb5   Thumb Code    12  dretinf.o(x$fpl$dretinf)
    __aeabi_f2d                              0x08002cc1   Thumb Code     0  f2d.o(x$fpl$f2d)
    _f2d                                     0x08002cc1   Thumb Code    86  f2d.o(x$fpl$f2d)
    __aeabi_fadd                             0x08002d19   Thumb Code     0  faddsub_clz.o(x$fpl$fadd)
    _fadd                                    0x08002d19   Thumb Code   196  faddsub_clz.o(x$fpl$fadd)
    __fpl_fcmp_Inf                           0x08002ddd   Thumb Code    24  fcmpi.o(x$fpl$fcmpinf)
    __aeabi_f2uiz                            0x08002df5   Thumb Code     0  ffixu.o(x$fpl$ffixu)
    _ffixu                                   0x08002df5   Thumb Code    62  ffixu.o(x$fpl$ffixu)
    __aeabi_ui2f                             0x08002e35   Thumb Code     0  fflt_clz.o(x$fpl$ffltu)
    _ffltu                                   0x08002e35   Thumb Code    38  fflt_clz.o(x$fpl$ffltu)
    __aeabi_cfcmple                          0x08002e5d   Thumb Code     0  fleqf.o(x$fpl$fleqf)
    _fcmple                                  0x08002e5d   Thumb Code   104  fleqf.o(x$fpl$fleqf)
    __fpl_fcmple_InfNaN                      0x08002eaf   Thumb Code     0  fleqf.o(x$fpl$fleqf)
    __aeabi_fmul                             0x08002ec5   Thumb Code     0  fmul.o(x$fpl$fmul)
    _fmul                                    0x08002ec5   Thumb Code   258  fmul.o(x$fpl$fmul)
    __fpl_fnaninf                            0x08002fc7   Thumb Code   140  fnaninf.o(x$fpl$fnaninf)
    __fpl_fretinf                            0x08003053   Thumb Code    10  fretinf.o(x$fpl$fretinf)
    __aeabi_cfrcmple                         0x0800305d   Thumb Code     0  frleqf.o(x$fpl$frleqf)
    _frcmple                                 0x0800305d   Thumb Code    98  frleqf.o(x$fpl$frleqf)
    __aeabi_fsub                             0x080030c1   Thumb Code     0  faddsub_clz.o(x$fpl$fsub)
    _fsub                                    0x080030c1   Thumb Code   234  faddsub_clz.o(x$fpl$fsub)
    __I$use$fp                               0x080031aa   Number         0  usenofp.o(x$fpl$usenofp)
    Region$$Table$$Base                      0x080031ac   Number         0  anon$$obj.o(Region$$Table)
    Region$$Table$$Limit                     0x080031cc   Number         0  anon$$obj.o(Region$$Table)
    T                                        0x20000000   Data           4  main.o(.data)
    FPsetCounts_q                            0x20000004   Data           4  main.o(.data)
    FBvoltage_q                              0x20000008   Data           4  main.o(.data)
    LoadCurrent_q                            0x2000000c   Data           4  main.o(.data)
    DistVsetRamp_q                           0x20000010   Data           4  main.o(.data)
    DistVsetNum_q                            0x20000014   Data           4  main.o(.data)
    VzeroLvl_q                               0x20000018   Data           4  main.o(.data)
    V2set                                    0x2000001c   Data           2  main.o(.data)
    DAC2set                                  0x20000020   Data           4  main.o(.data)
    ModbusTaskHandle                         0x20000024   Data           4  main.o(.data)
    pxCurrentTCB                             0x20000044   Data           4  tasks.o(.data)
    timer_state                              0x2000008c   Data           1  mdr_uart.o(.data)
    rx_buf_ptr                               0x20000094   Data           2  mdr_modbus.o(.data)
    modbus_cmd                               0x20000096   Data           1  mdr_modbus.o(.data)
    addr_buf_1                               0x20000098   Data           2  mdr_modbus.o(.data)
    addr_buf_2                               0x2000009a   Data           2  mdr_modbus.o(.data)
    regs2read                                0x2000009c   Data           2  mdr_modbus.o(.data)
    CRC16                                    0x2000009e   Data           2  mdr_modbus.o(.data)
    modbus_id                                0x200000a0   Data           1  mdr_modbus.o(.data)
    reg_wr_data                              0x200000a2   Data           2  mdr_modbus.o(.data)
    modbus_reg_addr                          0x200000a4   Data           2  mdr_modbus.o(.data)
    dev_id                                   0x200000a6   Data           1  mdr_modbus.o(.data)
    RxSemaphore                              0x200000a8   Data           4  mdr_modbus.o(.data)
    SystemCoreClock                          0x200000ac   Data           4  system_mdr32f9qx.o(.data)
    PortInitStructure                        0x200000b0   Data          12  main.o(.bss)
    MeasDataTx                               0x200000bc   Data          12  main.o(.bss)
    PID                                      0x200000c8   Data          36  main.o(.bss)
    rx_buf                                   0x200045b4   Data         128  mdr_modbus.o(.bss)
    crc_buf                                  0x20004634   Data         300  mdr_modbus.o(.bss)
    holding_register                         0x20004760   Data         250  mdr_modbus.o(.bss)
    input_register                           0x2000485a   Data         250  mdr_modbus.o(.bss)
    __libspace_start                         0x20004954   Data          96  libspace.o(.bss)
    __temporary_stack_top$libspace           0x200049b4   Data           0  libspace.o(.bss)



==============================================================================

Memory Map of the image

  Image Entry point : 0x080001f5

  Load Region LR_1 (Base: 0x08000000, Size: 0x0000327c, Max: 0xffffffff, ABSOLUTE)

    Execution Region ER_RO (Exec base: 0x08000000, Load base: 0x08000000, Size: 0x000031cc, Max: 0xffffffff, ABSOLUTE)

    Exec Addr    Load Addr    Size         Type   Attr      Idx    E Section Name        Object

    0x08000000   0x08000000   0x000000c0   Data   RO         1021    RESET               startup_mdr32f9qx.o
    0x080000c0   0x080000c0   0x00000008   Code   RO         1132  * !!!main             c_w.l(__main.o)
    0x080000c8   0x080000c8   0x00000034   Code   RO         1336    !!!scatter          c_w.l(__scatter.o)
    0x080000fc   0x080000fc   0x0000001a   Code   RO         1338    !!handler_copy      c_w.l(__scatter_copy.o)
    0x08000116   0x08000116   0x00000002   PAD
    0x08000118   0x08000118   0x0000001c   Code   RO         1340    !!handler_zi        c_w.l(__scatter_zi.o)
    0x08000134   0x08000134   0x00000002   Code   RO         1206    .ARM.Collect$$libinit$$00000000  c_w.l(libinit.o)
    0x08000136   0x08000136   0x00000000   Code   RO         1213    .ARM.Collect$$libinit$$00000002  c_w.l(libinit2.o)
    0x08000136   0x08000136   0x00000000   Code   RO         1215    .ARM.Collect$$libinit$$00000004  c_w.l(libinit2.o)
    0x08000136   0x08000136   0x00000000   Code   RO         1218    .ARM.Collect$$libinit$$0000000A  c_w.l(libinit2.o)
    0x08000136   0x08000136   0x00000000   Code   RO         1220    .ARM.Collect$$libinit$$0000000C  c_w.l(libinit2.o)
    0x08000136   0x08000136   0x00000000   Code   RO         1222    .ARM.Collect$$libinit$$0000000E  c_w.l(libinit2.o)
    0x08000136   0x08000136   0x00000000   Code   RO         1225    .ARM.Collect$$libinit$$00000011  c_w.l(libinit2.o)
    0x08000136   0x08000136   0x00000000   Code   RO         1227    .ARM.Collect$$libinit$$00000013  c_w.l(libinit2.o)
    0x08000136   0x08000136   0x00000000   Code   RO         1229    .ARM.Collect$$libinit$$00000015  c_w.l(libinit2.o)
    0x08000136   0x08000136   0x00000000   Code   RO         1231    .ARM.Collect$$libinit$$00000017  c_w.l(libinit2.o)
    0x08000136   0x08000136   0x00000000   Code   RO         1233    .ARM.Collect$$libinit$$00000019  c_w.l(libinit2.o)
    0x08000136   0x08000136   0x00000000   Code   RO         1235    .ARM.Collect$$libinit$$0000001B  c_w.l(libinit2.o)
    0x08000136   0x08000136   0x00000000   Code   RO         1237    .ARM.Collect$$libinit$$0000001D  c_w.l(libinit2.o)
    0x08000136   0x08000136   0x00000000   Code   RO         1239    .ARM.Collect$$libinit$$0000001F  c_w.l(libinit2.o)
    0x08000136   0x08000136   0x00000000   Code   RO         1241    .ARM.Collect$$libinit$$00000021  c_w.l(libinit2.o)
    0x08000136   0x08000136   0x00000000   Code   RO         1243    .ARM.Collect$$libinit$$00000023  c_w.l(libinit2.o)
    0x08000136   0x08000136   0x00000000   Code   RO         1245    .ARM.Collect$$libinit$$00000025  c_w.l(libinit2.o)
    0x08000136   0x08000136   0x00000000   Code   RO         1249    .ARM.Collect$$libinit$$0000002C  c_w.l(libinit2.o)
    0x08000136   0x08000136   0x00000000   Code   RO         1251    .ARM.Collect$$libinit$$0000002E  c_w.l(libinit2.o)
    0x08000136   0x08000136   0x00000000   Code   RO         1253    .ARM.Collect$$libinit$$00000030  c_w.l(libinit2.o)
    0x08000136   0x08000136   0x00000000   Code   RO         1255    .ARM.Collect$$libinit$$00000032  c_w.l(libinit2.o)
    0x08000136   0x08000136   0x00000002   Code   RO         1256    .ARM.Collect$$libinit$$00000033  c_w.l(libinit2.o)
    0x08000138   0x08000138   0x00000002   Code   RO         1276    .ARM.Collect$$libshutdown$$00000000  c_w.l(libshutdown.o)
    0x0800013a   0x0800013a   0x00000000   Code   RO         1289    .ARM.Collect$$libshutdown$$00000002  c_w.l(libshutdown2.o)
    0x0800013a   0x0800013a   0x00000000   Code   RO         1291    .ARM.Collect$$libshutdown$$00000004  c_w.l(libshutdown2.o)
    0x0800013a   0x0800013a   0x00000000   Code   RO         1294    .ARM.Collect$$libshutdown$$00000007  c_w.l(libshutdown2.o)
    0x0800013a   0x0800013a   0x00000000   Code   RO         1297    .ARM.Collect$$libshutdown$$0000000A  c_w.l(libshutdown2.o)
    0x0800013a   0x0800013a   0x00000000   Code   RO         1299    .ARM.Collect$$libshutdown$$0000000C  c_w.l(libshutdown2.o)
    0x0800013a   0x0800013a   0x00000000   Code   RO         1302    .ARM.Collect$$libshutdown$$0000000F  c_w.l(libshutdown2.o)
    0x0800013a   0x0800013a   0x00000002   Code   RO         1303    .ARM.Collect$$libshutdown$$00000010  c_w.l(libshutdown2.o)
    0x0800013c   0x0800013c   0x00000000   Code   RO         1168    .ARM.Collect$$rtentry$$00000000  c_w.l(__rtentry.o)
    0x0800013c   0x0800013c   0x00000000   Code   RO         1183    .ARM.Collect$$rtentry$$00000002  c_w.l(__rtentry2.o)
    0x0800013c   0x0800013c   0x00000006   Code   RO         1195    .ARM.Collect$$rtentry$$00000004  c_w.l(__rtentry4.o)
    0x08000142   0x08000142   0x00000000   Code   RO         1185    .ARM.Collect$$rtentry$$00000009  c_w.l(__rtentry2.o)
    0x08000142   0x08000142   0x00000004   Code   RO         1186    .ARM.Collect$$rtentry$$0000000A  c_w.l(__rtentry2.o)
    0x08000146   0x08000146   0x00000000   Code   RO         1188    .ARM.Collect$$rtentry$$0000000C  c_w.l(__rtentry2.o)
    0x08000146   0x08000146   0x00000008   Code   RO         1189    .ARM.Collect$$rtentry$$0000000D  c_w.l(__rtentry2.o)
    0x0800014e   0x0800014e   0x00000002   Code   RO         1210    .ARM.Collect$$rtexit$$00000000  c_w.l(rtexit.o)
    0x08000150   0x08000150   0x00000000   Code   RO         1258    .ARM.Collect$$rtexit$$00000002  c_w.l(rtexit2.o)
    0x08000150   0x08000150   0x00000004   Code   RO         1259    .ARM.Collect$$rtexit$$00000003  c_w.l(rtexit2.o)
    0x08000154   0x08000154   0x00000006   Code   RO         1260    .ARM.Collect$$rtexit$$00000004  c_w.l(rtexit2.o)
    0x0800015a   0x0800015a   0x00000002   PAD
    0x0800015c   0x0800015c   0x00000096   Code   RO          263    .emb_text           port.o
    0x080001f2   0x080001f2   0x00000002   PAD
    0x080001f4   0x080001f4   0x00000040   Code   RO         1022  * .text               startup_mdr32f9qx.o
    0x08000234   0x08000234   0x0000008a   Code   RO         1128    .text               c_w.l(rt_memcpy_v6.o)
    0x080002be   0x080002be   0x00000006   Code   RO         1130    .text               c_w.l(heapauxi.o)
    0x080002c4   0x080002c4   0x00000064   Code   RO         1169    .text               c_w.l(rt_memcpy_w.o)
    0x08000328   0x08000328   0x0000004a   Code   RO         1197    .text               c_w.l(sys_stackheap_outer.o)
    0x08000372   0x08000372   0x00000012   Code   RO         1199    .text               c_w.l(exit.o)
    0x08000384   0x08000384   0x00000008   Code   RO         1207    .text               c_w.l(libspace.o)
    0x0800038c   0x0800038c   0x0000000c   Code   RO         1268    .text               c_w.l(sys_exit.o)
    0x08000398   0x08000398   0x00000002   Code   RO         1279    .text               c_w.l(use_no_semi.o)
    0x0800039a   0x0800039a   0x00000000   Code   RO         1281    .text               c_w.l(indicate_semi.o)
    0x0800039a   0x0800039a   0x00000002   PAD
    0x0800039c   0x0800039c   0x000000b8   Code   RO            3    i.GPIO_init         main.o
    0x08000454   0x08000454   0x00000014   Code   RO          977    i.MCU_ADC_init      mdr_adc.o
    0x08000468   0x08000468   0x00000034   Code   RO          978    i.MCU_ADC_read      mdr_adc.o
    0x0800049c   0x0800049c   0x00000014   Code   RO          980    i.MCU_ADC_start_conv  mdr_adc.o
    0x080004b0   0x080004b0   0x0000000c   Code   RO            4    i.MCU_DAC2_init     main.o
    0x080004bc   0x080004bc   0x00000016   Code   RO            5    i.NVIC_EnableIRQ    main.o
    0x080004d2   0x080004d2   0x00000002   PAD
    0x080004d4   0x080004d4   0x00000040   Code   RO            6    i.OSC_init          main.o
    0x08000514   0x08000514   0x00000028   Code   RO            7    i.PIDregInit        main.o
    0x0800053c   0x0800053c   0x000001c8   Code   RO         1061    i.PORT_Init         mdr32f9qx_port.o
    0x08000704   0x08000704   0x0000001c   Code   RO         1066    i.PORT_StructInit   mdr32f9qx_port.o
    0x08000720   0x08000720   0x00000034   Code   RO          264    i.SysTick_Handler   port.o
    0x08000754   0x08000754   0x00000090   Code   RO         1028    i.SystemCoreClockUpdate  system_mdr32f9qx.o
    0x080007e4   0x080007e4   0x00000040   Code   RO         1029    i.SystemInit        system_mdr32f9qx.o
    0x08000824   0x08000824   0x00000034   Code   RO            8    i.T2_init           main.o
    0x08000858   0x08000858   0x000001cc   Code   RO            9    i.Timer2_IRQHandler  main.o
    0x08000a24   0x08000a24   0x0000004c   Code   RO          797    i.UART1_IRQHandler  mdr_uart.o
    0x08000a70   0x08000a70   0x00000020   Code   RO          798    i.UartGetByte       mdr_uart.o
    0x08000a90   0x08000a90   0x00000010   Code   RO          799    i.UartGetQcnt       mdr_uart.o
    0x08000aa0   0x08000aa0   0x00000070   Code   RO          800    i.UartInit          mdr_uart.o
    0x08000b10   0x08000b10   0x00000014   Code   RO          801    i.UartResetQueue    mdr_uart.o
    0x08000b24   0x08000b24   0x00000018   Code   RO          802    i.UartSendByte      mdr_uart.o
    0x08000b3c   0x08000b3c   0x0000000c   Code   RO          857    i.get_modbus_id     mdr_modbus.o
    0x08000b48   0x08000b48   0x0000000c   Code   RO          858    i.get_wr_reg_addr   mdr_modbus.o
    0x08000b54   0x08000b54   0x0000000c   Code   RO          859    i.get_wr_reg_val    mdr_modbus.o
    0x08000b60   0x08000b60   0x0000000c   Code   RO          861    i.holding_reg_write  mdr_modbus.o
    0x08000b6c   0x08000b6c   0x0000000c   Code   RO          863    i.input_reg_write   mdr_modbus.o
    0x08000b78   0x08000b78   0x000000d0   Code   RO           10    i.main              main.o
    0x08000c48   0x08000c48   0x00000044   Code   RO          865    i.modbus_CRC16      mdr_modbus.o
    0x08000c8c   0x08000c8c   0x000000b4   Code   RO          866    i.modbus_get_poll   mdr_modbus.o
    0x08000d40   0x08000d40   0x0000001c   Code   RO          867    i.modbus_init       mdr_modbus.o
    0x08000d5c   0x08000d5c   0x00000014   Code   RO          868    i.modbus_reset      mdr_modbus.o
    0x08000d70   0x08000d70   0x0000015c   Code   RO          869    i.modbus_rhr_answer  mdr_modbus.o
    0x08000ecc   0x08000ecc   0x0000015c   Code   RO          870    i.modbus_rir_answer  mdr_modbus.o
    0x08001028   0x08001028   0x00000108   Code   RO          871    i.modbus_rx_CRC_check  mdr_modbus.o
    0x08001130   0x08001130   0x000000e0   Code   RO          872    i.modbus_wsr_answer  mdr_modbus.o
    0x08001210   0x08001210   0x00000098   Code   RO          507    i.prvAddCurrentTaskToDelayedList  tasks.o
    0x080012a8   0x080012a8   0x000000b4   Code   RO          508    i.prvAddNewTaskToReadyList  tasks.o
    0x0800135c   0x0800135c   0x00000048   Code   RO          509    i.prvCheckTasksWaitingTermination  tasks.o
    0x080013a4   0x080013a4   0x0000002a   Code   RO          342    i.prvCopyDataFromQueue  queue.o
    0x080013ce   0x080013ce   0x0000006a   Code   RO          343    i.prvCopyDataToQueue  queue.o
    0x08001438   0x08001438   0x00000012   Code   RO          510    i.prvDeleteTCB      tasks.o
    0x0800144a   0x0800144a   0x00000002   PAD
    0x0800144c   0x0800144c   0x00000038   Code   RO          157    i.prvHeapInit       heap_2.o
    0x08001484   0x08001484   0x00000028   Code   RO          511    i.prvIdleTask       tasks.o
    0x080014ac   0x080014ac   0x00000026   Code   RO          344    i.prvInitialiseNewQueue  queue.o
    0x080014d2   0x080014d2   0x0000008a   Code   RO          512    i.prvInitialiseNewTask  tasks.o
    0x0800155c   0x0800155c   0x00000068   Code   RO          513    i.prvInitialiseTaskLists  tasks.o
    0x080015c4   0x080015c4   0x0000001a   Code   RO          345    i.prvIsQueueEmpty   queue.o
    0x080015de   0x080015de   0x0000001e   Code   RO          346    i.prvIsQueueFull    queue.o
    0x080015fc   0x080015fc   0x00000034   Code   RO          514    i.prvResetNextTaskUnblockTime  tasks.o
    0x08001630   0x08001630   0x00000016   Code   RO          265    i.prvTaskExitError  port.o
    0x08001646   0x08001646   0x0000007e   Code   RO          347    i.prvUnlockQueue    queue.o
    0x080016c4   0x080016c4   0x000000b8   Code   RO          158    i.pvPortMalloc      heap_2.o
    0x0800177c   0x0800177c   0x00000024   Code   RO          266    i.pxPortInitialiseStack  port.o
    0x080017a0   0x080017a0   0x000000fc   Code   RO           11    i.task_HVramp       main.o
    0x0800189c   0x0800189c   0x00000260   Code   RO           12    i.task_ModbusSM     main.o
    0x08001afc   0x08001afc   0x00000028   Code   RO          219    i.uxListRemove      list.o
    0x08001b24   0x08001b24   0x00000012   Code   RO          348    i.uxQueueMessagesWaiting  queue.o
    0x08001b36   0x08001b36   0x00000008   Code   RO          349    i.uxQueueMessagesWaitingFromISR  queue.o
    0x08001b3e   0x08001b3e   0x0000001a   Code   RO          220    i.vListInitialise   list.o
    0x08001b58   0x08001b58   0x00000006   Code   RO          221    i.vListInitialiseItem  list.o
    0x08001b5e   0x08001b5e   0x00000034   Code   RO          222    i.vListInsert       list.o
    0x08001b92   0x08001b92   0x00000018   Code   RO          223    i.vListInsertEnd    list.o
    0x08001baa   0x08001baa   0x00000002   PAD
    0x08001bac   0x08001bac   0x00000024   Code   RO          268    i.vPortEnterCritical  port.o
    0x08001bd0   0x08001bd0   0x00000020   Code   RO          269    i.vPortExitCritical  port.o
    0x08001bf0   0x08001bf0   0x00000040   Code   RO          159    i.vPortFree         heap_2.o
    0x08001c30   0x08001c30   0x00000018   Code   RO          270    i.vPortSetupTimerInterrupt  port.o
    0x08001c48   0x08001c48   0x00000034   Code   RO          521    i.vTaskDelay        tasks.o
    0x08001c7c   0x08001c7c   0x00000074   Code   RO          522    i.vTaskDelayUntil   tasks.o
    0x08001cf0   0x08001cf0   0x000000cc   Code   RO          523    i.vTaskDelete       tasks.o
    0x08001dbc   0x08001dbc   0x00000018   Code   RO          525    i.vTaskInternalSetTimeOutState  tasks.o
    0x08001dd4   0x08001dd4   0x0000000c   Code   RO          526    i.vTaskMissedYield  tasks.o
    0x08001de0   0x08001de0   0x00000020   Code   RO          528    i.vTaskPlaceOnEventList  tasks.o
    0x08001e00   0x08001e00   0x00000064   Code   RO          534    i.vTaskStartScheduler  tasks.o
    0x08001e64   0x08001e64   0x00000010   Code   RO          536    i.vTaskSuspendAll   tasks.o
    0x08001e74   0x08001e74   0x00000060   Code   RO          537    i.vTaskSwitchContext  tasks.o
    0x08001ed4   0x08001ed4   0x00000034   Code   RO          271    i.xPortStartScheduler  port.o
    0x08001f08   0x08001f08   0x0000001a   Code   RO          352    i.xQueueCreateCountingSemaphore  queue.o
    0x08001f22   0x08001f22   0x0000003a   Code   RO          353    i.xQueueGenericCreate  queue.o
    0x08001f5c   0x08001f5c   0x00000080   Code   RO          354    i.xQueueGenericReset  queue.o
    0x08001fdc   0x08001fdc   0x00000118   Code   RO          355    i.xQueueGenericSend  queue.o
    0x080020f4   0x080020f4   0x00000086   Code   RO          356    i.xQueueGenericSendFromISR  queue.o
    0x0800217a   0x0800217a   0x00000078   Code   RO          357    i.xQueueGiveFromISR  queue.o
    0x080021f2   0x080021f2   0x00000002   PAD
    0x080021f4   0x080021f4   0x00000104   Code   RO          362    i.xQueueReceive     queue.o
    0x080022f8   0x080022f8   0x00000082   Code   RO          363    i.xQueueReceiveFromISR  queue.o
    0x0800237a   0x0800237a   0x00000002   PAD
    0x0800237c   0x0800237c   0x000000f0   Code   RO          364    i.xQueueSemaphoreTake  queue.o
    0x0800246c   0x0800246c   0x0000005c   Code   RO          538    i.xTaskCheckForTimeOut  tasks.o
    0x080024c8   0x080024c8   0x00000060   Code   RO          539    i.xTaskCreate       tasks.o
    0x08002528   0x08002528   0x0000000c   Code   RO          542    i.xTaskGetTickCount  tasks.o
    0x08002534   0x08002534   0x0000011c   Code   RO          544    i.xTaskIncrementTick  tasks.o
    0x08002650   0x08002650   0x00000080   Code   RO          547    i.xTaskRemoveFromEventList  tasks.o
    0x080026d0   0x080026d0   0x000000e8   Code   RO          548    i.xTaskResumeAll    tasks.o
    0x080027b8   0x080027b8   0x000002b0   Code   RO         1135    x$fpl$ddiv          fz_ws.l(ddiv.o)
    0x08002a68   0x08002a68   0x0000005a   Code   RO         1138    x$fpl$dfixu         fz_ws.l(dfixu.o)
    0x08002ac2   0x08002ac2   0x00000002   PAD
    0x08002ac4   0x08002ac4   0x00000154   Code   RO         1142    x$fpl$dmul          fz_ws.l(dmul.o)
    0x08002c18   0x08002c18   0x0000009c   Code   RO         1171    x$fpl$dnaninf       fz_ws.l(dnaninf.o)
    0x08002cb4   0x08002cb4   0x0000000c   Code   RO         1173    x$fpl$dretinf       fz_ws.l(dretinf.o)
    0x08002cc0   0x08002cc0   0x00000056   Code   RO         1144    x$fpl$f2d           fz_ws.l(f2d.o)
    0x08002d16   0x08002d16   0x00000002   PAD
    0x08002d18   0x08002d18   0x000000c4   Code   RO         1146    x$fpl$fadd          fz_ws.l(faddsub_clz.o)
    0x08002ddc   0x08002ddc   0x00000018   Code   RO         1175    x$fpl$fcmpinf       fz_ws.l(fcmpi.o)
    0x08002df4   0x08002df4   0x0000003e   Code   RO         1152    x$fpl$ffixu         fz_ws.l(ffixu.o)
    0x08002e32   0x08002e32   0x00000002   PAD
    0x08002e34   0x08002e34   0x00000026   Code   RO         1156    x$fpl$ffltu         fz_ws.l(fflt_clz.o)
    0x08002e5a   0x08002e5a   0x00000002   PAD
    0x08002e5c   0x08002e5c   0x00000068   Code   RO         1162    x$fpl$fleqf         fz_ws.l(fleqf.o)
    0x08002ec4   0x08002ec4   0x00000102   Code   RO         1164    x$fpl$fmul          fz_ws.l(fmul.o)
    0x08002fc6   0x08002fc6   0x0000008c   Code   RO         1177    x$fpl$fnaninf       fz_ws.l(fnaninf.o)
    0x08003052   0x08003052   0x0000000a   Code   RO         1179    x$fpl$fretinf       fz_ws.l(fretinf.o)
    0x0800305c   0x0800305c   0x00000062   Code   RO         1166    x$fpl$frleqf        fz_ws.l(frleqf.o)
    0x080030be   0x080030be   0x00000002   PAD
    0x080030c0   0x080030c0   0x000000ea   Code   RO         1148    x$fpl$fsub          fz_ws.l(faddsub_clz.o)
    0x080031aa   0x080031aa   0x00000000   Code   RO         1181    x$fpl$usenofp       fz_ws.l(usenofp.o)
    0x080031aa   0x080031aa   0x00000002   PAD
    0x080031ac   0x080031ac   0x00000020   Data   RO         1334    Region$$Table       anon$$obj.o


    Execution Region ER_RW (Exec base: 0x20000000, Load base: 0x080031cc, Size: 0x000000b0, Max: 0xffffffff, ABSOLUTE)

    Exec Addr    Load Addr    Size         Type   Attr      Idx    E Section Name        Object

    0x20000000   0x080031cc   0x00000028   Data   RW           14    .data               main.o
    0x20000028   0x080031f4   0x00000018   Data   RW          163    .data               heap_2.o
    0x20000040   0x0800320c   0x00000004   Data   RW          272    .data               port.o
    0x20000044   0x08003210   0x0000003c   Data   RW          551    .data               tasks.o
    0x20000080   0x0800324c   0x00000014   Data   RW          803    .data               mdr_uart.o
    0x20000094   0x08003260   0x00000018   Data   RW          876    .data               mdr_modbus.o
    0x200000ac   0x08003278   0x00000004   Data   RW         1030    .data               system_mdr32f9qx.o


    Execution Region ER_ZI (Exec base: 0x200000b0, Load base: 0x0800327c, Size: 0x00004f08, Max: 0xffffffff, ABSOLUTE)

    Exec Addr    Load Addr    Size         Type   Attr      Idx    E Section Name        Object

    0x200000b0        -       0x0000003c   Zero   RW           13    .bss                main.o
    0x200000ec        -       0x00004400   Zero   RW          162    .bss                heap_2.o
    0x200044ec        -       0x000000c8   Zero   RW          550    .bss                tasks.o
    0x200045b4        -       0x000003a0   Zero   RW          874    .bss                mdr_modbus.o
    0x20004954        -       0x00000060   Zero   RW         1208    .bss                c_w.l(libspace.o)
    0x200049b4   0x0800327c   0x00000004   PAD
    0x200049b8        -       0x00000200   Zero   RW         1020    HEAP                startup_mdr32f9qx.o
    0x20004bb8        -       0x00000400   Zero   RW         1019    STACK               startup_mdr32f9qx.o


==============================================================================

Image component sizes


      Code (inc. data)   RO Data    RW Data    ZI Data      Debug   Object Name

       304         40          0         24      17408       4715   heap_2.o
       148          0          0          0          0       2906   list.o
      1902        248          0         40         60      97118   main.o
       484          6          0          0          0       2278   mdr32f9qx_port.o
        92         16          0          0          0       1283   mdr_adc.o
      1540        200          0         24        928       8625   mdr_modbus.o
       280         62          0         20          0       5462   mdr_uart.o
       404         48          0          4          0       8276   port.o
      1770         20          0          0          0      24708   queue.o
        64         26        192          0       1536        796   startup_mdr32f9qx.o
       208         24          0          4          0       1343   system_mdr32f9qx.o
      2252        366          0         60        200      25109   tasks.o

    ----------------------------------------------------------------------
      9460       1056        224        176      20132     182619   Object Totals
         0          0         32          0          0          0   (incl. Generated)
        12          0          0          0          0          0   (incl. Padding)

    ----------------------------------------------------------------------

      Code (inc. data)   RO Data    RW Data    ZI Data      Debug   Library Member Name

         8          0          0          0          0         68   __main.o
         0          0          0          0          0          0   __rtentry.o
        12          0          0          0          0          0   __rtentry2.o
         6          0          0          0          0          0   __rtentry4.o
        52          8          0          0          0          0   __scatter.o
        26          0          0          0          0          0   __scatter_copy.o
        28          0          0          0          0          0   __scatter_zi.o
        18          0          0          0          0         80   exit.o
         6          0          0          0          0        152   heapauxi.o
         0          0          0          0          0          0   indicate_semi.o
         2          0          0          0          0          0   libinit.o
         2          0          0          0          0          0   libinit2.o
         2          0          0          0          0          0   libshutdown.o
         2          0          0          0          0          0   libshutdown2.o
         8          4          0          0         96         68   libspace.o
       138          0          0          0          0         68   rt_memcpy_v6.o
       100          0          0          0          0         80   rt_memcpy_w.o
         2          0          0          0          0          0   rtexit.o
        10          0          0          0          0          0   rtexit2.o
        12          4          0          0          0         68   sys_exit.o
        74          0          0          0          0         80   sys_stackheap_outer.o
         2          0          0          0          0         68   use_no_semi.o
       688        140          0          0          0        208   ddiv.o
        90          4          0          0          0         92   dfixu.o
       340         12          0          0          0        104   dmul.o
       156          4          0          0          0         92   dnaninf.o
        12          0          0          0          0         68   dretinf.o
        86          4          0          0          0         84   f2d.o
       430          8          0          0          0        168   faddsub_clz.o
        24          0          0          0          0         68   fcmpi.o
        62          4          0          0          0         84   ffixu.o
        38          0          0          0          0         68   fflt_clz.o
       104          4          0          0          0         84   fleqf.o
       258          4          0          0          0         84   fmul.o
       140          4          0          0          0         84   fnaninf.o
        10          0          0          0          0         68   fretinf.o
        98          0          0          0          0         68   frleqf.o
         0          0          0          0          0          0   usenofp.o

    ----------------------------------------------------------------------
      3064        204          0          0        100       2156   Library Totals
        18          0          0          0          4          0   (incl. Padding)

    ----------------------------------------------------------------------

      Code (inc. data)   RO Data    RW Data    ZI Data      Debug   Library Name

       510         16          0          0         96        732   c_w.l
      2536        188          0          0          0       1424   fz_ws.l

    ----------------------------------------------------------------------
      3064        204          0          0        100       2156   Library Totals

    ----------------------------------------------------------------------

==============================================================================


      Code (inc. data)   RO Data    RW Data    ZI Data      Debug   

     12524       1260        224        176      20232     179103   Grand Totals
     12524       1260        224        176      20232     179103   ELF Image Totals
     12524       1260        224        176          0          0   ROM Totals

==============================================================================

    Total RO  Size (Code + RO Data)                12748 (  12.45kB)
    Total RW  Size (RW Data + ZI Data)             20408 (  19.93kB)
    Total ROM Size (Code + RO Data + RW Data)      12924 (  12.62kB)

==============================================================================

