<html>
<body>
<pre>
<h1>µVision Build Log</h1>
<h2>Tool Versions:</h2>
IDE-Version: µVision V5.31.0.0
Copyright (C) 2020 ARM Ltd and ARM Germany GmbH. All rights reserved.
License Information: Leonid Vladimirov, Milandr, LIC=----
 
Tool Versions:
Toolchain:       MDK-Lite  Version: 5.31.0.0
Toolchain Path:  C:\Keil\ARM\ARMCLANG\Bin
C Compiler:      ArmClang.exe V6.14
Assembler:       Armasm.exe V6.14
Linker/Locator:  ArmLink.exe V6.14
Library Manager: ArmAr.exe V6.14
Hex Converter:   FromElf.exe V6.14
CPU DLL:         SARMCM3.DLL V5.31.0.0
Dialog DLL:      DCM.DLL V1.17.3.0
Target DLL:      STLink\ST-LINKIII-KEIL_SWO.dll V3.0.7.0
Dialog DLL:      TCM.DLL V1.46.0.0
 
<h2>Project:</h2>
C:\[Course] BMP\Demo_Projects\Demo_Project_1-1\Source\Demo_Project_1-1.uvprojx
Project File Date:  07/06/2020

<h2>Output:</h2>
*** Using Compiler 'V6.14', folder: 'C:\Keil\ARM\ARMCLANG\Bin'
Rebuild target 'Target 1'
assembling startup_1986VE9x.s...
compiling main.c...
linking...
Program Size: Code=440 RO-data=208 RW-data=0 ZI-data=1632  
FromELF: creating hex file...
".\Objects\Demo_Project_1-1.axf" - 0 Error(s), 0 Warning(s).

<h2>Software Packages used:</h2>

Package Vendor: Keil
                http://www.keil.com/pack/Keil.Milandr_1986VE9x.1.0.pack
                Keil.Milandr_1986VE9x.1.0
                Milandr 1986VE9x Device Series Support
   * Component: Startup Version: 1.0

<h2>Collection of Component include folders:</h2>
  .\RTE\_Target_1
  C:\Keil\ARM\PACK\.Custom\Keil\Milandr_1986VE9x\1.0\Core
  C:\Keil\ARM\PACK\.Custom\Keil\Milandr_1986VE9x\1.0\Header

<h2>Collection of Component Files used:</h2>

   * Component: Keil::Device:Startup:1.0
      Include file:  Core\core_cm3.h
      Source file:   Startup\startup_1986VE9x.s
Build Time Elapsed:  00:00:01
</pre>
</body>
</html>
