<html>
<body>
<pre>
<h1>�Vision Build Log</h1>
<h2>Tool Versions:</h2>
IDE-Version: �Vision V5.27.1.0
Copyright (C) 2019 ARM Ltd and ARM Germany GmbH. All rights reserved.
License Information: o p, homr, LIC=----
 
Tool Versions:
Toolchain:       MDK-Lite  Version: 5.27.1.0
Toolchain Path:  C:\Keil_v5\ARM\ARMCC\Bin
C Compiler:      Armcc.exe V5.06 update 6 (build 750)
Assembler:       Armasm.exe V5.06 update 6 (build 750)
Linker/Locator:  ArmLink.exe V5.06 update 6 (build 750)
Library Manager: ArmAr.exe V5.06 update 6 (build 750)
Hex Converter:   FromElf.exe V5.06 update 6 (build 750)
CPU DLL:         SARMCM3.DLL V5.27.1.0
Dialog DLL:      DCM.DLL V1.17.2.0
Target DLL:      Segger\JL2CM3.dll V2.99.35.0
Dialog DLL:      TCM.DLL V1.36.1.0
 
<h2>Project:</h2>
I:\Mega drive\ponkin-prjs\Milandr\Keil\Step_Mot_TLVD\Step_motor\I2C_Project.uvprojx
Project File Date:  06/15/2019

<h2>Output:</h2>
*** Using Compiler 'V5.06 update 6 (build 750)', folder: 'C:\Keil_v5\ARM\ARMCC\Bin'
Rebuild target 'src'
assembling startup_MDR32F9Qx.s...
compiling system_MDR32F9Qx.c...
compiling pwm_step_motor.c...
pwm_step_motor.c(89): warning:  #1-D: last line of file ends without a newline
   }
pwm_step_motor.c: 1 warning, 0 errors
compiling i2c_milkites.c...
..\libs\milkites_I2C.h(20): warning:  #1-D: last line of file ends without a newline
  #endif
i2c_milkites.c(62): warning:  #550-D: variable "I2C"  was set but never used
    MDR_I2C_TypeDef *I2C;
i2c_milkites.c(82): warning:  #1-D: last line of file ends without a newline
   } // I2C_Stop
i2c_milkites.c: 3 warnings, 0 errors
compiling main.c...
..\libs\milkites_spi.h(70): warning:  #1-D: last line of file ends without a newline
  	
..\libs\milkites_display.h(551): warning:  #1-D: last line of file ends without a newline
  		
..\libs\milkites_I2C.h(20): warning:  #1-D: last line of file ends without a newline
  #endif
main.c(75): warning:  #1-D: last line of file ends without a newline
  }//main
main.c: 4 warnings, 0 errors
compiling tlv493d.c...
..\libs\milkites_I2C.h(20): warning:  #1-D: last line of file ends without a newline
  #endif
..\libs\milkites_spi.h(48): warning:  #223-D: function "delay_us" declared implicitly
  	  delay_us(3);			  // задержка обязательно нужна
..\libs\milkites_spi.h(70): warning:  #1-D: last line of file ends without a newline
  	
..\libs\milkites_display.h(221): warning:  #223-D: function "delay_us" declared implicitly
  	delay_us(20);
..\libs\milkites_display.h(533): warning:  #223-D: function "delay_ms" declared implicitly
  	  delay_ms(4000);
..\libs\milkites_display.h(551): warning:  #1-D: last line of file ends without a newline
  		
tlv493d.c(202): warning:  #1-D: last line of file ends without a newline
  	}
tlv493d.c(91): warning:  #550-D: variable "frame_ctr"  was set but never used
      uint8_t bz2 = 0, bx2by2 = 0, frame_ctr = 0;
tlv493d.c: 8 warnings, 0 errors
compiling MDR32F9Qx_port.c...
linking...
Program Size: Code=5720 RO-data=1956 RW-data=32 ZI-data=1632  
FromELF: creating hex file...
".\Objects\I2C_Project.axf" - 0 Error(s), 16 Warning(s).

<h2>Software Packages used:</h2>

Package Vendor: Keil
                http://www.keil.com/pack/Keil.MDR1986BExx.1.51.pack
                Keil.MDR1986BExx.1.51
                Milandr MDR1986BExx Series Device Support, Drivers and Examples
   * Component: Startup Version: 1.5
   * Component: PORT Version: 1.5

<h2>Collection of Component include folders:</h2>
  .\RTE\Device\MDR1986BE91
  .\RTE\_src
  C:\Users\home-PC\AppData\Local\Arm\Packs\Keil\MDR1986BExx\1.51\Config
  C:\Users\home-PC\AppData\Local\Arm\Packs\Keil\MDR1986BExx\1.51\Libraries\CMSIS\CM3\CoreSupport
  C:\Users\home-PC\AppData\Local\Arm\Packs\Keil\MDR1986BExx\1.51\Libraries\CMSIS\CM3\DeviceSupport\MDR32F9Qx\inc
  C:\Users\home-PC\AppData\Local\Arm\Packs\Keil\MDR1986BExx\1.51\Libraries\MDR32F9Qx_StdPeriph_Driver\inc

<h2>Collection of Component Files used:</h2>

   * Component: Keil::Device:Startup:1.5
      Source file:   Libraries\CMSIS\CM3\DeviceSupport\MDR32F9Qx\startup\arm\startup_MDR32F9Qx.s
      Source file:   Libraries\CMSIS\CM3\DeviceSupport\MDR32F9Qx\startup\arm\system_MDR32F9Qx.c
      Include file:  Libraries\CMSIS\CM3\DeviceSupport\MDR32F9Qx\startup\arm\system_MDR32F9Qx.h
      Include file:  Config\MDR32F9Qx_config.h
      Include file:  Libraries\CMSIS\CM3\CoreSupport\core_cm3.h

   * Component: Keil::Drivers:PORT:1.5
      Source file:   Libraries\MDR32F9Qx_StdPeriph_Driver\src\MDR32F9Qx_port.c
      Include file:  Libraries\MDR32F9Qx_StdPeriph_Driver\inc\MDR32F9Qx_port.h
Build Time Elapsed:  00:00:00
</pre>
</body>
</html>
