<html>
<body>
<pre>
<h1>µVision Build Log</h1>
<h2>Tool Versions:</h2>
IDE-Version: µVision V5.27.1.0
Copyright (C) 2019 ARM Ltd and ARM Germany GmbH. All rights reserved.
License Information: o p, homr, LIC=----
 
Tool Versions:
Toolchain:       MDK-Lite  Version: 5.27.1.0
Toolchain Path:  C:\Keil_v5\ARM\ARMCC\Bin
C Compiler:      Armcc.exe V5.06 update 6 (build 750)
Assembler:       Armasm.exe V5.06 update 6 (build 750)
Linker/Locator:  ArmLink.exe V5.06 update 6 (build 750)
Library Manager: ArmAr.exe V5.06 update 6 (build 750)
Hex Converter:   FromElf.exe V5.06 update 6 (build 750)
CPU DLL:         SARMCM3.DLL V5.27.1.0
Dialog DLL:      DCM.DLL V1.17.2.0
Target DLL:      Segger\JL2CM3.dll V2.99.35.0
Dialog DLL:      TCM.DLL V1.36.1.0
 
<h2>Project:</h2>
I:\Mega drive\ponkin-prjs\Milandr\Keil\MilkiTool\MilkiTool.uvprojx
Project File Date:  05/02/2019

<h2>Output:</h2>
*** Using Compiler 'V5.06 update 6 (build 750)', folder: 'C:\Keil_v5\ARM\ARMCC\Bin'
Rebuild target 'Target 1'
assembling startup_MDR32F9Qx.s...
compiling main.c...
.\inc\milkites_delay.h(65): warning:  #1-D: last line of file ends without a newline
  #endif
main.c(86): warning:  #1-D: last line of file ends without a newline
  //============================================END_OF_CODE=======================================================================//
main.c: 2 warnings, 0 errors
compiling system_MDR32F9Qx.c...
compiling MDR32F9Qx_port.c...
linking...
Program Size: Code=820 RO-data=224 RW-data=16 ZI-data=1632  
".\Objects\MilkiTool.axf" - 0 Error(s), 2 Warning(s).

<h2>Software Packages used:</h2>

Package Vendor: ARM
                http://www.keil.com/pack/ARM.CMSIS.5.5.1.pack
                ARM.CMSIS.5.5.1
                CMSIS (Cortex Microcontroller Software Interface Standard)
   * Component: CORE Version: 5.2.0

Package Vendor: Keil
                http://www.keil.com/pack/Keil.MDR1986BExx.1.51.pack
                Keil.MDR1986BExx.1.51
                Milandr MDR1986BExx Series Device Support, Drivers and Examples
   * Component: Startup Version: 1.5
   * Component: PORT Version: 1.5

<h2>Collection of Component include folders:</h2>
  .\RTE\Device\MDR1986BE91
  .\RTE\_Target_1
  C:\Users\home-PC\AppData\Local\Arm\Packs\ARM\CMSIS\5.5.1\CMSIS\Core\Include
  C:\Users\home-PC\AppData\Local\Arm\Packs\Keil\MDR1986BExx\1.51\Config
  C:\Users\home-PC\AppData\Local\Arm\Packs\Keil\MDR1986BExx\1.51\Libraries\CMSIS\CM3\CoreSupport
  C:\Users\home-PC\AppData\Local\Arm\Packs\Keil\MDR1986BExx\1.51\Libraries\CMSIS\CM3\DeviceSupport\MDR32F9Qx\inc
  C:\Users\home-PC\AppData\Local\Arm\Packs\Keil\MDR1986BExx\1.51\Libraries\MDR32F9Qx_StdPeriph_Driver\inc

<h2>Collection of Component Files used:</h2>

   * Component: ARM::CMSIS:CORE:5.2.0

   * Component: Keil::Device:Startup:1.5
      Source file:   Libraries\CMSIS\CM3\DeviceSupport\MDR32F9Qx\startup\arm\startup_MDR32F9Qx.s
      Source file:   Libraries\CMSIS\CM3\DeviceSupport\MDR32F9Qx\startup\arm\system_MDR32F9Qx.c
      Include file:  Libraries\CMSIS\CM3\DeviceSupport\MDR32F9Qx\startup\arm\system_MDR32F9Qx.h
      Include file:  Libraries\CMSIS\CM3\CoreSupport\core_cm3.h
      Include file:  Config\MDR32F9Qx_config.h

   * Component: Keil::Drivers:PORT:1.5
      Source file:   Libraries\MDR32F9Qx_StdPeriph_Driver\src\MDR32F9Qx_port.c
      Include file:  Libraries\MDR32F9Qx_StdPeriph_Driver\inc\MDR32F9Qx_port.h
Build Time Elapsed:  00:00:00
</pre>
</body>
</html>
