EN sch NULL D:/work/Projects/FPGA_prj/ProfileMeter/MainSch/SCH.vhf sub00/vhpl00 1444382153
EN sr4cle_mxilinx_sch NULL D:/work/Projects/FPGA_prj/ProfileMeter/MainSch/SCH.vhf sub00/vhpl06 1445332759
AR m2_1_mxilinx_sch behavioral D:/work/Projects/FPGA_prj/ProfileMeter/MainSch/SCH.vhf sub00/vhpl05 1445332758
EN sr16cle_mxilinx_sch NULL D:/work/Projects/FPGA_prj/ProfileMeter/MainSch/SCH.vhf sub00/vhpl08 1445332761
AR sr16cle_mxilinx_sch behavioral D:/work/Projects/FPGA_prj/ProfileMeter/MainSch/SCH.vhf sub00/vhpl09 1445332762
AR sr16ce_mxilinx_sch behavioral D:/work/Projects/FPGA_prj/ProfileMeter/MainSch/SCH.vhf sub00/vhpl11 1445332764
AR statemachine behavioral D:/work/Projects/FPGA_prj/ProfileMeter/MainSch/StateMachine.vhd sub00/vhpl13 1445332784
AR sch behavioral D:/work/Projects/FPGA_prj/ProfileMeter/MainSch/SCH.vhf sub00/vhpl01 1444382154
EN fd_mxilinx_sch NULL D:/work/Projects/FPGA_prj/ProfileMeter/MainSch/SCH.vhf sub00/vhpl02 1444315329
EN sr16ce_mxilinx_sch NULL D:/work/Projects/FPGA_prj/ProfileMeter/MainSch/SCH.vhf sub00/vhpl10 1445332763
EN statemachine NULL D:/work/Projects/FPGA_prj/ProfileMeter/MainSch/StateMachine.vhd sub00/vhpl12 1445332783
AR sr4cle_mxilinx_sch behavioral D:/work/Projects/FPGA_prj/ProfileMeter/MainSch/SCH.vhf sub00/vhpl07 1445332760
EN m2_1_mxilinx_sch NULL D:/work/Projects/FPGA_prj/ProfileMeter/MainSch/SCH.vhf sub00/vhpl04 1445332757
AR fd_mxilinx_sch behavioral D:/work/Projects/FPGA_prj/ProfileMeter/MainSch/SCH.vhf sub00/vhpl03 1444315330
