<html>
<body>
<pre>
<h1>µVision Build Log</h1>
<h2>Tool Versions:</h2>
IDE-Version: µVision V5.26.2.0
Copyright (C) 2018 ARM Ltd and ARM Germany GmbH. All rights reserved.
License Information: 1 2, 3, LIC=----
 
Tool Versions:
Toolchain:       MDK-Lite  Version: 5.26.2.0
Toolchain Path:  C:\Keil_v5\ARM\ARMCC\Bin
C Compiler:      Armcc.exe V5.06 update 6 (build 750)
Assembler:       Armasm.exe V5.06 update 6 (build 750)
Linker/Locator:  ArmLink.exe V5.06 update 6 (build 750)
Library Manager: ArmAr.exe V5.06 update 6 (build 750)
Hex Converter:   FromElf.exe V5.06 update 6 (build 750)
CPU DLL:         SARMCM3.DLL V5.26.2.0
Dialog DLL:      DCM.DLL V1.17.2.0
Target DLL:      STLink\ST-LINKIII-KEIL_SWO.dll V3.0.5.0
Dialog DLL:      TCM.DLL V1.36.1.0
 
<h2>Project:</h2>
F:\Mega\ponkin-prjs\Milandr\Keil\online practice\lab_1\lab_1.uvprojx
Project File Date:  01/29/2020

<h2>Output:</h2>
*** Using Compiler 'V5.06 update 6 (build 750)', folder: 'C:\Keil_v5\ARM\ARMCC\Bin'
Rebuild target 'Target 1'
compiling milkites_adc.c...
src\c\milkites_adc.c(57): warning:  #1-D: last line of file ends without a newline
  }
src\c\milkites_adc.c: 1 warning, 0 errors
compiling main.c...
.\src\h\milkites_delay.h(21): warning:  #1-D: last line of file ends without a newline
  #endif	/* __MILKITES_DELAY_H__ */
.\src\h\milkites_display.h(229): warning:  #1-D: last line of file ends without a newline
  		
main.c(46): warning:  #550-D: variable "current"  was set but never used
  		uint32_t current; 				// создание переменной current
main.c(69): warning:  #1-D: last line of file ends without a newline
  } 
main.c(15): warning:  #177-D: variable "ch_2_counts"  was declared but never referenced
  	uint32_t ch_2_counts = 0, ch_3_counts = 0, ch_5_counts = 0, ch_6_counts = 0; 										// переменная результата преобразования АЦП
main.c(15): warning:  #177-D: variable "ch_3_counts"  was declared but never referenced
  	uint32_t ch_2_counts = 0, ch_3_counts = 0, ch_5_counts = 0, ch_6_counts = 0; 										// переменная результата преобразования АЦП
main.c(15): warning:  #177-D: variable "ch_5_counts"  was declared but never referenced
  	uint32_t ch_2_counts = 0, ch_3_counts = 0, ch_5_counts = 0, ch_6_counts = 0; 										// переменная результата преобразования АЦП
main.c(15): warning:  #177-D: variable "ch_6_counts"  was declared but never referenced
  	uint32_t ch_2_counts = 0, ch_3_counts = 0, ch_5_counts = 0, ch_6_counts = 0; 										// переменная результата преобразования АЦП
main.c: 8 warnings, 0 errors
compiling milkites_delay.c...
.\src\h\milkites_delay.h(21): warning:  #1-D: last line of file ends without a newline
  #endif	/* __MILKITES_DELAY_H__ */
src\c\milkites_delay.c: 1 warning, 0 errors
compiling milkites_display.c...
.\src\h\milkites_display.h(229): warning:  #1-D: last line of file ends without a newline
  		
.\src\h\milkites_spi.h(15): warning:  #1-D: last line of file ends without a newline
  	
.\src\h\milkites_delay.h(21): warning:  #1-D: last line of file ends without a newline
  #endif	/* __MILKITES_DELAY_H__ */
src\c\milkites_display.c: 3 warnings, 0 errors
assembling startup_MDR32F9Qx.s...
compiling milkites_spi.c...
.\src\h\milkites_spi.h(15): warning:  #1-D: last line of file ends without a newline
  	
src\c\milkites_spi.c(11): warning:  #2532-D: support for trigraphs is disabled
src\c\milkites_spi.c: 2 warnings, 0 errors
compiling system_MDR32F9Qx.c...
compiling MDR32F9Qx_port.c...
compiling MDR32F9Qx_rst_clk.c...
linking...
Program Size: Code=1248 RO-data=224 RW-data=32 ZI-data=1632  
FromELF: creating hex file...
".\Objects\lab_1.axf" - 0 Error(s), 15 Warning(s).

<h2>Software Packages used:</h2>

Package Vendor: ARM
                http://www.keil.com/pack/ARM.CMSIS.5.6.0.pack
                ARM.CMSIS.5.6.0
                CMSIS (Cortex Microcontroller Software Interface Standard)
   * Component: CORE Version: 5.3.0

Package Vendor: Keil
                http://www.keil.com/pack/Keil.MDR1986BExx.1.51.pack
                Keil.MDR1986BExx.1.51
                Milandr MDR1986BExx Series Device Support, Drivers and Examples
   * Component: Startup Version: 1.5
   * Component: PORT Version: 1.5
   * Component: RST_CLK Version: 1.5

<h2>Collection of Component include folders:</h2>
  .\RTE\Device\MDR1986BE91
  .\RTE\_Target_1
  C:\Keil_v5\ARM\PACK\ARM\CMSIS\5.6.0\CMSIS\Core\Include
  C:\Keil_v5\ARM\PACK\Keil\MDR1986BExx\1.51\Config
  C:\Keil_v5\ARM\PACK\Keil\MDR1986BExx\1.51\Libraries\CMSIS\CM3\CoreSupport
  C:\Keil_v5\ARM\PACK\Keil\MDR1986BExx\1.51\Libraries\CMSIS\CM3\DeviceSupport\MDR32F9Qx\inc
  C:\Keil_v5\ARM\PACK\Keil\MDR1986BExx\1.51\Libraries\MDR32F9Qx_StdPeriph_Driver\inc

<h2>Collection of Component Files used:</h2>

   * Component: ARM::CMSIS:CORE:5.3.0

   * Component: Keil::Device:Startup:1.5
      Source file:   Libraries\CMSIS\CM3\DeviceSupport\MDR32F9Qx\startup\arm\system_MDR32F9Qx.c
      Include file:  Libraries\CMSIS\CM3\DeviceSupport\MDR32F9Qx\startup\arm\system_MDR32F9Qx.h
      Source file:   Libraries\CMSIS\CM3\DeviceSupport\MDR32F9Qx\startup\arm\startup_MDR32F9Qx.s
      Include file:  Config\MDR32F9Qx_config.h
      Include file:  Libraries\CMSIS\CM3\CoreSupport\core_cm3.h

   * Component: Keil::Drivers:PORT:1.5
      Source file:   Libraries\MDR32F9Qx_StdPeriph_Driver\src\MDR32F9Qx_port.c
      Include file:  Libraries\MDR32F9Qx_StdPeriph_Driver\inc\MDR32F9Qx_port.h

   * Component: Keil::Drivers:RST_CLK:1.5
      Include file:  Libraries\MDR32F9Qx_StdPeriph_Driver\inc\MDR32F9Qx_rst_clk.h
      Source file:   Libraries\MDR32F9Qx_StdPeriph_Driver\src\MDR32F9Qx_rst_clk.c
Build Time Elapsed:  00:00:01
</pre>
</body>
</html>
