<html>
<body>
<pre>
<h1>µVision Build Log</h1>
<h2>Tool Versions:</h2>
IDE-Version: µVision V5.21.0.0
Copyright (C) 2016 ARM Ltd and ARM Germany GmbH. All rights reserved.
License Information: pdm Microsoft, Microsoft, LIC=Y2B45-GV99E-8YNVV-PZWZT-8ZHPK-18WB5
 
Tool Versions:
Toolchain:       MDK-ARM Professional  Version: 5.21
Toolchain Path:  C:\Keil_v5\ARM\ARMCC\Bin
C Compiler:      Armcc.exe V5.06 update 3 (build 300)
Assembler:       Armasm.exe V5.06 update 3 (build 300)
Linker/Locator:  ArmLink.exe V5.06 update 3 (build 300)
Library Manager: ArmAr.exe V5.06 update 3 (build 300)
Hex Converter:   FromElf.exe V5.06 update 3 (build 300)
CPU DLL:         SARMCM3.DLL V5.21
Dialog DLL:      DCM.DLL V1.13.8.0
Target DLL:      UL2CM3.DLL V1.158.5.0
Dialog DLL:      TCM.DLL V1.14.14.0
 
<h2>Project:</h2>
E:\work\Projects\ponkin\Milandr\keil\test_prj_1\test_1.uvprojx
Project File Date:  01/01/2017

<h2>Output:</h2>
*** Using Compiler 'V5.06 update 3 (build 300)', folder: 'C:\Keil_v5\ARM\ARMCC\Bin'
Rebuild target 'Target 1'
assembling startup_MDR32F9Qx.s...
compiling main.c...
.\libs\milkites_spi.h(76): warning:  #1-D: last line of file ends without a newline
  	
.\libs\MT_12864B_LCD.h(538): warning:  #1-D: last line of file ends without a newline
  		
main.c: 2 warnings, 0 errors
compiling MDR32F9Qx_port.c...
compiling system_MDR32F9Qx.c...
compiling MDR32F9Qx_rst_clk.c...
linking...
Program Size: Code=3136 RO-data=1956 RW-data=32 ZI-data=1632  
FromELF: creating hex file...
".\Objects\test_1.axf" - 0 Error(s), 2 Warning(s).

<h2>Software Packages used:</h2>

Package Vendor: ARM
                http://www.keil.com/pack/ARM.CMSIS.4.5.0.pack
                ARM::CMSIS:CORE:4.3.0
                CMSIS (Cortex Microcontroller Software Interface Standard)
   * Component: CORE Version: 4.3.0

Package Vendor: Milandr
                https://github.com/in4lio/mdr1986x-pack-repo/raw/master/Milandr.MDR1986BExx.1.4.2.pack
                Milandr::Device:Startup:1.3.1
                Milandr MDR1986BExx Series Device Support, Drivers and Examples
   * Component: Startup Version: 1.3.1
   * Component: PORT Version: 1.3.1
   * Component: RST_CLK Version: 1.3.1

<h2>Collection of Component include folders:</h2>
  E:\work\Projects\ponkin\Milandr\keil\test_prj_1\RTE
  E:\work\Projects\ponkin\Milandr\keil\test_prj_1\RTE\Device\MDR1986BE92
  C:\Keil_v5\ARM\PACK\ARM\CMSIS\4.5.0\CMSIS\Include
  C:\Keil_v5\ARM\PACK\Milandr\MDR1986BExx\1.4.2\Config
  C:\Keil_v5\ARM\PACK\Milandr\MDR1986BExx\1.4.2\Libraries\CMSIS\CM3\CoreSupport
  C:\Keil_v5\ARM\PACK\Milandr\MDR1986BExx\1.4.2\Libraries\CMSIS\CM3\DeviceSupport\MDR32F9Qx\inc
  C:\Keil_v5\ARM\PACK\Milandr\MDR1986BExx\1.4.2\Libraries\MDR32F9Qx_StdPeriph_Driver\inc

<h2>Collection of Component Files used:</h2>

   * Component: ARM::CMSIS:CORE:4.3.0

   * Component: Milandr::Device:Startup:1.3.1
      Source file:   Libraries\CMSIS\CM3\DeviceSupport\MDR32F9Qx\startup\arm\startup_MDR32F9Qx.s
      Source file:   Libraries\CMSIS\CM3\DeviceSupport\MDR32F9Qx\startup\system_MDR32F9Qx.c
      Include file:  Libraries\CMSIS\CM3\DeviceSupport\MDR32F9Qx\startup\system_MDR32F9Qx.h
      Include file:  Libraries\CMSIS\CM3\CoreSupport\core_cm3.h
      Include file:  Config\MDR32F9Qx_config.h
      Include file:  CMSIS_Driver\MDR1986VE9X\Config\RTE_Device.h

   * Component: Milandr::Drivers:PORT:1.3.1
      Include file:  Libraries\MDR32F9Qx_StdPeriph_Driver\inc\MDR32F9Qx_port.h
      Source file:   Libraries\MDR32F9Qx_StdPeriph_Driver\src\MDR32F9Qx_port.c

   * Component: Milandr::Drivers:RST_CLK:1.3.1
      Include file:  Libraries\MDR32F9Qx_StdPeriph_Driver\inc\MDR32F9Qx_rst_clk.h
      Source file:   Libraries\MDR32F9Qx_StdPeriph_Driver\src\MDR32F9Qx_rst_clk.c
Build Time Elapsed:  00:00:02
</pre>
</body>
</html>
